holdout days (7): ['20260818', '20260825', '20260901', '20260909', '20260916', '20260923', '20260929']
ledger work\review_ledger.csv: 8763 effective items; screen stage {'ok': 7152, 'drift': 1550, '-': 22, 'artifact': 28, 'relabeled': 11}; label stage {'label_ok': 7139, '-': 1573, 'label_fixed': 28, 'label_unsure': 23}
needs_verify from work\queues: 7702 queued items, 1276 need verification (1208 verified so far)
legacy-trusted: 2413 crops (0 unparseable names skipped, 0 duplicate keys skipped); hand-culled list: 1553; b3_derive: 82795 crops; validation_labeled: 240 crops
existing top level of joes-samples: 6812 jpgs, of which 1 are in neither legacy source nor an ok-ledger row (derived-only; dropped)
candidates: b3_crops=6242, b3_missing_in_derive_hour_fallback=0, culled_but_rereviewed_ok=3, ledger_artifact=28, ledger_drift=1465, ledger_holdout_rows=875, ledger_label_unsure=23, ledger_ok=6361, ledger_ok+label_fixed=24, ledger_ok+label_ok=6337, ledger_overrides_legacy_label=1, ledger_relabeled=11, ledger_relabeled+label_fixed=1, ledger_relabeled+label_ok=10, legacy_culled=35, legacy_rejected_by_ledger=10, legacy_untouched=2363

=== per (pos, class, bucket): available > selected ===
pos   lbl |       day |     trans |     flash |   sel  flash%
dig2    0 |     52>52 |     45>40 |     87>80 |   172     47%
dig2    5 |     70>60 |     52>40 |    296>80 |   180     44%
dig2    8 |     61>60 |     46>40 |    188>80 |   180     44%
dig2    N |     45>45 |     46>40 |     50>50 |   135     37%
dig3    0 |     48>48 |     46>40 |     93>80 |   168     48%
dig3    7 |     54>54 |     29>29 |    256>80 |   163     49%
dig3    8 |     55>55 |     46>40 |    196>80 |   175     46%
dig3    9 |     70>60 |     60>40 |     93>80 |   180     44%
dig3    N |     48>48 |     46>40 |     53>53 |   141     38%
dig4    0 |     50>50 |     44>40 |     89>80 |   170     47%
dig4    1 |     55>55 |     46>40 |     92>80 |   175     46%
dig4    2 |     53>53 |     46>40 |     93>80 |   173     46%
dig4    3 |     62>60 |     46>40 |     92>80 |   180     44%
dig4    4 |     55>55 |     46>40 |     92>80 |   175     46%
dig4    5 |     62>60 |     49>40 |    179>80 |   180     44%
dig4    6 |     17>17 |     43>40 |    179>80 |   137     58%
dig4    7 |     52>52 |     46>40 |     86>80 |   172     47%
dig4    8 |     68>60 |     44>40 |    193>80 |   180     44%
dig4    9 |     64>60 |     45>40 |     92>80 |   180     44%
dig4    N |     46>46 |     49>40 |     51>51 |   137     37%
dig5    0 |     64>60 |     46>40 |     72>72 |   172     42%
dig5    1 |     68>60 |     46>40 |    102>80 |   180     44%
dig5    2 |     65>60 |     45>40 |     83>80 |   180     44%
dig5    3 |     54>54 |     45>40 |    159>80 |   174     46%
dig5    4 |     65>60 |     45>40 |     77>77 |   177     44%
dig5    5 |     56>56 |     48>40 |    101>80 |   176     45%
dig5    6 |     57>57 |     46>40 |     96>80 |   177     45%
dig5    7 |     58>58 |     48>40 |    105>80 |   178     45%
dig5    8 |     50>50 |     55>40 |    208>80 |   170     47%
dig5    9 |     55>55 |     38>38 |     83>80 |   173     46%
dig6    0 |     57>57 |     44>40 |     64>64 |   161     40%
dig6    1 |     56>56 |     49>40 |     94>80 |   176     45%
dig6    2 |     67>60 |     46>40 |     92>80 |   180     44%
dig6    3 |     62>60 |     46>40 |    128>80 |   180     44%
dig6    4 |     62>60 |     40>40 |     64>64 |   164     39%
dig6    5 |     73>60 |     61>40 |    112>80 |   180     44%
dig6    6 |     38>38 |     40>40 |     42>42 |   120     35%
dig6    7 |     59>59 |     46>40 |    141>80 |   179     45%
dig6    8 |     61>60 |     39>39 |    106>80 |   179     45%
dig6    9 |     88>60 |     50>40 |    111>80 |   180     44%

=== per-class flash share (selected) ===
   0: n=843   day=267  trans=200  flash=376  flash%= 45
   1: n=531   day=171  trans=120  flash=240  flash%= 45
   2: n=533   day=173  trans=120  flash=240  flash%= 45
   3: n=534   day=174  trans=120  flash=240  flash%= 45
   4: n=516   day=175  trans=120  flash=221  flash%= 43
   5: n=716   day=236  trans=160  flash=320  flash%= 45
   6: n=434   day=112  trans=120  flash=202  flash%= 47
   7: n=692   day=223  trans=149  flash=320  flash%= 46
   8: n=884   day=285  trans=199  flash=400  flash%= 45
   9: n=713   day=235  trans=158  flash=320  flash%= 45
   N: n=413   day=139  trans=120  flash=154  flash%= 37
  ALL: n=6809  flash%=45  spread across classes 37%..47%

=== provenance (selected) ===
  legacy=1608  ledger=5201 (of which also legacy-trusted: 5)
  verdicts: (legacy, no ledger row)=1608, ok=5194, relabeled=7
  b3 crops: 5121

=== test-screen share, classes 0 / 8 (selected) ===
  class 0: 362/843 = 43% test-screen
      dig2: 172/172 = 100%
      dig3: 168/168 = 100%
      dig4: 7/170 = 4%
      dig5: 9/172 = 5%
      dig6: 6/161 = 4%
  class 8: 307/884 = 35% test-screen
      dig2: 180/180 = 100%
      dig3: 30/175 = 17%
      dig4: 32/180 = 18%
      dig5: 47/170 = 28%
      dig6: 18/179 = 10%

caps: day 60 / transition 40 / flash 80; test-share 0.3; flash-ratio 1.0; seed 20260807
pool 8735 -> selected 6809

test-only (pos,class) exempt from the share cap (3):
  dig2 class 0 (184/184 test-screen)
  dig2 class 8 (295/295 test-screen)
  dig3 class 0 (187/187 test-screen)

rejected by ledger (non-holdout): 1516; new lines for work\culled.txt: 1

holdout export -> work\holdout_b3: 158 complete frames (790 crops); dropped whole: 17 frame(s) with a rejected crop, 0 frame(s) with an unverified/unscreened crop (0 awaiting verification), 0 incomplete frame(s)
  rejected frame 20260818-090158: dig2:drift, dig3:drift, dig4:drift, dig5:drift, dig6:drift
  rejected frame 20260818-095758: dig2:drift, dig3:drift, dig4:drift, dig5:drift, dig6:drift
  rejected frame 20260818-103358: dig2:drift, dig3:drift, dig4:drift, dig5:drift, dig6:drift
  rejected frame 20260818-112158: dig2:drift, dig3:drift, dig4:drift, dig5:drift, dig6:drift
  rejected frame 20260818-124958: dig2:drift, dig3:drift, dig4:drift, dig5:drift, dig6:drift
  rejected frame 20260818-234957: dig2:drift, dig3:drift, dig4:drift, dig5:drift, dig6:drift
  rejected frame 20260825-103345: dig2:drift, dig3:drift, dig4:drift, dig5:drift, dig6:drift
  rejected frame 20260825-111745: dig2:drift, dig3:drift, dig4:drift, dig5:drift, dig6:drift
  rejected frame 20260825-143744: dig2:drift, dig3:drift, dig4:drift, dig5:drift, dig6:drift
  rejected frame 20260901-002533: dig2:drift, dig3:drift, dig4:drift, dig5:drift, dig6:drift
  rejected frame 20260901-020133: dig2:drift, dig3:drift, dig4:drift, dig5:drift, dig6:drift
  rejected frame 20260901-093732: dig2:drift, dig3:drift, dig4:drift, dig5:drift, dig6:drift
  rejected frame 20260901-111332: dig2:drift, dig3:drift, dig4:drift, dig5:drift, dig6:drift
  rejected frame 20260901-134532: dig2:drift, dig3:drift, dig4:drift, dig5:drift, dig6:drift
  rejected frame 20260901-143732: dig2:drift, dig3:drift, dig4:drift, dig5:drift, dig6:drift
  rejected frame 20260901-150932: dig2:drift, dig3:drift, dig4:drift, dig5:drift, dig6:drift
  rejected frame 20260929-123039: dig2:drift, dig3:drift, dig4:drift, dig5:drift, dig6:drift

backed up 6812 jpg(s) -> joes-samples\_backup_20261003-141702
cleared 6812 existing *.jpg, wrote 6809 -> joes-samples
manifest -> work\corpus_manifest.csv
appended 1 to work\culled.txt, 1 to work\culled_reasons.csv
holdout: wrote 790 -> work\holdout_b3
done in 9.3s
