holdout days (7): ['20260818', '20260825', '20260901', '20260909', '20260916', '20260923', '20260929']
ledger work\review_ledger.csv: 8775 effective items; screen stage {'ok': 7148, 'drift': 1555, '-': 29, 'artifact': 32, 'relabeled': 11}; label stage {'label_ok': 7096, 'label_fixed': 67, '-': 1578, 'label_unsure': 34}
needs_verify from work\queues: 7710 queued items, 1351 need verification (1271 verified so far)
legacy-trusted: 2413 crops (0 unparseable names skipped, 0 duplicate keys skipped); hand-culled list: 1554; b3_derive: 82795 crops; validation_labeled: 240 crops
existing top level of joes-samples: 6809 jpgs, of which 12 are in neither legacy source nor an ok-ledger row (derived-only; dropped)
candidates: b3_crops=6234, b3_missing_in_derive_hour_fallback=0, culled_but_rereviewed_ok=3, ledger_artifact=32, ledger_drift=1470, ledger_holdout_rows=875, ledger_label_unsure=32, ledger_ok=6349, ledger_ok+label_fixed=62, ledger_ok+label_ok=6287, ledger_overrides_legacy_label=1, ledger_pending_not_screened=6, ledger_relabeled=11, ledger_relabeled+label_fixed=1, ledger_relabeled+label_ok=10, legacy_culled=35, legacy_pending_in_ledger=6, legacy_rejected_by_ledger=14, legacy_untouched=2353

=== per (pos, class, bucket): available > selected ===
pos   lbl |       day |     trans |     flash |   sel  flash%
dig2    0 |     52>52 |     45>40 |     86>80 |   172     47%
dig2    5 |     70>60 |     52>40 |    297>80 |   180     44%
dig2    8 |     61>60 |     46>40 |    187>80 |   180     44%
dig2    N |     45>45 |     46>40 |     50>50 |   135     37%
dig3    0 |     48>48 |     46>40 |     93>80 |   168     48%
dig3    7 |     54>54 |     29>29 |    256>80 |   163     49%
dig3    8 |     55>55 |     46>40 |    195>80 |   175     46%
dig3    9 |     70>60 |     60>40 |     93>80 |   180     44%
dig3    N |     48>48 |     46>40 |     53>53 |   141     38%
dig4    0 |     50>50 |     44>40 |     89>80 |   170     47%
dig4    1 |     55>55 |     46>40 |     92>80 |   175     46%
dig4    2 |     53>53 |     46>40 |     92>80 |   173     46%
dig4    3 |     62>60 |     46>40 |     92>80 |   180     44%
dig4    4 |     55>55 |     46>40 |     92>80 |   175     46%
dig4    5 |     62>60 |     49>40 |    179>80 |   180     44%
dig4    6 |     17>17 |     43>40 |    179>80 |   137     58%
dig4    7 |     52>52 |     46>40 |     86>80 |   172     47%
dig4    8 |     68>60 |     44>40 |    193>80 |   180     44%
dig4    9 |     64>60 |     45>40 |     92>80 |   180     44%
dig4    N |     46>46 |     49>40 |     51>51 |   137     37%
dig5    0 |     66>60 |     48>40 |     72>72 |   172     42%
dig5    1 |     68>60 |     46>40 |    102>80 |   180     44%
dig5    2 |     65>60 |     45>40 |     83>80 |   180     44%
dig5    3 |     54>54 |     44>40 |    159>80 |   174     46%
dig5    4 |     65>60 |     45>40 |     77>77 |   177     44%
dig5    5 |     56>56 |     48>40 |    101>80 |   176     45%
dig5    6 |     57>57 |     46>40 |     96>80 |   177     45%
dig5    7 |     58>58 |     48>40 |    102>80 |   178     45%
dig5    8 |     48>48 |     53>40 |    208>80 |   168     48%
dig5    9 |     55>55 |     38>38 |     83>80 |   173     46%
dig6    0 |     57>57 |     44>40 |     59>59 |   156     38%
dig6    1 |     56>56 |     49>40 |     94>80 |   176     45%
dig6    2 |     67>60 |     45>40 |     89>80 |   180     44%
dig6    3 |     62>60 |     47>40 |    130>80 |   180     44%
dig6    4 |     62>60 |     40>40 |     65>65 |   165     39%
dig6    5 |     73>60 |     61>40 |    115>80 |   180     44%
dig6    6 |     38>38 |     40>40 |     32>32 |   110     29%
dig6    7 |     59>59 |     46>40 |    142>80 |   179     45%
dig6    8 |     61>60 |     37>37 |    102>80 |   177     45%
dig6    9 |     88>60 |     52>40 |    111>80 |   180     44%

=== per-class flash share (selected) ===
   0: n=838   day=267  trans=200  flash=371  flash%= 44
   1: n=531   day=171  trans=120  flash=240  flash%= 45
   2: n=533   day=173  trans=120  flash=240  flash%= 45
   3: n=534   day=174  trans=120  flash=240  flash%= 45
   4: n=517   day=175  trans=120  flash=222  flash%= 43
   5: n=716   day=236  trans=160  flash=320  flash%= 45
   6: n=424   day=112  trans=120  flash=192  flash%= 45
   7: n=692   day=223  trans=149  flash=320  flash%= 46
   8: n=880   day=283  trans=197  flash=400  flash%= 45
   9: n=713   day=235  trans=158  flash=320  flash%= 45
   N: n=413   day=139  trans=120  flash=154  flash%= 37
  ALL: n=6791  flash%=44  spread across classes 37%..46%

=== provenance (selected) ===
  legacy=1601  ledger=5190 (of which also legacy-trusted: 5)
  verdicts: (legacy, no ledger row)=1601, ok=5182, relabeled=8
  b3 crops: 5114

=== test-screen share, classes 0 / 8 (selected) ===
  class 0: 366/838 = 44% test-screen
      dig2: 172/172 = 100%
      dig3: 168/168 = 100%
      dig4: 7/170 = 4%
      dig5: 13/172 = 8%
      dig6: 6/156 = 4%
  class 8: 303/880 = 34% test-screen
      dig2: 180/180 = 100%
      dig3: 30/175 = 17%
      dig4: 32/180 = 18%
      dig5: 45/168 = 27%
      dig6: 16/177 = 9%

caps: day 60 / transition 40 / flash 80; test-share 0.3; flash-ratio 1.0; seed 20260807
pool 8713 -> selected 6791

test-only (pos,class) exempt from the share cap (3):
  dig2 class 0 (183/183 test-screen)
  dig2 class 8 (294/294 test-screen)
  dig3 class 0 (187/187 test-screen)

rejected by ledger (non-holdout): 1534; new lines for work\culled.txt: 18

holdout export -> work\holdout_b3: 156 complete frames (780 crops); dropped whole: 19 frame(s) with a rejected crop, 0 frame(s) with an unverified/unscreened crop (0 awaiting verification), 0 incomplete frame(s)
  rejected frame 20260818-090158: dig2:drift, dig3:drift, dig4:drift, dig5:drift, dig6:drift
  rejected frame 20260818-095758: dig2:drift, dig3:drift, dig4:drift, dig5:drift, dig6:drift
  rejected frame 20260818-103358: dig2:drift, dig3:drift, dig4:drift, dig5:drift, dig6:drift
  rejected frame 20260818-112158: dig2:drift, dig3:drift, dig4:drift, dig5:drift, dig6:drift
  rejected frame 20260818-124958: dig2:drift, dig3:drift, dig4:drift, dig5:drift, dig6:drift
  rejected frame 20260818-234957: dig2:drift, dig3:drift, dig4:drift, dig5:drift, dig6:drift
  rejected frame 20260825-015346: dig6:label_unsure
  rejected frame 20260825-103345: dig2:drift, dig3:drift, dig4:drift, dig5:drift, dig6:drift
  rejected frame 20260825-111745: dig2:drift, dig3:drift, dig4:drift, dig5:drift, dig6:drift
  rejected frame 20260825-143744: dig2:drift, dig3:drift, dig4:drift, dig5:drift, dig6:drift
  rejected frame 20260901-002533: dig2:drift, dig3:drift, dig4:drift, dig5:drift, dig6:drift
  rejected frame 20260901-020133: dig2:drift, dig3:drift, dig4:drift, dig5:drift, dig6:drift
  rejected frame 20260901-093732: dig2:drift, dig3:drift, dig4:drift, dig5:drift, dig6:drift
  rejected frame 20260901-111332: dig2:drift, dig3:drift, dig4:drift, dig5:drift, dig6:drift
  rejected frame 20260901-134532: dig2:drift, dig3:drift, dig4:drift, dig5:drift, dig6:drift
  rejected frame 20260901-143732: dig2:drift, dig3:drift, dig4:drift, dig5:drift, dig6:drift
  rejected frame 20260901-150932: dig2:drift, dig3:drift, dig4:drift, dig5:drift, dig6:drift
  rejected frame 20260923-025323: dig6:label_unsure
  rejected frame 20260929-123039: dig2:drift, dig3:drift, dig4:drift, dig5:drift, dig6:drift

backed up 6809 jpg(s) -> joes-samples\_backup_20261003-182230
cleared 6809 existing *.jpg, wrote 6791 -> joes-samples
manifest -> work\corpus_manifest.csv
appended 18 to work\culled.txt, 18 to work\culled_reasons.csv
holdout: wrote 780 -> work\holdout_b3
done in 12.1s
