WARNING: All log messages before absl::InitializeLog() is called are written to STDERR
I0000 00:00:1791056164.189707   34824 port.cc:153] oneDNN custom operations are on. You may see slightly different numerical results due to floating-point round-off errors from different computation orders. To turn them off, set the environment variable `TF_ENABLE_ONEDNN_OPTS=0`.
WARNING: All log messages before absl::InitializeLog() is called are written to STDERR
I0000 00:00:1791056169.393816   34824 port.cc:153] oneDNN custom operations are on. You may see slightly different numerical results due to floating-point round-off errors from different computation orders. To turn them off, set the environment variable `TF_ENABLE_ONEDNN_OPTS=0`.
WARNING:tensorflow:TensorFlow GPU support is not available on native Windows for TensorFlow >= 2.11. Even if CUDA/cuDNN are installed, GPU will not be used. Please use WSL2 or the TensorFlow-DirectML plugin.
dig-class11 graph: 88023 params
upstream 03_data_resize_all-use_for_training: 1290 images
user     04_joe_lcd_20x32: 6809 images (4644 frames)

fold layout (4644 user frames, k=5):
  fold         kwh    test8    zeros  blank09   frames
  0            676       82      132       66      956
  1            677       75      100       59      911
  2            652      109      107       58      926
  3            617      125      106       65      913
  4            684       76      110       68      938

running ONLY fold 4 of 5

=== fold 4/5: train 6691 (1290 upstream + 5401 user x1), val 1408 user images ===
Epoch 1/300
1673/1673 - 12s - 7ms/step - accuracy: 0.1393 - loss: 2.3549 - val_accuracy: 0.2976 - val_loss: 1.8102
Epoch 2/300
1673/1673 - 9s - 6ms/step - accuracy: 0.4273 - loss: 1.6601 - val_accuracy: 0.6847 - val_loss: 0.7203
Epoch 3/300
1673/1673 - 9s - 6ms/step - accuracy: 0.5397 - loss: 1.3161 - val_accuracy: 0.5945 - val_loss: 0.8378
Epoch 4/300
1673/1673 - 9s - 6ms/step - accuracy: 0.5850 - loss: 1.1848 - val_accuracy: 0.8551 - val_loss: 0.4463
Epoch 5/300
1673/1673 - 9s - 6ms/step - accuracy: 0.6261 - loss: 1.0989 - val_accuracy: 0.9205 - val_loss: 0.2793
Epoch 6/300
1673/1673 - 9s - 6ms/step - accuracy: 0.6468 - loss: 1.0427 - val_accuracy: 0.9538 - val_loss: 0.1945
Epoch 7/300
1673/1673 - 9s - 6ms/step - accuracy: 0.6736 - loss: 0.9700 - val_accuracy: 0.9226 - val_loss: 0.2039
Epoch 8/300
1673/1673 - 9s - 6ms/step - accuracy: 0.6885 - loss: 0.9221 - val_accuracy: 0.9247 - val_loss: 0.1919
Epoch 9/300
1673/1673 - 9s - 6ms/step - accuracy: 0.6966 - loss: 0.8945 - val_accuracy: 0.9268 - val_loss: 0.1849
Epoch 10/300
1673/1673 - 9s - 5ms/step - accuracy: 0.7074 - loss: 0.8545 - val_accuracy: 0.9247 - val_loss: 0.1999
Epoch 11/300
1673/1673 - 9s - 6ms/step - accuracy: 0.7171 - loss: 0.8313 - val_accuracy: 0.9411 - val_loss: 0.1553
Epoch 12/300
1673/1673 - 9s - 6ms/step - accuracy: 0.7234 - loss: 0.8277 - val_accuracy: 0.9538 - val_loss: 0.1541
Epoch 13/300
1673/1673 - 9s - 6ms/step - accuracy: 0.7292 - loss: 0.7959 - val_accuracy: 0.9503 - val_loss: 0.1521
Epoch 14/300
1673/1673 - 9s - 6ms/step - accuracy: 0.7311 - loss: 0.8018 - val_accuracy: 0.9602 - val_loss: 0.1319
Epoch 15/300
1673/1673 - 9s - 6ms/step - accuracy: 0.7347 - loss: 0.7938 - val_accuracy: 0.9638 - val_loss: 0.1043
Epoch 16/300
1673/1673 - 9s - 6ms/step - accuracy: 0.7344 - loss: 0.7922 - val_accuracy: 0.9560 - val_loss: 0.1311
Epoch 17/300
1673/1673 - 9s - 6ms/step - accuracy: 0.7468 - loss: 0.7709 - val_accuracy: 0.9730 - val_loss: 0.1214
Epoch 18/300
1673/1673 - 9s - 5ms/step - accuracy: 0.7494 - loss: 0.7555 - val_accuracy: 0.9602 - val_loss: 0.1338
Epoch 19/300
1673/1673 - 9s - 6ms/step - accuracy: 0.7537 - loss: 0.7506 - val_accuracy: 0.9304 - val_loss: 0.1745
Epoch 20/300
1673/1673 - 9s - 6ms/step - accuracy: 0.7637 - loss: 0.7154 - val_accuracy: 0.9673 - val_loss: 0.1197
Epoch 21/300
1673/1673 - 9s - 6ms/step - accuracy: 0.7489 - loss: 0.7320 - val_accuracy: 0.9631 - val_loss: 0.1300
Epoch 22/300
1673/1673 - 9s - 6ms/step - accuracy: 0.7459 - loss: 0.7496 - val_accuracy: 0.9574 - val_loss: 0.1356
Epoch 23/300
1673/1673 - 9s - 6ms/step - accuracy: 0.7621 - loss: 0.7064 - val_accuracy: 0.9517 - val_loss: 0.1349
Epoch 24/300
1673/1673 - 9s - 6ms/step - accuracy: 0.7601 - loss: 0.7128 - val_accuracy: 0.9581 - val_loss: 0.1137
Epoch 25/300
1673/1673 - 9s - 6ms/step - accuracy: 0.7546 - loss: 0.7220 - val_accuracy: 0.9652 - val_loss: 0.1193
Epoch 26/300
1673/1673 - 9s - 6ms/step - accuracy: 0.7663 - loss: 0.6949 - val_accuracy: 0.9659 - val_loss: 0.1077
Epoch 27/300
1673/1673 - 9s - 6ms/step - accuracy: 0.7585 - loss: 0.7137 - val_accuracy: 0.9652 - val_loss: 0.1127
Epoch 28/300
1673/1673 - 9s - 6ms/step - accuracy: 0.7558 - loss: 0.7220 - val_accuracy: 0.9645 - val_loss: 0.1249
Epoch 29/300
1673/1673 - 9s - 6ms/step - accuracy: 0.7604 - loss: 0.7098 - val_accuracy: 0.9588 - val_loss: 0.1201
Epoch 30/300
1673/1673 - 9s - 5ms/step - accuracy: 0.7739 - loss: 0.6901 - val_accuracy: 0.9659 - val_loss: 0.1135
Epoch 31/300
1673/1673 - 10s - 6ms/step - accuracy: 0.7749 - loss: 0.6703 - val_accuracy: 0.9602 - val_loss: 0.1420
Epoch 32/300
1673/1673 - 9s - 6ms/step - accuracy: 0.7648 - loss: 0.6977 - val_accuracy: 0.9645 - val_loss: 0.1156
Epoch 33/300
1673/1673 - 9s - 5ms/step - accuracy: 0.7707 - loss: 0.6960 - val_accuracy: 0.9574 - val_loss: 0.1391
Epoch 34/300
1673/1673 - 9s - 6ms/step - accuracy: 0.7846 - loss: 0.6659 - val_accuracy: 0.9723 - val_loss: 0.0936
Epoch 35/300
1673/1673 - 10s - 6ms/step - accuracy: 0.7707 - loss: 0.6828 - val_accuracy: 0.9680 - val_loss: 0.1138
Epoch 36/300
1673/1673 - 9s - 6ms/step - accuracy: 0.7697 - loss: 0.6893 - val_accuracy: 0.9624 - val_loss: 0.1166
Epoch 37/300
1673/1673 - 9s - 5ms/step - accuracy: 0.7686 - loss: 0.6908 - val_accuracy: 0.9659 - val_loss: 0.1270
Epoch 38/300
1673/1673 - 9s - 5ms/step - accuracy: 0.7836 - loss: 0.6635 - val_accuracy: 0.9496 - val_loss: 0.1380
Epoch 39/300
1673/1673 - 9s - 6ms/step - accuracy: 0.7657 - loss: 0.6961 - val_accuracy: 0.9595 - val_loss: 0.1213
Epoch 40/300
1673/1673 - 9s - 6ms/step - accuracy: 0.7760 - loss: 0.6550 - val_accuracy: 0.9695 - val_loss: 0.1024
Epoch 41/300
1673/1673 - 9s - 6ms/step - accuracy: 0.7698 - loss: 0.6836 - val_accuracy: 0.9794 - val_loss: 0.0926
Epoch 42/300
1673/1673 - 9s - 6ms/step - accuracy: 0.7806 - loss: 0.6570 - val_accuracy: 0.9773 - val_loss: 0.0955
Epoch 43/300
1673/1673 - 9s - 6ms/step - accuracy: 0.7757 - loss: 0.6600 - val_accuracy: 0.9801 - val_loss: 0.0934
Epoch 44/300
1673/1673 - 9s - 6ms/step - accuracy: 0.7808 - loss: 0.6664 - val_accuracy: 0.9531 - val_loss: 0.1194
Epoch 45/300
1673/1673 - 9s - 5ms/step - accuracy: 0.7791 - loss: 0.6549 - val_accuracy: 0.9659 - val_loss: 0.1113
Epoch 46/300
1673/1673 - 9s - 5ms/step - accuracy: 0.7785 - loss: 0.6622 - val_accuracy: 0.9631 - val_loss: 0.1221
Epoch 47/300
1673/1673 - 9s - 6ms/step - accuracy: 0.7758 - loss: 0.6700 - val_accuracy: 0.9709 - val_loss: 0.0928
Epoch 48/300
1673/1673 - 10s - 6ms/step - accuracy: 0.7857 - loss: 0.6580 - val_accuracy: 0.9652 - val_loss: 0.1040
Epoch 49/300
1673/1673 - 9s - 6ms/step - accuracy: 0.7866 - loss: 0.6348 - val_accuracy: 0.9766 - val_loss: 0.0969
Epoch 50/300
1673/1673 - 9s - 6ms/step - accuracy: 0.7905 - loss: 0.6455 - val_accuracy: 0.9460 - val_loss: 0.1349
Epoch 51/300
1673/1673 - 9s - 6ms/step - accuracy: 0.7760 - loss: 0.6656 - val_accuracy: 0.9595 - val_loss: 0.1381
Epoch 52/300
1673/1673 - 9s - 6ms/step - accuracy: 0.7784 - loss: 0.6677 - val_accuracy: 0.9815 - val_loss: 0.0886
Epoch 53/300
1673/1673 - 9s - 5ms/step - accuracy: 0.7830 - loss: 0.6452 - val_accuracy: 0.9680 - val_loss: 0.1084
Epoch 54/300
1673/1673 - 9s - 5ms/step - accuracy: 0.7858 - loss: 0.6574 - val_accuracy: 0.9780 - val_loss: 0.0993
Epoch 55/300
1673/1673 - 9s - 5ms/step - accuracy: 0.7836 - loss: 0.6563 - val_accuracy: 0.9716 - val_loss: 0.0920
Epoch 56/300
1673/1673 - 9s - 6ms/step - accuracy: 0.7876 - loss: 0.6404 - val_accuracy: 0.9659 - val_loss: 0.1100
Epoch 57/300
1673/1673 - 9s - 5ms/step - accuracy: 0.7816 - loss: 0.6473 - val_accuracy: 0.9709 - val_loss: 0.1121
Epoch 58/300
1673/1673 - 9s - 6ms/step - accuracy: 0.7852 - loss: 0.6561 - val_accuracy: 0.9595 - val_loss: 0.1222
Epoch 59/300
1673/1673 - 9s - 6ms/step - accuracy: 0.7908 - loss: 0.6368 - val_accuracy: 0.9730 - val_loss: 0.1044
Epoch 60/300
1673/1673 - 9s - 6ms/step - accuracy: 0.7830 - loss: 0.6562 - val_accuracy: 0.9624 - val_loss: 0.1106
Epoch 61/300
1673/1673 - 9s - 6ms/step - accuracy: 0.7864 - loss: 0.6351 - val_accuracy: 0.9773 - val_loss: 0.1006
Epoch 62/300
1673/1673 - 10s - 6ms/step - accuracy: 0.7809 - loss: 0.6635 - val_accuracy: 0.9730 - val_loss: 0.1100
Epoch 63/300
1673/1673 - 9s - 6ms/step - accuracy: 0.7869 - loss: 0.6405 - val_accuracy: 0.9744 - val_loss: 0.1158
Epoch 64/300
1673/1673 - 9s - 6ms/step - accuracy: 0.7773 - loss: 0.6745 - val_accuracy: 0.9638 - val_loss: 0.1158
Epoch 65/300
1673/1673 - 9s - 5ms/step - accuracy: 0.7920 - loss: 0.6460 - val_accuracy: 0.9737 - val_loss: 0.1037
Epoch 66/300
1673/1673 - 9s - 5ms/step - accuracy: 0.7911 - loss: 0.6378 - val_accuracy: 0.9751 - val_loss: 0.1037
Epoch 67/300
1673/1673 - 9s - 6ms/step - accuracy: 0.7905 - loss: 0.6306 - val_accuracy: 0.9581 - val_loss: 0.1254
Epoch 68/300
1673/1673 - 9s - 6ms/step - accuracy: 0.7869 - loss: 0.6620 - val_accuracy: 0.9702 - val_loss: 0.1037
Epoch 69/300
1673/1673 - 9s - 6ms/step - accuracy: 0.7770 - loss: 0.6675 - val_accuracy: 0.9730 - val_loss: 0.1165
Epoch 70/300
1673/1673 - 9s - 6ms/step - accuracy: 0.7861 - loss: 0.6564 - val_accuracy: 0.9730 - val_loss: 0.1115
Epoch 71/300
1673/1673 - 9s - 6ms/step - accuracy: 0.7806 - loss: 0.6635 - val_accuracy: 0.9553 - val_loss: 0.1352
Epoch 72/300
1673/1673 - 9s - 6ms/step - accuracy: 0.7848 - loss: 0.6525 - val_accuracy: 0.9673 - val_loss: 0.1233
Epoch 73/300
1673/1673 - 9s - 6ms/step - accuracy: 0.7932 - loss: 0.6322 - val_accuracy: 0.9766 - val_loss: 0.0990
Epoch 74/300
1673/1673 - 9s - 5ms/step - accuracy: 0.7766 - loss: 0.6636 - val_accuracy: 0.9666 - val_loss: 0.1258
Epoch 75/300
1673/1673 - 9s - 5ms/step - accuracy: 0.7887 - loss: 0.6435 - val_accuracy: 0.9766 - val_loss: 0.1076
Epoch 76/300
1673/1673 - 9s - 5ms/step - accuracy: 0.7800 - loss: 0.6506 - val_accuracy: 0.9574 - val_loss: 0.1570
Epoch 77/300
1673/1673 - 9s - 5ms/step - accuracy: 0.7845 - loss: 0.6644 - val_accuracy: 0.9673 - val_loss: 0.1142
Epoch 78/300
1673/1673 - 9s - 5ms/step - accuracy: 0.7984 - loss: 0.6284 - val_accuracy: 0.9766 - val_loss: 0.1126
Epoch 79/300
1673/1673 - 9s - 5ms/step - accuracy: 0.7854 - loss: 0.6493 - val_accuracy: 0.9510 - val_loss: 0.1316
Epoch 80/300
1673/1673 - 9s - 5ms/step - accuracy: 0.7824 - loss: 0.6611 - val_accuracy: 0.9730 - val_loss: 0.1114
Epoch 81/300
1673/1673 - 9s - 5ms/step - accuracy: 0.7806 - loss: 0.6619 - val_accuracy: 0.9673 - val_loss: 0.1275
Epoch 82/300
1673/1673 - 8s - 5ms/step - accuracy: 0.7788 - loss: 0.6705 - val_accuracy: 0.9645 - val_loss: 0.1099
Epoch 83/300
1673/1673 - 9s - 5ms/step - accuracy: 0.7813 - loss: 0.6553 - val_accuracy: 0.9737 - val_loss: 0.1075
Epoch 84/300
1673/1673 - 9s - 5ms/step - accuracy: 0.7861 - loss: 0.6571 - val_accuracy: 0.9801 - val_loss: 0.1012
Epoch 85/300
1673/1673 - 9s - 5ms/step - accuracy: 0.7778 - loss: 0.6654 - val_accuracy: 0.9503 - val_loss: 0.1428
Epoch 86/300
1673/1673 - 9s - 5ms/step - accuracy: 0.7843 - loss: 0.6582 - val_accuracy: 0.9766 - val_loss: 0.0905
Epoch 87/300
1673/1673 - 9s - 5ms/step - accuracy: 0.7908 - loss: 0.6393 - val_accuracy: 0.9716 - val_loss: 0.1024
Epoch 88/300
1673/1673 - 9s - 5ms/step - accuracy: 0.7827 - loss: 0.6615 - val_accuracy: 0.9666 - val_loss: 0.1133
Epoch 89/300
1673/1673 - 9s - 5ms/step - accuracy: 0.7794 - loss: 0.6593 - val_accuracy: 0.9652 - val_loss: 0.1202
Epoch 90/300
1673/1673 - 8s - 5ms/step - accuracy: 0.7878 - loss: 0.6498 - val_accuracy: 0.9666 - val_loss: 0.1139
Epoch 91/300
1673/1673 - 9s - 5ms/step - accuracy: 0.7897 - loss: 0.6479 - val_accuracy: 0.9780 - val_loss: 0.1009
Epoch 92/300
1673/1673 - 9s - 5ms/step - accuracy: 0.7855 - loss: 0.6576 - val_accuracy: 0.9730 - val_loss: 0.1020
Epoch 93/300
1673/1673 - 9s - 5ms/step - accuracy: 0.7930 - loss: 0.6392 - val_accuracy: 0.9787 - val_loss: 0.1066
Epoch 94/300
1673/1673 - 8s - 5ms/step - accuracy: 0.7900 - loss: 0.6501 - val_accuracy: 0.9631 - val_loss: 0.1197
Epoch 95/300
1673/1673 - 8s - 5ms/step - accuracy: 0.7863 - loss: 0.6566 - val_accuracy: 0.9780 - val_loss: 0.0897
Epoch 96/300
1673/1673 - 8s - 5ms/step - accuracy: 0.7920 - loss: 0.6590 - val_accuracy: 0.9545 - val_loss: 0.1357
Epoch 97/300
1673/1673 - 8s - 5ms/step - accuracy: 0.7866 - loss: 0.6585 - val_accuracy: 0.9709 - val_loss: 0.1097
Epoch 98/300
1673/1673 - 8s - 5ms/step - accuracy: 0.7906 - loss: 0.6343 - val_accuracy: 0.9751 - val_loss: 0.1113
Epoch 99/300
1673/1673 - 8s - 5ms/step - accuracy: 0.7703 - loss: 0.7042 - val_accuracy: 0.9751 - val_loss: 0.1121
Epoch 100/300
1673/1673 - 9s - 5ms/step - accuracy: 0.7945 - loss: 0.6559 - val_accuracy: 0.9574 - val_loss: 0.1609
Epoch 101/300
1673/1673 - 9s - 5ms/step - accuracy: 0.7870 - loss: 0.6495 - val_accuracy: 0.9666 - val_loss: 0.1273
Epoch 102/300
1673/1673 - 9s - 5ms/step - accuracy: 0.7888 - loss: 0.6566 - val_accuracy: 0.9553 - val_loss: 0.1358
Epoch 103/300
1673/1673 - 8s - 5ms/step - accuracy: 0.7736 - loss: 0.6896 - val_accuracy: 0.9751 - val_loss: 0.1147
Epoch 104/300
1673/1673 - 8s - 5ms/step - accuracy: 0.7788 - loss: 0.6789 - val_accuracy: 0.9688 - val_loss: 0.1212
Epoch 105/300
1673/1673 - 8s - 5ms/step - accuracy: 0.7806 - loss: 0.6606 - val_accuracy: 0.9744 - val_loss: 0.1060
Epoch 106/300
1673/1673 - 8s - 5ms/step - accuracy: 0.7816 - loss: 0.6724 - val_accuracy: 0.9673 - val_loss: 0.1055
Epoch 107/300
1673/1673 - 8s - 5ms/step - accuracy: 0.7848 - loss: 0.6641 - val_accuracy: 0.9801 - val_loss: 0.0930
Epoch 108/300
1673/1673 - 8s - 5ms/step - accuracy: 0.7854 - loss: 0.6417 - val_accuracy: 0.9659 - val_loss: 0.1163
Epoch 109/300
1673/1673 - 8s - 5ms/step - accuracy: 0.7842 - loss: 0.6585 - val_accuracy: 0.9567 - val_loss: 0.1201
Epoch 110/300
1673/1673 - 8s - 5ms/step - accuracy: 0.7788 - loss: 0.6759 - val_accuracy: 0.9723 - val_loss: 0.1174
Epoch 111/300
1673/1673 - 9s - 5ms/step - accuracy: 0.7917 - loss: 0.6674 - val_accuracy: 0.9673 - val_loss: 0.1189
Epoch 112/300
1673/1673 - 9s - 5ms/step - accuracy: 0.7876 - loss: 0.6487 - val_accuracy: 0.9538 - val_loss: 0.1449
Epoch 112: early stopping
Restoring model weights from the end of the best epoch: 52.
WARNING:tensorflow:From C:\Users\josep\AppData\Local\Programs\Python\Python312\Lib\site-packages\keras\src\backend\common\global_state.py:82: The name tf.reset_default_graph is deprecated. Please use tf.compat.v1.reset_default_graph instead.

[fold4] ran 112 epochs in 1015s (9.07 s/ep), best epoch 52 (val_loss 0.08860, val_acc 0.9815)

wrote work/cv_oof_fold4_fold4.csv (1408 rows)
[fold4] best epoch 52 persisted to work/cv_oof_fold4_fold4.csv

fold 4 best epoch: 52
(single-fold run: no pooled out-of-fold report)
