WARNING: All log messages before absl::InitializeLog() is called are written to STDERR
I0000 00:00:1791483509.121398   10124 port.cc:153] oneDNN custom operations are on. You may see slightly different numerical results due to floating-point round-off errors from different computation orders. To turn them off, set the environment variable `TF_ENABLE_ONEDNN_OPTS=0`.
WARNING: All log messages before absl::InitializeLog() is called are written to STDERR
I0000 00:00:1791483517.370044   10124 port.cc:153] oneDNN custom operations are on. You may see slightly different numerical results due to floating-point round-off errors from different computation orders. To turn them off, set the environment variable `TF_ENABLE_ONEDNN_OPTS=0`.
WARNING:tensorflow:TensorFlow GPU support is not available on native Windows for TensorFlow >= 2.11. Even if CUDA/cuDNN are installed, GPU will not be used. Please use WSL2 or the TensorFlow-DirectML plugin.
dig-class11 graph: 88023 params
upstream 03_data_resize_all-use_for_training: 1290 images
user     04_joe_lcd_20x32: 6793 images (4652 frames)

fold layout (4652 user frames, k=5):
  fold         kwh    test8    zeros  blank09   frames
  0            669       73      110       62      914
  1            700      108       94       59      961
  2            669       72      109       61      911
  3            627      126      101       72      926
  4            642       91      145       62      940

running ONLY fold 1 of 5

=== fold 1/5: train 6806 (1290 upstream + 5516 user x1), val 1277 user images ===
Epoch 1/300
1702/1702 - 11s - 6ms/step - accuracy: 0.1834 - loss: 2.2563 - val_accuracy: 0.4738 - val_loss: 1.2232
Epoch 2/300
1702/1702 - 9s - 5ms/step - accuracy: 0.4866 - loss: 1.4726 - val_accuracy: 0.7236 - val_loss: 0.7232
Epoch 3/300
1702/1702 - 9s - 6ms/step - accuracy: 0.5785 - loss: 1.2247 - val_accuracy: 0.9233 - val_loss: 0.3692
Epoch 4/300
1702/1702 - 9s - 6ms/step - accuracy: 0.6312 - loss: 1.0889 - val_accuracy: 0.9421 - val_loss: 0.2625
Epoch 5/300
1702/1702 - 9s - 6ms/step - accuracy: 0.6629 - loss: 0.9826 - val_accuracy: 0.9687 - val_loss: 0.1506
Epoch 6/300
1702/1702 - 9s - 6ms/step - accuracy: 0.6941 - loss: 0.9221 - val_accuracy: 0.9201 - val_loss: 0.2296
Epoch 7/300
1702/1702 - 9s - 6ms/step - accuracy: 0.7053 - loss: 0.8753 - val_accuracy: 0.9421 - val_loss: 0.1808
Epoch 8/300
1702/1702 - 10s - 6ms/step - accuracy: 0.7175 - loss: 0.8272 - val_accuracy: 0.9499 - val_loss: 0.1912
Epoch 9/300
1702/1702 - 8s - 5ms/step - accuracy: 0.7245 - loss: 0.7989 - val_accuracy: 0.9577 - val_loss: 0.1319
Epoch 10/300
1702/1702 - 8s - 5ms/step - accuracy: 0.7426 - loss: 0.7672 - val_accuracy: 0.9616 - val_loss: 0.1666
Epoch 11/300
1702/1702 - 9s - 5ms/step - accuracy: 0.7311 - loss: 0.7923 - val_accuracy: 0.9303 - val_loss: 0.1723
Epoch 12/300
1702/1702 - 9s - 5ms/step - accuracy: 0.7408 - loss: 0.7821 - val_accuracy: 0.9640 - val_loss: 0.1227
Epoch 13/300
1702/1702 - 9s - 5ms/step - accuracy: 0.7533 - loss: 0.7261 - val_accuracy: 0.9867 - val_loss: 0.0780
Epoch 14/300
1702/1702 - 8s - 5ms/step - accuracy: 0.7527 - loss: 0.7298 - val_accuracy: 0.9193 - val_loss: 0.1865
Epoch 15/300
1702/1702 - 8s - 5ms/step - accuracy: 0.7623 - loss: 0.7181 - val_accuracy: 0.9749 - val_loss: 0.0735
Epoch 16/300
1702/1702 - 9s - 5ms/step - accuracy: 0.7592 - loss: 0.7192 - val_accuracy: 0.9734 - val_loss: 0.0943
Epoch 17/300
1702/1702 - 9s - 5ms/step - accuracy: 0.7642 - loss: 0.7075 - val_accuracy: 0.9671 - val_loss: 0.0999
Epoch 18/300
1702/1702 - 10s - 6ms/step - accuracy: 0.7639 - loss: 0.7030 - val_accuracy: 0.9319 - val_loss: 0.1557
Epoch 19/300
1702/1702 - 9s - 6ms/step - accuracy: 0.7668 - loss: 0.6784 - val_accuracy: 0.9726 - val_loss: 0.0857
Epoch 20/300
1702/1702 - 9s - 6ms/step - accuracy: 0.7640 - loss: 0.6920 - val_accuracy: 0.9616 - val_loss: 0.0842
Epoch 21/300
1702/1702 - 9s - 5ms/step - accuracy: 0.7664 - loss: 0.6804 - val_accuracy: 0.9679 - val_loss: 0.0942
Epoch 22/300
1702/1702 - 9s - 6ms/step - accuracy: 0.7683 - loss: 0.6884 - val_accuracy: 0.9789 - val_loss: 0.0727
Epoch 23/300
1702/1702 - 9s - 5ms/step - accuracy: 0.7777 - loss: 0.6647 - val_accuracy: 0.9522 - val_loss: 0.1157
Epoch 24/300
1702/1702 - 9s - 5ms/step - accuracy: 0.7775 - loss: 0.6651 - val_accuracy: 0.9695 - val_loss: 0.1033
Epoch 25/300
1702/1702 - 9s - 6ms/step - accuracy: 0.7755 - loss: 0.6695 - val_accuracy: 0.9695 - val_loss: 0.0839
Epoch 26/300
1702/1702 - 9s - 5ms/step - accuracy: 0.7858 - loss: 0.6403 - val_accuracy: 0.9687 - val_loss: 0.0809
Epoch 27/300
1702/1702 - 9s - 6ms/step - accuracy: 0.7803 - loss: 0.6577 - val_accuracy: 0.9640 - val_loss: 0.1007
Epoch 28/300
1702/1702 - 9s - 5ms/step - accuracy: 0.7777 - loss: 0.6531 - val_accuracy: 0.9608 - val_loss: 0.1091
Epoch 29/300
1702/1702 - 8s - 5ms/step - accuracy: 0.7886 - loss: 0.6294 - val_accuracy: 0.9718 - val_loss: 0.0923
Epoch 30/300
1702/1702 - 8s - 5ms/step - accuracy: 0.7850 - loss: 0.6329 - val_accuracy: 0.9734 - val_loss: 0.0824
Epoch 31/300
1702/1702 - 9s - 5ms/step - accuracy: 0.7798 - loss: 0.6487 - val_accuracy: 0.9734 - val_loss: 0.0785
Epoch 32/300
1702/1702 - 10s - 6ms/step - accuracy: 0.7827 - loss: 0.6581 - val_accuracy: 0.9640 - val_loss: 0.1335
Epoch 33/300
1702/1702 - 9s - 5ms/step - accuracy: 0.7928 - loss: 0.6293 - val_accuracy: 0.9749 - val_loss: 0.0708
Epoch 34/300
1702/1702 - 11s - 6ms/step - accuracy: 0.7859 - loss: 0.6450 - val_accuracy: 0.9702 - val_loss: 0.0816
Epoch 35/300
1702/1702 - 9s - 6ms/step - accuracy: 0.7912 - loss: 0.6317 - val_accuracy: 0.9734 - val_loss: 0.0689
Epoch 36/300
1702/1702 - 10s - 6ms/step - accuracy: 0.7889 - loss: 0.6266 - val_accuracy: 0.9702 - val_loss: 0.0847
Epoch 37/300
1702/1702 - 9s - 5ms/step - accuracy: 0.7902 - loss: 0.6138 - val_accuracy: 0.9640 - val_loss: 0.1045
Epoch 38/300
1702/1702 - 9s - 6ms/step - accuracy: 0.7927 - loss: 0.6226 - val_accuracy: 0.9765 - val_loss: 0.0745
Epoch 39/300
1702/1702 - 9s - 6ms/step - accuracy: 0.7900 - loss: 0.6298 - val_accuracy: 0.9718 - val_loss: 0.1003
Epoch 40/300
1702/1702 - 9s - 6ms/step - accuracy: 0.7914 - loss: 0.6151 - val_accuracy: 0.9554 - val_loss: 0.1155
Epoch 41/300
1702/1702 - 9s - 5ms/step - accuracy: 0.8015 - loss: 0.6033 - val_accuracy: 0.9695 - val_loss: 0.0746
Epoch 42/300
1702/1702 - 9s - 6ms/step - accuracy: 0.7991 - loss: 0.5911 - val_accuracy: 0.9632 - val_loss: 0.1042
Epoch 43/300
1702/1702 - 9s - 5ms/step - accuracy: 0.7953 - loss: 0.6318 - val_accuracy: 0.9640 - val_loss: 0.1062
Epoch 44/300
1702/1702 - 10s - 6ms/step - accuracy: 0.7946 - loss: 0.6199 - val_accuracy: 0.9374 - val_loss: 0.1521
Epoch 45/300
1702/1702 - 9s - 5ms/step - accuracy: 0.7859 - loss: 0.6413 - val_accuracy: 0.9734 - val_loss: 0.0794
Epoch 46/300
1702/1702 - 9s - 5ms/step - accuracy: 0.7931 - loss: 0.6163 - val_accuracy: 0.9507 - val_loss: 0.1181
Epoch 47/300
1702/1702 - 9s - 6ms/step - accuracy: 0.7917 - loss: 0.6254 - val_accuracy: 0.9679 - val_loss: 0.0855
Epoch 48/300
1702/1702 - 10s - 6ms/step - accuracy: 0.8003 - loss: 0.6106 - val_accuracy: 0.9444 - val_loss: 0.1483
Epoch 49/300
1702/1702 - 9s - 6ms/step - accuracy: 0.7934 - loss: 0.6281 - val_accuracy: 0.9655 - val_loss: 0.0844
Epoch 50/300
1702/1702 - 9s - 5ms/step - accuracy: 0.7942 - loss: 0.6178 - val_accuracy: 0.9468 - val_loss: 0.1253
Epoch 51/300
1702/1702 - 10s - 6ms/step - accuracy: 0.8011 - loss: 0.6027 - val_accuracy: 0.9569 - val_loss: 0.1050
Epoch 52/300
1702/1702 - 9s - 6ms/step - accuracy: 0.7943 - loss: 0.6114 - val_accuracy: 0.9695 - val_loss: 0.0740
Epoch 53/300
1702/1702 - 9s - 6ms/step - accuracy: 0.7989 - loss: 0.6114 - val_accuracy: 0.9702 - val_loss: 0.0751
Epoch 54/300
1702/1702 - 9s - 5ms/step - accuracy: 0.7925 - loss: 0.6277 - val_accuracy: 0.9702 - val_loss: 0.0958
Epoch 55/300
1702/1702 - 8s - 5ms/step - accuracy: 0.8068 - loss: 0.5814 - val_accuracy: 0.9734 - val_loss: 0.0833
Epoch 56/300
1702/1702 - 8s - 5ms/step - accuracy: 0.7975 - loss: 0.6164 - val_accuracy: 0.9491 - val_loss: 0.1373
Epoch 57/300
1702/1702 - 8s - 5ms/step - accuracy: 0.8025 - loss: 0.6018 - val_accuracy: 0.9749 - val_loss: 0.0698
Epoch 58/300
1702/1702 - 8s - 5ms/step - accuracy: 0.7905 - loss: 0.6354 - val_accuracy: 0.9554 - val_loss: 0.1181
Epoch 59/300
1702/1702 - 8s - 5ms/step - accuracy: 0.7981 - loss: 0.6279 - val_accuracy: 0.9569 - val_loss: 0.1052
Epoch 60/300
1702/1702 - 9s - 5ms/step - accuracy: 0.7834 - loss: 0.6418 - val_accuracy: 0.9530 - val_loss: 0.1376
Epoch 61/300
1702/1702 - 8s - 5ms/step - accuracy: 0.7996 - loss: 0.6133 - val_accuracy: 0.9483 - val_loss: 0.1499
Epoch 62/300
1702/1702 - 8s - 5ms/step - accuracy: 0.8019 - loss: 0.5951 - val_accuracy: 0.9671 - val_loss: 0.0862
Epoch 63/300
1702/1702 - 8s - 5ms/step - accuracy: 0.8011 - loss: 0.6083 - val_accuracy: 0.9687 - val_loss: 0.0795
Epoch 64/300
1702/1702 - 8s - 5ms/step - accuracy: 0.7914 - loss: 0.6117 - val_accuracy: 0.9695 - val_loss: 0.0749
Epoch 65/300
1702/1702 - 9s - 5ms/step - accuracy: 0.7899 - loss: 0.6422 - val_accuracy: 0.9742 - val_loss: 0.0632
Epoch 66/300
1702/1702 - 8s - 5ms/step - accuracy: 0.8021 - loss: 0.6001 - val_accuracy: 0.9687 - val_loss: 0.0971
Epoch 67/300
1702/1702 - 9s - 5ms/step - accuracy: 0.7974 - loss: 0.6204 - val_accuracy: 0.9749 - val_loss: 0.0698
Epoch 68/300
1702/1702 - 8s - 5ms/step - accuracy: 0.8005 - loss: 0.6063 - val_accuracy: 0.9608 - val_loss: 0.0941
Epoch 69/300
1702/1702 - 8s - 5ms/step - accuracy: 0.7962 - loss: 0.6223 - val_accuracy: 0.9726 - val_loss: 0.0770
Epoch 70/300
1702/1702 - 8s - 5ms/step - accuracy: 0.8005 - loss: 0.6139 - val_accuracy: 0.9405 - val_loss: 0.1238
Epoch 71/300
1702/1702 - 9s - 5ms/step - accuracy: 0.8110 - loss: 0.5769 - val_accuracy: 0.9702 - val_loss: 0.0874
Epoch 72/300
1702/1702 - 9s - 5ms/step - accuracy: 0.8046 - loss: 0.6014 - val_accuracy: 0.9695 - val_loss: 0.0802
Epoch 73/300
1702/1702 - 9s - 5ms/step - accuracy: 0.8074 - loss: 0.5768 - val_accuracy: 0.9710 - val_loss: 0.0775
Epoch 74/300
1702/1702 - 9s - 5ms/step - accuracy: 0.8025 - loss: 0.6050 - val_accuracy: 0.9695 - val_loss: 0.0983
Epoch 75/300
1702/1702 - 9s - 6ms/step - accuracy: 0.8093 - loss: 0.5836 - val_accuracy: 0.9695 - val_loss: 0.0893
Epoch 76/300
1702/1702 - 9s - 5ms/step - accuracy: 0.7927 - loss: 0.6222 - val_accuracy: 0.9742 - val_loss: 0.0727
Epoch 77/300
1702/1702 - 9s - 5ms/step - accuracy: 0.8109 - loss: 0.5886 - val_accuracy: 0.9616 - val_loss: 0.0927
Epoch 78/300
1702/1702 - 9s - 6ms/step - accuracy: 0.7986 - loss: 0.6129 - val_accuracy: 0.9726 - val_loss: 0.0860
Epoch 79/300
1702/1702 - 9s - 6ms/step - accuracy: 0.8052 - loss: 0.5866 - val_accuracy: 0.9781 - val_loss: 0.0872
Epoch 80/300
1702/1702 - 9s - 5ms/step - accuracy: 0.7924 - loss: 0.6324 - val_accuracy: 0.9632 - val_loss: 0.0934
Epoch 81/300
1702/1702 - 9s - 5ms/step - accuracy: 0.7964 - loss: 0.6483 - val_accuracy: 0.9687 - val_loss: 0.0834
Epoch 82/300
1702/1702 - 9s - 5ms/step - accuracy: 0.8036 - loss: 0.5943 - val_accuracy: 0.9593 - val_loss: 0.1182
Epoch 83/300
1702/1702 - 9s - 6ms/step - accuracy: 0.8003 - loss: 0.6010 - val_accuracy: 0.9757 - val_loss: 0.0675
Epoch 84/300
1702/1702 - 10s - 6ms/step - accuracy: 0.8068 - loss: 0.5964 - val_accuracy: 0.9522 - val_loss: 0.1168
Epoch 85/300
1702/1702 - 9s - 5ms/step - accuracy: 0.8038 - loss: 0.6083 - val_accuracy: 0.9679 - val_loss: 0.0898
Epoch 86/300
1702/1702 - 9s - 6ms/step - accuracy: 0.8116 - loss: 0.6028 - val_accuracy: 0.9734 - val_loss: 0.0811
Epoch 87/300
1702/1702 - 9s - 6ms/step - accuracy: 0.7928 - loss: 0.6320 - val_accuracy: 0.9726 - val_loss: 0.0635
Epoch 88/300
1702/1702 - 9s - 6ms/step - accuracy: 0.8021 - loss: 0.6078 - val_accuracy: 0.9679 - val_loss: 0.0881
Epoch 89/300
1702/1702 - 9s - 5ms/step - accuracy: 0.8130 - loss: 0.5790 - val_accuracy: 0.9796 - val_loss: 0.0565
Epoch 90/300
1702/1702 - 8s - 5ms/step - accuracy: 0.8018 - loss: 0.6075 - val_accuracy: 0.9687 - val_loss: 0.0911
Epoch 91/300
1702/1702 - 8s - 5ms/step - accuracy: 0.8055 - loss: 0.6069 - val_accuracy: 0.9773 - val_loss: 0.0634
Epoch 92/300
1702/1702 - 9s - 5ms/step - accuracy: 0.7974 - loss: 0.6227 - val_accuracy: 0.9679 - val_loss: 0.0946
Epoch 93/300
1702/1702 - 9s - 5ms/step - accuracy: 0.7924 - loss: 0.6181 - val_accuracy: 0.9514 - val_loss: 0.1079
Epoch 94/300
1702/1702 - 9s - 5ms/step - accuracy: 0.7937 - loss: 0.6296 - val_accuracy: 0.9734 - val_loss: 0.0694
Epoch 95/300
1702/1702 - 8s - 5ms/step - accuracy: 0.8009 - loss: 0.6251 - val_accuracy: 0.9671 - val_loss: 0.1005
Epoch 96/300
1702/1702 - 8s - 5ms/step - accuracy: 0.7986 - loss: 0.6180 - val_accuracy: 0.9655 - val_loss: 0.0968
Epoch 97/300
1702/1702 - 8s - 5ms/step - accuracy: 0.8003 - loss: 0.6082 - val_accuracy: 0.9648 - val_loss: 0.0756
Epoch 98/300
1702/1702 - 14s - 8ms/step - accuracy: 0.7971 - loss: 0.6088 - val_accuracy: 0.9640 - val_loss: 0.1001
Epoch 99/300
1702/1702 - 9s - 5ms/step - accuracy: 0.8028 - loss: 0.6136 - val_accuracy: 0.9640 - val_loss: 0.0841
Epoch 100/300
1702/1702 - 9s - 5ms/step - accuracy: 0.8080 - loss: 0.6065 - val_accuracy: 0.9765 - val_loss: 0.0770
Epoch 101/300
1702/1702 - 8s - 5ms/step - accuracy: 0.7931 - loss: 0.6418 - val_accuracy: 0.9671 - val_loss: 0.1140
Epoch 102/300
1702/1702 - 10s - 6ms/step - accuracy: 0.7986 - loss: 0.6130 - val_accuracy: 0.9483 - val_loss: 0.1260
Epoch 103/300
1702/1702 - 8s - 5ms/step - accuracy: 0.7952 - loss: 0.6169 - val_accuracy: 0.9796 - val_loss: 0.0515
Epoch 104/300
1702/1702 - 9s - 5ms/step - accuracy: 0.8028 - loss: 0.6124 - val_accuracy: 0.9757 - val_loss: 0.0750
Epoch 105/300
1702/1702 - 8s - 5ms/step - accuracy: 0.7937 - loss: 0.6258 - val_accuracy: 0.9734 - val_loss: 0.0812
Epoch 106/300
1702/1702 - 8s - 5ms/step - accuracy: 0.8009 - loss: 0.6084 - val_accuracy: 0.9757 - val_loss: 0.0848
Epoch 107/300
1702/1702 - 8s - 5ms/step - accuracy: 0.7964 - loss: 0.6193 - val_accuracy: 0.9569 - val_loss: 0.1174
Epoch 108/300
1702/1702 - 8s - 5ms/step - accuracy: 0.7986 - loss: 0.6191 - val_accuracy: 0.9789 - val_loss: 0.0718
Epoch 109/300
1702/1702 - 9s - 5ms/step - accuracy: 0.7930 - loss: 0.6323 - val_accuracy: 0.9648 - val_loss: 0.0914
Epoch 110/300
1702/1702 - 9s - 5ms/step - accuracy: 0.7921 - loss: 0.6220 - val_accuracy: 0.9749 - val_loss: 0.0755
Epoch 111/300
1702/1702 - 10s - 6ms/step - accuracy: 0.8006 - loss: 0.6100 - val_accuracy: 0.9585 - val_loss: 0.1097
Epoch 112/300
1702/1702 - 10s - 6ms/step - accuracy: 0.7903 - loss: 0.6359 - val_accuracy: 0.9726 - val_loss: 0.0779
Epoch 113/300
1702/1702 - 10s - 6ms/step - accuracy: 0.7990 - loss: 0.6119 - val_accuracy: 0.9781 - val_loss: 0.0570
Epoch 114/300
1702/1702 - 9s - 5ms/step - accuracy: 0.7915 - loss: 0.6424 - val_accuracy: 0.9640 - val_loss: 0.1051
Epoch 115/300
1702/1702 - 9s - 6ms/step - accuracy: 0.8030 - loss: 0.6374 - val_accuracy: 0.9695 - val_loss: 0.0835
Epoch 116/300
1702/1702 - 10s - 6ms/step - accuracy: 0.8049 - loss: 0.6152 - val_accuracy: 0.9710 - val_loss: 0.0986
Epoch 117/300
1702/1702 - 9s - 6ms/step - accuracy: 0.7961 - loss: 0.6241 - val_accuracy: 0.9742 - val_loss: 0.0760
Epoch 118/300
1702/1702 - 9s - 6ms/step - accuracy: 0.7927 - loss: 0.6308 - val_accuracy: 0.9507 - val_loss: 0.1396
Epoch 119/300
1702/1702 - 9s - 5ms/step - accuracy: 0.8086 - loss: 0.5883 - val_accuracy: 0.9671 - val_loss: 0.0978
Epoch 120/300
1702/1702 - 9s - 6ms/step - accuracy: 0.7978 - loss: 0.6410 - val_accuracy: 0.9796 - val_loss: 0.0758
Epoch 121/300
1702/1702 - 9s - 5ms/step - accuracy: 0.8024 - loss: 0.6317 - val_accuracy: 0.9742 - val_loss: 0.0797
Epoch 122/300
1702/1702 - 9s - 5ms/step - accuracy: 0.8003 - loss: 0.6231 - val_accuracy: 0.9765 - val_loss: 0.0624
Epoch 123/300
1702/1702 - 9s - 6ms/step - accuracy: 0.7911 - loss: 0.6389 - val_accuracy: 0.9632 - val_loss: 0.0981
Epoch 124/300
1702/1702 - 10s - 6ms/step - accuracy: 0.8030 - loss: 0.6151 - val_accuracy: 0.9663 - val_loss: 0.0905
Epoch 125/300
1702/1702 - 9s - 5ms/step - accuracy: 0.7940 - loss: 0.6478 - val_accuracy: 0.9742 - val_loss: 0.0729
Epoch 126/300
1702/1702 - 10s - 6ms/step - accuracy: 0.8083 - loss: 0.6213 - val_accuracy: 0.9742 - val_loss: 0.0928
Epoch 127/300
1702/1702 - 9s - 6ms/step - accuracy: 0.7997 - loss: 0.6205 - val_accuracy: 0.9687 - val_loss: 0.0866
Epoch 128/300
1702/1702 - 10s - 6ms/step - accuracy: 0.8058 - loss: 0.6200 - val_accuracy: 0.9804 - val_loss: 0.0536
Epoch 129/300
1702/1702 - 9s - 5ms/step - accuracy: 0.7914 - loss: 0.6357 - val_accuracy: 0.9734 - val_loss: 0.0733
Epoch 130/300
1702/1702 - 9s - 6ms/step - accuracy: 0.7997 - loss: 0.6274 - val_accuracy: 0.9468 - val_loss: 0.1119
Epoch 131/300
1702/1702 - 9s - 6ms/step - accuracy: 0.8011 - loss: 0.6423 - val_accuracy: 0.9601 - val_loss: 0.1129
Epoch 132/300
1702/1702 - 9s - 6ms/step - accuracy: 0.7969 - loss: 0.6299 - val_accuracy: 0.9655 - val_loss: 0.0945
Epoch 133/300
1702/1702 - 9s - 5ms/step - accuracy: 0.7965 - loss: 0.6251 - val_accuracy: 0.9530 - val_loss: 0.2166
Epoch 134/300
1702/1702 - 8s - 5ms/step - accuracy: 0.8009 - loss: 0.6275 - val_accuracy: 0.9773 - val_loss: 0.0792
Epoch 135/300
1702/1702 - 9s - 5ms/step - accuracy: 0.8005 - loss: 0.6020 - val_accuracy: 0.9726 - val_loss: 0.0841
Epoch 136/300
1702/1702 - 9s - 6ms/step - accuracy: 0.8049 - loss: 0.6068 - val_accuracy: 0.9687 - val_loss: 0.0700
Epoch 137/300
1702/1702 - 9s - 5ms/step - accuracy: 0.8052 - loss: 0.6127 - val_accuracy: 0.9765 - val_loss: 0.0682
Epoch 138/300
1702/1702 - 9s - 5ms/step - accuracy: 0.7936 - loss: 0.6359 - val_accuracy: 0.9585 - val_loss: 0.1250
Epoch 139/300
1702/1702 - 9s - 5ms/step - accuracy: 0.8008 - loss: 0.6137 - val_accuracy: 0.9726 - val_loss: 0.0719
Epoch 140/300
1702/1702 - 9s - 6ms/step - accuracy: 0.8027 - loss: 0.6148 - val_accuracy: 0.9593 - val_loss: 0.1038
Epoch 141/300
1702/1702 - 9s - 5ms/step - accuracy: 0.7953 - loss: 0.6549 - val_accuracy: 0.9765 - val_loss: 0.0978
Epoch 142/300
1702/1702 - 9s - 5ms/step - accuracy: 0.7993 - loss: 0.6191 - val_accuracy: 0.9695 - val_loss: 0.0825
Epoch 143/300
1702/1702 - 10s - 6ms/step - accuracy: 0.7981 - loss: 0.6389 - val_accuracy: 0.9812 - val_loss: 0.0654
Epoch 144/300
1702/1702 - 10s - 6ms/step - accuracy: 0.7953 - loss: 0.6252 - val_accuracy: 0.9546 - val_loss: 0.1105
Epoch 145/300
1702/1702 - 9s - 5ms/step - accuracy: 0.7962 - loss: 0.6243 - val_accuracy: 0.9671 - val_loss: 0.0886
Epoch 146/300
1702/1702 - 9s - 6ms/step - accuracy: 0.7855 - loss: 0.6592 - val_accuracy: 0.9561 - val_loss: 0.1178
Epoch 147/300
1702/1702 - 9s - 5ms/step - accuracy: 0.8058 - loss: 0.6212 - val_accuracy: 0.9796 - val_loss: 0.0756
Epoch 148/300
1702/1702 - 9s - 5ms/step - accuracy: 0.8012 - loss: 0.6333 - val_accuracy: 0.9702 - val_loss: 0.1039
Epoch 149/300
1702/1702 - 9s - 6ms/step - accuracy: 0.7877 - loss: 0.6537 - val_accuracy: 0.9734 - val_loss: 0.0657
Epoch 150/300
1702/1702 - 9s - 5ms/step - accuracy: 0.7917 - loss: 0.6443 - val_accuracy: 0.9421 - val_loss: 0.2120
Epoch 151/300
1702/1702 - 9s - 5ms/step - accuracy: 0.7892 - loss: 0.6496 - val_accuracy: 0.9585 - val_loss: 0.1269
Epoch 152/300
1702/1702 - 9s - 5ms/step - accuracy: 0.7966 - loss: 0.6461 - val_accuracy: 0.9742 - val_loss: 0.0670
Epoch 153/300
1702/1702 - 9s - 5ms/step - accuracy: 0.8028 - loss: 0.6268 - val_accuracy: 0.9663 - val_loss: 0.0754
Epoch 154/300
1702/1702 - 9s - 5ms/step - accuracy: 0.8006 - loss: 0.6445 - val_accuracy: 0.9616 - val_loss: 0.0905
Epoch 155/300
1702/1702 - 9s - 5ms/step - accuracy: 0.7900 - loss: 0.6457 - val_accuracy: 0.9726 - val_loss: 0.0707
Epoch 156/300
1702/1702 - 9s - 5ms/step - accuracy: 0.7940 - loss: 0.6360 - val_accuracy: 0.9593 - val_loss: 0.1126
Epoch 157/300
1702/1702 - 9s - 5ms/step - accuracy: 0.8041 - loss: 0.6273 - val_accuracy: 0.9499 - val_loss: 0.1187
Epoch 158/300
1702/1702 - 9s - 5ms/step - accuracy: 0.7906 - loss: 0.6578 - val_accuracy: 0.9781 - val_loss: 0.0644
Epoch 159/300
1702/1702 - 9s - 5ms/step - accuracy: 0.7950 - loss: 0.6520 - val_accuracy: 0.9640 - val_loss: 0.0865
Epoch 160/300
1702/1702 - 9s - 5ms/step - accuracy: 0.7896 - loss: 0.6702 - val_accuracy: 0.9749 - val_loss: 0.0787
Epoch 161/300
1702/1702 - 9s - 5ms/step - accuracy: 0.7900 - loss: 0.6661 - val_accuracy: 0.9749 - val_loss: 0.0732
Epoch 162/300
1702/1702 - 9s - 5ms/step - accuracy: 0.7895 - loss: 0.6486 - val_accuracy: 0.9742 - val_loss: 0.0797
Epoch 163/300
1702/1702 - 8s - 5ms/step - accuracy: 0.7918 - loss: 0.6440 - val_accuracy: 0.9655 - val_loss: 0.0918
Epoch 163: early stopping
Restoring model weights from the end of the best epoch: 103.
WARNING:tensorflow:From C:\Users\josep\AppData\Local\Programs\Python\Python312\Lib\site-packages\keras\src\backend\common\global_state.py:82: The name tf.reset_default_graph is deprecated. Please use tf.compat.v1.reset_default_graph instead.

[fold1] ran 163 epochs in 1485s (9.11 s/ep), best epoch 103 (val_loss 0.05146, val_acc 0.9796)

wrote work/cv_oof_fold1_fold1.csv (1277 rows)
[fold1] best epoch 103 persisted to work/cv_oof_fold1_fold1.csv

fold 1 best epoch: 103
(single-fold run: no pooled out-of-fold report)
