WARNING: All log messages before absl::InitializeLog() is called are written to STDERR
I0000 00:00:1791483509.121394   41300 port.cc:153] oneDNN custom operations are on. You may see slightly different numerical results due to floating-point round-off errors from different computation orders. To turn them off, set the environment variable `TF_ENABLE_ONEDNN_OPTS=0`.
WARNING: All log messages before absl::InitializeLog() is called are written to STDERR
I0000 00:00:1791483517.370042   41300 port.cc:153] oneDNN custom operations are on. You may see slightly different numerical results due to floating-point round-off errors from different computation orders. To turn them off, set the environment variable `TF_ENABLE_ONEDNN_OPTS=0`.
WARNING:tensorflow:TensorFlow GPU support is not available on native Windows for TensorFlow >= 2.11. Even if CUDA/cuDNN are installed, GPU will not be used. Please use WSL2 or the TensorFlow-DirectML plugin.
dig-class11 graph: 88023 params
upstream 03_data_resize_all-use_for_training: 1290 images
user     04_joe_lcd_20x32: 6793 images (4652 frames)

fold layout (4652 user frames, k=5):
  fold         kwh    test8    zeros  blank09   frames
  0            669       73      110       62      914
  1            700      108       94       59      961
  2            669       72      109       61      911
  3            627      126      101       72      926
  4            642       91      145       62      940

running ONLY fold 2 of 5

=== fold 2/5: train 6682 (1290 upstream + 5392 user x1), val 1401 user images ===
Epoch 1/300
1671/1671 - 11s - 6ms/step - accuracy: 0.1298 - loss: 2.3628 - val_accuracy: 0.1185 - val_loss: 2.2948
Epoch 2/300
1671/1671 - 9s - 5ms/step - accuracy: 0.2661 - loss: 2.0828 - val_accuracy: 0.5617 - val_loss: 0.9270
Epoch 3/300
1671/1671 - 9s - 6ms/step - accuracy: 0.5196 - loss: 1.4016 - val_accuracy: 0.8494 - val_loss: 0.4534
Epoch 4/300
1671/1671 - 9s - 6ms/step - accuracy: 0.5925 - loss: 1.1836 - val_accuracy: 0.8444 - val_loss: 0.3591
Epoch 5/300
1671/1671 - 9s - 6ms/step - accuracy: 0.6348 - loss: 1.0599 - val_accuracy: 0.9529 - val_loss: 0.2079
Epoch 6/300
1671/1671 - 9s - 6ms/step - accuracy: 0.6669 - loss: 0.9854 - val_accuracy: 0.9044 - val_loss: 0.2837
Epoch 7/300
1671/1671 - 9s - 6ms/step - accuracy: 0.6694 - loss: 0.9521 - val_accuracy: 0.9472 - val_loss: 0.2058
Epoch 8/300
1671/1671 - 9s - 6ms/step - accuracy: 0.6978 - loss: 0.8995 - val_accuracy: 0.9343 - val_loss: 0.1851
Epoch 9/300
1671/1671 - 8s - 5ms/step - accuracy: 0.7016 - loss: 0.8753 - val_accuracy: 0.9714 - val_loss: 0.1050
Epoch 10/300
1671/1671 - 8s - 5ms/step - accuracy: 0.7148 - loss: 0.8260 - val_accuracy: 0.9707 - val_loss: 0.0950
Epoch 11/300
1671/1671 - 8s - 5ms/step - accuracy: 0.7293 - loss: 0.8057 - val_accuracy: 0.9772 - val_loss: 0.0867
Epoch 12/300
1671/1671 - 9s - 6ms/step - accuracy: 0.7317 - loss: 0.7957 - val_accuracy: 0.9686 - val_loss: 0.1226
Epoch 13/300
1671/1671 - 9s - 5ms/step - accuracy: 0.7423 - loss: 0.7710 - val_accuracy: 0.9515 - val_loss: 0.1488
Epoch 14/300
1671/1671 - 8s - 5ms/step - accuracy: 0.7353 - loss: 0.7853 - val_accuracy: 0.9750 - val_loss: 0.0883
Epoch 15/300
1671/1671 - 8s - 5ms/step - accuracy: 0.7544 - loss: 0.7435 - val_accuracy: 0.9679 - val_loss: 0.0935
Epoch 16/300
1671/1671 - 9s - 5ms/step - accuracy: 0.7430 - loss: 0.7685 - val_accuracy: 0.9386 - val_loss: 0.1718
Epoch 17/300
1671/1671 - 8s - 5ms/step - accuracy: 0.7490 - loss: 0.7392 - val_accuracy: 0.9422 - val_loss: 0.1233
Epoch 18/300
1671/1671 - 9s - 6ms/step - accuracy: 0.7577 - loss: 0.7201 - val_accuracy: 0.9822 - val_loss: 0.0699
Epoch 19/300
1671/1671 - 9s - 6ms/step - accuracy: 0.7517 - loss: 0.7241 - val_accuracy: 0.9693 - val_loss: 0.0679
Epoch 20/300
1671/1671 - 9s - 6ms/step - accuracy: 0.7698 - loss: 0.7004 - val_accuracy: 0.9586 - val_loss: 0.0950
Epoch 21/300
1671/1671 - 9s - 6ms/step - accuracy: 0.7610 - loss: 0.6999 - val_accuracy: 0.9814 - val_loss: 0.0651
Epoch 22/300
1671/1671 - 9s - 5ms/step - accuracy: 0.7653 - loss: 0.6933 - val_accuracy: 0.9722 - val_loss: 0.0674
Epoch 23/300
1671/1671 - 9s - 6ms/step - accuracy: 0.7737 - loss: 0.6805 - val_accuracy: 0.9650 - val_loss: 0.0751
Epoch 24/300
1671/1671 - 9s - 5ms/step - accuracy: 0.7734 - loss: 0.6856 - val_accuracy: 0.9622 - val_loss: 0.1176
Epoch 25/300
1671/1671 - 9s - 5ms/step - accuracy: 0.7799 - loss: 0.6798 - val_accuracy: 0.9665 - val_loss: 0.0746
Epoch 26/300
1671/1671 - 9s - 6ms/step - accuracy: 0.7715 - loss: 0.6760 - val_accuracy: 0.9743 - val_loss: 0.0847
Epoch 27/300
1671/1671 - 9s - 6ms/step - accuracy: 0.7764 - loss: 0.6680 - val_accuracy: 0.9807 - val_loss: 0.0615
Epoch 28/300
1671/1671 - 9s - 6ms/step - accuracy: 0.7707 - loss: 0.6870 - val_accuracy: 0.9779 - val_loss: 0.0985
Epoch 29/300
1671/1671 - 8s - 5ms/step - accuracy: 0.7803 - loss: 0.6724 - val_accuracy: 0.9836 - val_loss: 0.0520
Epoch 30/300
1671/1671 - 8s - 5ms/step - accuracy: 0.7845 - loss: 0.6594 - val_accuracy: 0.9650 - val_loss: 0.1127
Epoch 31/300
1671/1671 - 8s - 5ms/step - accuracy: 0.7794 - loss: 0.6591 - val_accuracy: 0.9500 - val_loss: 0.1041
Epoch 32/300
1671/1671 - 9s - 6ms/step - accuracy: 0.7713 - loss: 0.6769 - val_accuracy: 0.9629 - val_loss: 0.0904
Epoch 33/300
1671/1671 - 9s - 5ms/step - accuracy: 0.7840 - loss: 0.6508 - val_accuracy: 0.9757 - val_loss: 0.0596
Epoch 34/300
1671/1671 - 11s - 6ms/step - accuracy: 0.7760 - loss: 0.6537 - val_accuracy: 0.9657 - val_loss: 0.0945
Epoch 35/300
1671/1671 - 9s - 6ms/step - accuracy: 0.7864 - loss: 0.6369 - val_accuracy: 0.9672 - val_loss: 0.1174
Epoch 36/300
1671/1671 - 9s - 6ms/step - accuracy: 0.7857 - loss: 0.6513 - val_accuracy: 0.9750 - val_loss: 0.0680
Epoch 37/300
1671/1671 - 9s - 5ms/step - accuracy: 0.7800 - loss: 0.6565 - val_accuracy: 0.9672 - val_loss: 0.0826
Epoch 38/300
1671/1671 - 9s - 6ms/step - accuracy: 0.7866 - loss: 0.6251 - val_accuracy: 0.9843 - val_loss: 0.0527
Epoch 39/300
1671/1671 - 9s - 6ms/step - accuracy: 0.7903 - loss: 0.6255 - val_accuracy: 0.9714 - val_loss: 0.0728
Epoch 40/300
1671/1671 - 9s - 6ms/step - accuracy: 0.7914 - loss: 0.6145 - val_accuracy: 0.9657 - val_loss: 0.0954
Epoch 41/300
1671/1671 - 9s - 5ms/step - accuracy: 0.7843 - loss: 0.6535 - val_accuracy: 0.9600 - val_loss: 0.0888
Epoch 42/300
1671/1671 - 9s - 5ms/step - accuracy: 0.7914 - loss: 0.6143 - val_accuracy: 0.9743 - val_loss: 0.0701
Epoch 43/300
1671/1671 - 9s - 6ms/step - accuracy: 0.7915 - loss: 0.6376 - val_accuracy: 0.9636 - val_loss: 0.0883
Epoch 44/300
1671/1671 - 9s - 6ms/step - accuracy: 0.8001 - loss: 0.6056 - val_accuracy: 0.9772 - val_loss: 0.0693
Epoch 45/300
1671/1671 - 9s - 6ms/step - accuracy: 0.7834 - loss: 0.6520 - val_accuracy: 0.9693 - val_loss: 0.0760
Epoch 46/300
1671/1671 - 9s - 5ms/step - accuracy: 0.7899 - loss: 0.6308 - val_accuracy: 0.9657 - val_loss: 0.0970
Epoch 47/300
1671/1671 - 9s - 6ms/step - accuracy: 0.7953 - loss: 0.6309 - val_accuracy: 0.9829 - val_loss: 0.0425
Epoch 48/300
1671/1671 - 9s - 6ms/step - accuracy: 0.7974 - loss: 0.6152 - val_accuracy: 0.9543 - val_loss: 0.0983
Epoch 49/300
1671/1671 - 9s - 6ms/step - accuracy: 0.7846 - loss: 0.6447 - val_accuracy: 0.9864 - val_loss: 0.0464
Epoch 50/300
1671/1671 - 9s - 6ms/step - accuracy: 0.7881 - loss: 0.6429 - val_accuracy: 0.9772 - val_loss: 0.0644
Epoch 51/300
1671/1671 - 11s - 6ms/step - accuracy: 0.7905 - loss: 0.6284 - val_accuracy: 0.9679 - val_loss: 0.0691
Epoch 52/300
1671/1671 - 9s - 6ms/step - accuracy: 0.7911 - loss: 0.6367 - val_accuracy: 0.9665 - val_loss: 0.0752
Epoch 53/300
1671/1671 - 9s - 5ms/step - accuracy: 0.7972 - loss: 0.6118 - val_accuracy: 0.9486 - val_loss: 0.1179
Epoch 54/300
1671/1671 - 9s - 6ms/step - accuracy: 0.7950 - loss: 0.6176 - val_accuracy: 0.9665 - val_loss: 0.0725
Epoch 55/300
1671/1671 - 8s - 5ms/step - accuracy: 0.7954 - loss: 0.6164 - val_accuracy: 0.9700 - val_loss: 0.0865
Epoch 56/300
1671/1671 - 8s - 5ms/step - accuracy: 0.7993 - loss: 0.6148 - val_accuracy: 0.9707 - val_loss: 0.0737
Epoch 57/300
1671/1671 - 8s - 5ms/step - accuracy: 0.7887 - loss: 0.6412 - val_accuracy: 0.9729 - val_loss: 0.0870
Epoch 58/300
1671/1671 - 8s - 5ms/step - accuracy: 0.7927 - loss: 0.6248 - val_accuracy: 0.9864 - val_loss: 0.0516
Epoch 59/300
1671/1671 - 8s - 5ms/step - accuracy: 0.7977 - loss: 0.6131 - val_accuracy: 0.9700 - val_loss: 0.0690
Epoch 60/300
1671/1671 - 8s - 5ms/step - accuracy: 0.7866 - loss: 0.6344 - val_accuracy: 0.9843 - val_loss: 0.0620
Epoch 61/300
1671/1671 - 8s - 5ms/step - accuracy: 0.7938 - loss: 0.6174 - val_accuracy: 0.9750 - val_loss: 0.0993
Epoch 62/300
1671/1671 - 8s - 5ms/step - accuracy: 0.7921 - loss: 0.6231 - val_accuracy: 0.9800 - val_loss: 0.0771
Epoch 63/300
1671/1671 - 8s - 5ms/step - accuracy: 0.7849 - loss: 0.6184 - val_accuracy: 0.9679 - val_loss: 0.0707
Epoch 64/300
1671/1671 - 8s - 5ms/step - accuracy: 0.7951 - loss: 0.6306 - val_accuracy: 0.9814 - val_loss: 0.0700
Epoch 65/300
1671/1671 - 8s - 5ms/step - accuracy: 0.7981 - loss: 0.6039 - val_accuracy: 0.9764 - val_loss: 0.0578
Epoch 66/300
1671/1671 - 8s - 5ms/step - accuracy: 0.7993 - loss: 0.6132 - val_accuracy: 0.9814 - val_loss: 0.0756
Epoch 67/300
1671/1671 - 8s - 5ms/step - accuracy: 0.7998 - loss: 0.6200 - val_accuracy: 0.9707 - val_loss: 0.0639
Epoch 68/300
1671/1671 - 8s - 5ms/step - accuracy: 0.8047 - loss: 0.6055 - val_accuracy: 0.9786 - val_loss: 0.0835
Epoch 69/300
1671/1671 - 8s - 5ms/step - accuracy: 0.8028 - loss: 0.6026 - val_accuracy: 0.9822 - val_loss: 0.0737
Epoch 70/300
1671/1671 - 8s - 5ms/step - accuracy: 0.7927 - loss: 0.6125 - val_accuracy: 0.9643 - val_loss: 0.0807
Epoch 71/300
1671/1671 - 8s - 5ms/step - accuracy: 0.7924 - loss: 0.6303 - val_accuracy: 0.9864 - val_loss: 0.0551
Epoch 72/300
1671/1671 - 8s - 5ms/step - accuracy: 0.7899 - loss: 0.6352 - val_accuracy: 0.9800 - val_loss: 0.0502
Epoch 73/300
1671/1671 - 9s - 5ms/step - accuracy: 0.7926 - loss: 0.6143 - val_accuracy: 0.9814 - val_loss: 0.0751
Epoch 74/300
1671/1671 - 9s - 5ms/step - accuracy: 0.7942 - loss: 0.6218 - val_accuracy: 0.9493 - val_loss: 0.1126
Epoch 75/300
1671/1671 - 9s - 6ms/step - accuracy: 0.7933 - loss: 0.6361 - val_accuracy: 0.9764 - val_loss: 0.0688
Epoch 76/300
1671/1671 - 9s - 5ms/step - accuracy: 0.8068 - loss: 0.5947 - val_accuracy: 0.9743 - val_loss: 0.0575
Epoch 77/300
1671/1671 - 9s - 5ms/step - accuracy: 0.7971 - loss: 0.6179 - val_accuracy: 0.9557 - val_loss: 0.0894
Epoch 78/300
1671/1671 - 9s - 6ms/step - accuracy: 0.7918 - loss: 0.6297 - val_accuracy: 0.9479 - val_loss: 0.1886
Epoch 79/300
1671/1671 - 9s - 6ms/step - accuracy: 0.7956 - loss: 0.6252 - val_accuracy: 0.9736 - val_loss: 0.0788
Epoch 80/300
1671/1671 - 9s - 5ms/step - accuracy: 0.8038 - loss: 0.6141 - val_accuracy: 0.9629 - val_loss: 0.0815
Epoch 81/300
1671/1671 - 9s - 5ms/step - accuracy: 0.8001 - loss: 0.6132 - val_accuracy: 0.9800 - val_loss: 0.0682
Epoch 82/300
1671/1671 - 9s - 5ms/step - accuracy: 0.7986 - loss: 0.6127 - val_accuracy: 0.9736 - val_loss: 0.0693
Epoch 83/300
1671/1671 - 9s - 6ms/step - accuracy: 0.7956 - loss: 0.6289 - val_accuracy: 0.9700 - val_loss: 0.0838
Epoch 84/300
1671/1671 - 9s - 5ms/step - accuracy: 0.8002 - loss: 0.6106 - val_accuracy: 0.9772 - val_loss: 0.0547
Epoch 85/300
1671/1671 - 9s - 5ms/step - accuracy: 0.7996 - loss: 0.6121 - val_accuracy: 0.9672 - val_loss: 0.0758
Epoch 86/300
1671/1671 - 9s - 6ms/step - accuracy: 0.8020 - loss: 0.6095 - val_accuracy: 0.9707 - val_loss: 0.0813
Epoch 87/300
1671/1671 - 9s - 6ms/step - accuracy: 0.8002 - loss: 0.6193 - val_accuracy: 0.9850 - val_loss: 0.0489
Epoch 88/300
1671/1671 - 9s - 5ms/step - accuracy: 0.7917 - loss: 0.6274 - val_accuracy: 0.9857 - val_loss: 0.0395
Epoch 89/300
1671/1671 - 9s - 5ms/step - accuracy: 0.8007 - loss: 0.6139 - val_accuracy: 0.9736 - val_loss: 0.0762
Epoch 90/300
1671/1671 - 9s - 6ms/step - accuracy: 0.7834 - loss: 0.6701 - val_accuracy: 0.9772 - val_loss: 0.0667
Epoch 91/300
1671/1671 - 9s - 5ms/step - accuracy: 0.7848 - loss: 0.6421 - val_accuracy: 0.9893 - val_loss: 0.0362
Epoch 92/300
1671/1671 - 8s - 5ms/step - accuracy: 0.7974 - loss: 0.6324 - val_accuracy: 0.9807 - val_loss: 0.0541
Epoch 93/300
1671/1671 - 9s - 5ms/step - accuracy: 0.7968 - loss: 0.6227 - val_accuracy: 0.9864 - val_loss: 0.0627
Epoch 94/300
1671/1671 - 9s - 5ms/step - accuracy: 0.7960 - loss: 0.6182 - val_accuracy: 0.9722 - val_loss: 0.0933
Epoch 95/300
1671/1671 - 9s - 6ms/step - accuracy: 0.8016 - loss: 0.6268 - val_accuracy: 0.9686 - val_loss: 0.0766
Epoch 96/300
1671/1671 - 8s - 5ms/step - accuracy: 0.8005 - loss: 0.6064 - val_accuracy: 0.9672 - val_loss: 0.0845
Epoch 97/300
1671/1671 - 8s - 5ms/step - accuracy: 0.7908 - loss: 0.6472 - val_accuracy: 0.9650 - val_loss: 0.0961
Epoch 98/300
1671/1671 - 8s - 5ms/step - accuracy: 0.7975 - loss: 0.6394 - val_accuracy: 0.9829 - val_loss: 0.0617
Epoch 99/300
1671/1671 - 8s - 5ms/step - accuracy: 0.7954 - loss: 0.6356 - val_accuracy: 0.9893 - val_loss: 0.0394
Epoch 100/300
1671/1671 - 13s - 8ms/step - accuracy: 0.7978 - loss: 0.6180 - val_accuracy: 0.9822 - val_loss: 0.0504
Epoch 101/300
1671/1671 - 10s - 6ms/step - accuracy: 0.7977 - loss: 0.6322 - val_accuracy: 0.9836 - val_loss: 0.0476
Epoch 102/300
1671/1671 - 9s - 5ms/step - accuracy: 0.7939 - loss: 0.6403 - val_accuracy: 0.9672 - val_loss: 0.0695
Epoch 103/300
1671/1671 - 8s - 5ms/step - accuracy: 0.7987 - loss: 0.6284 - val_accuracy: 0.9822 - val_loss: 0.0537
Epoch 104/300
1671/1671 - 8s - 5ms/step - accuracy: 0.7941 - loss: 0.6307 - val_accuracy: 0.9729 - val_loss: 0.0832
Epoch 105/300
1671/1671 - 8s - 5ms/step - accuracy: 0.7978 - loss: 0.6249 - val_accuracy: 0.9843 - val_loss: 0.0617
Epoch 106/300
1671/1671 - 8s - 5ms/step - accuracy: 0.8047 - loss: 0.6113 - val_accuracy: 0.9814 - val_loss: 0.0599
Epoch 107/300
1671/1671 - 8s - 5ms/step - accuracy: 0.7939 - loss: 0.6420 - val_accuracy: 0.9772 - val_loss: 0.1123
Epoch 108/300
1671/1671 - 8s - 5ms/step - accuracy: 0.7948 - loss: 0.6314 - val_accuracy: 0.9893 - val_loss: 0.0403
Epoch 109/300
1671/1671 - 8s - 5ms/step - accuracy: 0.7876 - loss: 0.6407 - val_accuracy: 0.9779 - val_loss: 0.0946
Epoch 110/300
1671/1671 - 8s - 5ms/step - accuracy: 0.7963 - loss: 0.6278 - val_accuracy: 0.9757 - val_loss: 0.0796
Epoch 111/300
1671/1671 - 9s - 5ms/step - accuracy: 0.7975 - loss: 0.6282 - val_accuracy: 0.9900 - val_loss: 0.0493
Epoch 112/300
1671/1671 - 9s - 6ms/step - accuracy: 0.7930 - loss: 0.6288 - val_accuracy: 0.9743 - val_loss: 0.1022
Epoch 113/300
1671/1671 - 9s - 6ms/step - accuracy: 0.7939 - loss: 0.6372 - val_accuracy: 0.9864 - val_loss: 0.0532
Epoch 114/300
1671/1671 - 9s - 6ms/step - accuracy: 0.7984 - loss: 0.6458 - val_accuracy: 0.9736 - val_loss: 0.0707
Epoch 115/300
1671/1671 - 10s - 6ms/step - accuracy: 0.7870 - loss: 0.6489 - val_accuracy: 0.9779 - val_loss: 0.0566
Epoch 116/300
1671/1671 - 9s - 6ms/step - accuracy: 0.7954 - loss: 0.6332 - val_accuracy: 0.9857 - val_loss: 0.0523
Epoch 117/300
1671/1671 - 9s - 6ms/step - accuracy: 0.7951 - loss: 0.6353 - val_accuracy: 0.9836 - val_loss: 0.0563
Epoch 118/300
1671/1671 - 9s - 6ms/step - accuracy: 0.7891 - loss: 0.6583 - val_accuracy: 0.9843 - val_loss: 0.0452
Epoch 119/300
1671/1671 - 9s - 6ms/step - accuracy: 0.7921 - loss: 0.6552 - val_accuracy: 0.9764 - val_loss: 0.0547
Epoch 120/300
1671/1671 - 9s - 6ms/step - accuracy: 0.8026 - loss: 0.6215 - val_accuracy: 0.9779 - val_loss: 0.0677
Epoch 121/300
1671/1671 - 9s - 6ms/step - accuracy: 0.7978 - loss: 0.6294 - val_accuracy: 0.9800 - val_loss: 0.0551
Epoch 122/300
1671/1671 - 9s - 6ms/step - accuracy: 0.7906 - loss: 0.6386 - val_accuracy: 0.9836 - val_loss: 0.0741
Epoch 123/300
1671/1671 - 9s - 5ms/step - accuracy: 0.7948 - loss: 0.6414 - val_accuracy: 0.9772 - val_loss: 0.0647
Epoch 124/300
1671/1671 - 9s - 5ms/step - accuracy: 0.7932 - loss: 0.6353 - val_accuracy: 0.9822 - val_loss: 0.0366
Epoch 125/300
1671/1671 - 9s - 6ms/step - accuracy: 0.7857 - loss: 0.6446 - val_accuracy: 0.9665 - val_loss: 0.0830
Epoch 126/300
1671/1671 - 9s - 6ms/step - accuracy: 0.7923 - loss: 0.6367 - val_accuracy: 0.9729 - val_loss: 0.0816
Epoch 127/300
1671/1671 - 9s - 5ms/step - accuracy: 0.7884 - loss: 0.6415 - val_accuracy: 0.9807 - val_loss: 0.0539
Epoch 128/300
1671/1671 - 9s - 6ms/step - accuracy: 0.7966 - loss: 0.6238 - val_accuracy: 0.9757 - val_loss: 0.0758
Epoch 129/300
1671/1671 - 9s - 6ms/step - accuracy: 0.7906 - loss: 0.6526 - val_accuracy: 0.9686 - val_loss: 0.0747
Epoch 130/300
1671/1671 - 9s - 6ms/step - accuracy: 0.7929 - loss: 0.6423 - val_accuracy: 0.9822 - val_loss: 0.0519
Epoch 131/300
1671/1671 - 9s - 6ms/step - accuracy: 0.7980 - loss: 0.6370 - val_accuracy: 0.9714 - val_loss: 0.0637
Epoch 132/300
1671/1671 - 9s - 6ms/step - accuracy: 0.7965 - loss: 0.6136 - val_accuracy: 0.9807 - val_loss: 0.0587
Epoch 133/300
1671/1671 - 9s - 6ms/step - accuracy: 0.7933 - loss: 0.6574 - val_accuracy: 0.9886 - val_loss: 0.0398
Epoch 134/300
1671/1671 - 9s - 6ms/step - accuracy: 0.7930 - loss: 0.6520 - val_accuracy: 0.9636 - val_loss: 0.1140
Epoch 135/300
1671/1671 - 9s - 5ms/step - accuracy: 0.7932 - loss: 0.6457 - val_accuracy: 0.9700 - val_loss: 0.0710
Epoch 136/300
1671/1671 - 9s - 5ms/step - accuracy: 0.7930 - loss: 0.6258 - val_accuracy: 0.9872 - val_loss: 0.0520
Epoch 137/300
1671/1671 - 8s - 5ms/step - accuracy: 0.7990 - loss: 0.6305 - val_accuracy: 0.9600 - val_loss: 0.0886
Epoch 138/300
1671/1671 - 11s - 7ms/step - accuracy: 0.7954 - loss: 0.6679 - val_accuracy: 0.9879 - val_loss: 0.0559
Epoch 139/300
1671/1671 - 9s - 5ms/step - accuracy: 0.7987 - loss: 0.6318 - val_accuracy: 0.9743 - val_loss: 0.0615
Epoch 140/300
1671/1671 - 9s - 5ms/step - accuracy: 0.7884 - loss: 0.6788 - val_accuracy: 0.9672 - val_loss: 0.0865
Epoch 141/300
1671/1671 - 10s - 6ms/step - accuracy: 0.7984 - loss: 0.6383 - val_accuracy: 0.9429 - val_loss: 0.1738
Epoch 142/300
1671/1671 - 9s - 5ms/step - accuracy: 0.8041 - loss: 0.6241 - val_accuracy: 0.9793 - val_loss: 0.0614
Epoch 143/300
1671/1671 - 9s - 5ms/step - accuracy: 0.7914 - loss: 0.6478 - val_accuracy: 0.9672 - val_loss: 0.0890
Epoch 144/300
1671/1671 - 9s - 5ms/step - accuracy: 0.7935 - loss: 0.6551 - val_accuracy: 0.9836 - val_loss: 0.0537
Epoch 145/300
1671/1671 - 9s - 6ms/step - accuracy: 0.8013 - loss: 0.6295 - val_accuracy: 0.9836 - val_loss: 0.0538
Epoch 146/300
1671/1671 - 9s - 6ms/step - accuracy: 0.7912 - loss: 0.6360 - val_accuracy: 0.9857 - val_loss: 0.0414
Epoch 147/300
1671/1671 - 9s - 6ms/step - accuracy: 0.7897 - loss: 0.6389 - val_accuracy: 0.9864 - val_loss: 0.0516
Epoch 148/300
1671/1671 - 9s - 6ms/step - accuracy: 0.7846 - loss: 0.6516 - val_accuracy: 0.9729 - val_loss: 0.0644
Epoch 149/300
1671/1671 - 9s - 5ms/step - accuracy: 0.7969 - loss: 0.6376 - val_accuracy: 0.9772 - val_loss: 0.0756
Epoch 150/300
1671/1671 - 9s - 5ms/step - accuracy: 0.7811 - loss: 0.6897 - val_accuracy: 0.9572 - val_loss: 0.1133
Epoch 151/300
1671/1671 - 9s - 6ms/step - accuracy: 0.7903 - loss: 0.6712 - val_accuracy: 0.9836 - val_loss: 0.0628
Epoch 151: early stopping
Restoring model weights from the end of the best epoch: 91.
WARNING:tensorflow:From C:\Users\josep\AppData\Local\Programs\Python\Python312\Lib\site-packages\keras\src\backend\common\global_state.py:82: The name tf.reset_default_graph is deprecated. Please use tf.compat.v1.reset_default_graph instead.

[fold2] ran 151 epochs in 1360s (9.00 s/ep), best epoch 91 (val_loss 0.03619, val_acc 0.9893)

wrote work/cv_oof_fold2_fold2.csv (1401 rows)
[fold2] best epoch 91 persisted to work/cv_oof_fold2_fold2.csv

fold 2 best epoch: 91
(single-fold run: no pooled out-of-fold report)
