WARNING: All log messages before absl::InitializeLog() is called are written to STDERR
I0000 00:00:1791072083.233561   36916 port.cc:153] oneDNN custom operations are on. You may see slightly different numerical results due to floating-point round-off errors from different computation orders. To turn them off, set the environment variable `TF_ENABLE_ONEDNN_OPTS=0`.
WARNING: All log messages before absl::InitializeLog() is called are written to STDERR
I0000 00:00:1791072086.192581   36916 port.cc:153] oneDNN custom operations are on. You may see slightly different numerical results due to floating-point round-off errors from different computation orders. To turn them off, set the environment variable `TF_ENABLE_ONEDNN_OPTS=0`.
WARNING:tensorflow:TensorFlow GPU support is not available on native Windows for TensorFlow >= 2.11. Even if CUDA/cuDNN are installed, GPU will not be used. Please use WSL2 or the TensorFlow-DirectML plugin.
dig-class11 graph: 88023 params
upstream 03_data_resize_all-use_for_training: 1290 images
user     04_joe_lcd_20x32: 6793 images (4652 frames)

=== FINAL: train on 100% of the pool, 8083 images (1290 upstream + 6793 user x1), 75 epochs, no validation, no early stopping ===
Epoch 1/75
2021/2021 - 11s - 5ms/step - accuracy: 0.1732 - loss: 2.2705
Epoch 2/75
2021/2021 - 10s - 5ms/step - accuracy: 0.4469 - loss: 1.5416
Epoch 3/75
2021/2021 - 10s - 5ms/step - accuracy: 0.5378 - loss: 1.2729
Epoch 4/75
2021/2021 - 10s - 5ms/step - accuracy: 0.6011 - loss: 1.1025
Epoch 5/75
2021/2021 - 10s - 5ms/step - accuracy: 0.6490 - loss: 1.0076
Epoch 6/75
2021/2021 - 10s - 5ms/step - accuracy: 0.6780 - loss: 0.9354
Epoch 7/75
2021/2021 - 10s - 5ms/step - accuracy: 0.7012 - loss: 0.8631
Epoch 8/75
2021/2021 - 10s - 5ms/step - accuracy: 0.7204 - loss: 0.8222
Epoch 9/75
2021/2021 - 10s - 5ms/step - accuracy: 0.7305 - loss: 0.7902
Epoch 10/75
2021/2021 - 10s - 5ms/step - accuracy: 0.7296 - loss: 0.7930
Epoch 11/75
2021/2021 - 10s - 5ms/step - accuracy: 0.7453 - loss: 0.7678
Epoch 12/75
2021/2021 - 10s - 5ms/step - accuracy: 0.7510 - loss: 0.7312
Epoch 13/75
2021/2021 - 10s - 5ms/step - accuracy: 0.7469 - loss: 0.7413
Epoch 14/75
2021/2021 - 9s - 5ms/step - accuracy: 0.7529 - loss: 0.7226
Epoch 15/75
2021/2021 - 10s - 5ms/step - accuracy: 0.7568 - loss: 0.7313
Epoch 16/75
2021/2021 - 10s - 5ms/step - accuracy: 0.7610 - loss: 0.7045
Epoch 17/75
2021/2021 - 9s - 5ms/step - accuracy: 0.7620 - loss: 0.7078
Epoch 18/75
2021/2021 - 9s - 5ms/step - accuracy: 0.7649 - loss: 0.6783
Epoch 19/75
2021/2021 - 9s - 5ms/step - accuracy: 0.7664 - loss: 0.6703
Epoch 20/75
2021/2021 - 10s - 5ms/step - accuracy: 0.7758 - loss: 0.6654
Epoch 21/75
2021/2021 - 10s - 5ms/step - accuracy: 0.7800 - loss: 0.6439
Epoch 22/75
2021/2021 - 11s - 6ms/step - accuracy: 0.7732 - loss: 0.6679
Epoch 23/75
2021/2021 - 11s - 6ms/step - accuracy: 0.7807 - loss: 0.6555
Epoch 24/75
2021/2021 - 11s - 5ms/step - accuracy: 0.7783 - loss: 0.6453
Epoch 25/75
2021/2021 - 11s - 5ms/step - accuracy: 0.7818 - loss: 0.6617
Epoch 26/75
2021/2021 - 11s - 6ms/step - accuracy: 0.7752 - loss: 0.6757
Epoch 27/75
2021/2021 - 11s - 6ms/step - accuracy: 0.7851 - loss: 0.6528
Epoch 28/75
2021/2021 - 11s - 5ms/step - accuracy: 0.7863 - loss: 0.6378
Epoch 29/75
2021/2021 - 11s - 5ms/step - accuracy: 0.7907 - loss: 0.6204
Epoch 30/75
2021/2021 - 11s - 5ms/step - accuracy: 0.7893 - loss: 0.6334
Epoch 31/75
2021/2021 - 11s - 5ms/step - accuracy: 0.7860 - loss: 0.6421
Epoch 32/75
2021/2021 - 11s - 6ms/step - accuracy: 0.7946 - loss: 0.6406
Epoch 33/75
2021/2021 - 10s - 5ms/step - accuracy: 0.7860 - loss: 0.6352
Epoch 34/75
2021/2021 - 10s - 5ms/step - accuracy: 0.7905 - loss: 0.6205
Epoch 35/75
2021/2021 - 10s - 5ms/step - accuracy: 0.7970 - loss: 0.6161
Epoch 36/75
2021/2021 - 10s - 5ms/step - accuracy: 0.7860 - loss: 0.6248
Epoch 37/75
2021/2021 - 10s - 5ms/step - accuracy: 0.7883 - loss: 0.6342
Epoch 38/75
2021/2021 - 10s - 5ms/step - accuracy: 0.7936 - loss: 0.6135
Epoch 39/75
2021/2021 - 10s - 5ms/step - accuracy: 0.7961 - loss: 0.6074
Epoch 40/75
2021/2021 - 10s - 5ms/step - accuracy: 0.7974 - loss: 0.6115
Epoch 41/75
2021/2021 - 10s - 5ms/step - accuracy: 0.7992 - loss: 0.6001
Epoch 42/75
2021/2021 - 10s - 5ms/step - accuracy: 0.7903 - loss: 0.6160
Epoch 43/75
2021/2021 - 10s - 5ms/step - accuracy: 0.7972 - loss: 0.6131
Epoch 44/75
2021/2021 - 10s - 5ms/step - accuracy: 0.7986 - loss: 0.6215
Epoch 45/75
2021/2021 - 10s - 5ms/step - accuracy: 0.7972 - loss: 0.6128
Epoch 46/75
2021/2021 - 10s - 5ms/step - accuracy: 0.7952 - loss: 0.6247
Epoch 47/75
2021/2021 - 10s - 5ms/step - accuracy: 0.7917 - loss: 0.6040
Epoch 48/75
2021/2021 - 11s - 5ms/step - accuracy: 0.7983 - loss: 0.6061
Epoch 49/75
2021/2021 - 10s - 5ms/step - accuracy: 0.7986 - loss: 0.6140
Epoch 50/75
2021/2021 - 10s - 5ms/step - accuracy: 0.7868 - loss: 0.6362
Epoch 51/75
2021/2021 - 10s - 5ms/step - accuracy: 0.7909 - loss: 0.6171
Epoch 52/75
2021/2021 - 10s - 5ms/step - accuracy: 0.7975 - loss: 0.6161
Epoch 53/75
2021/2021 - 10s - 5ms/step - accuracy: 0.7950 - loss: 0.5983
Epoch 54/75
2021/2021 - 10s - 5ms/step - accuracy: 0.7941 - loss: 0.6200
Epoch 55/75
2021/2021 - 11s - 5ms/step - accuracy: 0.7970 - loss: 0.6040
Epoch 56/75
2021/2021 - 11s - 6ms/step - accuracy: 0.8006 - loss: 0.6036
Epoch 57/75
2021/2021 - 12s - 6ms/step - accuracy: 0.7952 - loss: 0.6204
Epoch 58/75
2021/2021 - 12s - 6ms/step - accuracy: 0.8013 - loss: 0.6041
Epoch 59/75
2021/2021 - 11s - 6ms/step - accuracy: 0.7871 - loss: 0.6297
Epoch 60/75
2021/2021 - 11s - 6ms/step - accuracy: 0.7992 - loss: 0.6040
Epoch 61/75
2021/2021 - 12s - 6ms/step - accuracy: 0.7993 - loss: 0.6151
Epoch 62/75
2021/2021 - 12s - 6ms/step - accuracy: 0.7925 - loss: 0.6340
Epoch 63/75
2021/2021 - 11s - 6ms/step - accuracy: 0.8009 - loss: 0.6063
Epoch 64/75
2021/2021 - 11s - 6ms/step - accuracy: 0.7981 - loss: 0.6140
Epoch 65/75
2021/2021 - 11s - 6ms/step - accuracy: 0.7956 - loss: 0.6102
Epoch 66/75
2021/2021 - 12s - 6ms/step - accuracy: 0.7957 - loss: 0.6251
Epoch 67/75
2021/2021 - 12s - 6ms/step - accuracy: 0.7949 - loss: 0.6162
Epoch 68/75
2021/2021 - 12s - 6ms/step - accuracy: 0.7934 - loss: 0.6302
Epoch 69/75
2021/2021 - 11s - 6ms/step - accuracy: 0.7985 - loss: 0.6231
Epoch 70/75
2021/2021 - 11s - 6ms/step - accuracy: 0.7915 - loss: 0.6192
Epoch 71/75
2021/2021 - 11s - 6ms/step - accuracy: 0.7967 - loss: 0.6124
Epoch 72/75
2021/2021 - 11s - 6ms/step - accuracy: 0.8058 - loss: 0.6018
Epoch 73/75
2021/2021 - 12s - 6ms/step - accuracy: 0.7969 - loss: 0.6289
Epoch 74/75
2021/2021 - 12s - 6ms/step - accuracy: 0.7991 - loss: 0.6164
Epoch 75/75
2021/2021 - 11s - 6ms/step - accuracy: 0.7951 - loss: 0.6333
[final] ran 75 epochs in 788s (10.50 s/ep), final loss 0.63330, acc 0.7951
saved models\dig-class11_9014_s2.keras
Static-shape rebuild verified (max delta 0.00e+00)
Saved artifact at 'C:\Users\josep\AppData\Local\Temp\tmpgqqazkok'. The following endpoints are available:

* Endpoint 'serve'
  args_0 (POSITIONAL_ONLY): TensorSpec(shape=(1, 32, 20, 3), dtype=tf.float32, name='keras_tensor_24')
Output Type:
  TensorSpec(shape=(1, 11), dtype=tf.float32, name=None)
Captures:
  2449831065936: TensorSpec(shape=(), dtype=tf.resource, name=None)
  2449831066704: TensorSpec(shape=(), dtype=tf.resource, name=None)
  2449831066512: TensorSpec(shape=(), dtype=tf.resource, name=None)
  2449831065360: TensorSpec(shape=(), dtype=tf.resource, name=None)
  2449831067088: TensorSpec(shape=(), dtype=tf.resource, name=None)
  2449831065552: TensorSpec(shape=(), dtype=tf.resource, name=None)
  2449831067280: TensorSpec(shape=(), dtype=tf.resource, name=None)
  2449833265680: TensorSpec(shape=(), dtype=tf.resource, name=None)
  2449833265488: TensorSpec(shape=(), dtype=tf.resource, name=None)
  2449833263952: TensorSpec(shape=(), dtype=tf.resource, name=None)
  2449833263184: TensorSpec(shape=(), dtype=tf.resource, name=None)
  2449833265872: TensorSpec(shape=(), dtype=tf.resource, name=None)
  2449833266256: TensorSpec(shape=(), dtype=tf.resource, name=None)
  2449833267408: TensorSpec(shape=(), dtype=tf.resource, name=None)
  representative dataset: 256 distinct images (256 user + 0 upstream)
Saved artifact at 'C:\Users\josep\AppData\Local\Temp\tmpq4lj9sa2'. The following endpoints are available:

* Endpoint 'serve'
  args_0 (POSITIONAL_ONLY): TensorSpec(shape=(1, 32, 20, 3), dtype=tf.float32, name='keras_tensor_24')
Output Type:
  TensorSpec(shape=(1, 11), dtype=tf.float32, name=None)
Captures:
  2449831065936: TensorSpec(shape=(), dtype=tf.resource, name=None)
  2449831066704: TensorSpec(shape=(), dtype=tf.resource, name=None)
  2449831066512: TensorSpec(shape=(), dtype=tf.resource, name=None)
  2449831065360: TensorSpec(shape=(), dtype=tf.resource, name=None)
  2449831067088: TensorSpec(shape=(), dtype=tf.resource, name=None)
  2449831065552: TensorSpec(shape=(), dtype=tf.resource, name=None)
  2449831067280: TensorSpec(shape=(), dtype=tf.resource, name=None)
  2449833265680: TensorSpec(shape=(), dtype=tf.resource, name=None)
  2449833265488: TensorSpec(shape=(), dtype=tf.resource, name=None)
  2449833263952: TensorSpec(shape=(), dtype=tf.resource, name=None)
  2449833263184: TensorSpec(shape=(), dtype=tf.resource, name=None)
  2449833265872: TensorSpec(shape=(), dtype=tf.resource, name=None)
  2449833266256: TensorSpec(shape=(), dtype=tf.resource, name=None)
  2449833267408: TensorSpec(shape=(), dtype=tf.resource, name=None)
C:\Users\josep\AppData\Local\Programs\Python\Python312\Lib\site-packages\tensorflow\lite\python\convert.py:846: UserWarning: Statistics for quantized inputs were expected, but not specified; continuing anyway.
  warnings.warn(
fully_quantize: 0, inference_type: 6, input_inference_type: FLOAT32, output_inference_type: FLOAT32
Saved artifact at 'C:\Users\josep\AppData\Local\Temp\tmpk5nr63uh'. The following endpoints are available:

* Endpoint 'serve'
  args_0 (POSITIONAL_ONLY): TensorSpec(shape=(1, 32, 20, 3), dtype=tf.float32, name='keras_tensor_24')
Output Type:
  TensorSpec(shape=(1, 11), dtype=tf.float32, name=None)
Captures:
  2449831065936: TensorSpec(shape=(), dtype=tf.resource, name=None)
  2449831066704: TensorSpec(shape=(), dtype=tf.resource, name=None)
  2449831066512: TensorSpec(shape=(), dtype=tf.resource, name=None)
  2449831065360: TensorSpec(shape=(), dtype=tf.resource, name=None)
  2449831067088: TensorSpec(shape=(), dtype=tf.resource, name=None)
  2449831065552: TensorSpec(shape=(), dtype=tf.resource, name=None)
  2449831067280: TensorSpec(shape=(), dtype=tf.resource, name=None)
  2449833265680: TensorSpec(shape=(), dtype=tf.resource, name=None)
  2449833265488: TensorSpec(shape=(), dtype=tf.resource, name=None)
  2449833263952: TensorSpec(shape=(), dtype=tf.resource, name=None)
  2449833263184: TensorSpec(shape=(), dtype=tf.resource, name=None)
  2449833265872: TensorSpec(shape=(), dtype=tf.resource, name=None)
  2449833266256: TensorSpec(shape=(), dtype=tf.resource, name=None)
  2449833267408: TensorSpec(shape=(), dtype=tf.resource, name=None)
C:\Users\josep\AppData\Local\Programs\Python\Python312\Lib\site-packages\tensorflow\lite\python\convert.py:846: UserWarning: Statistics for quantized inputs were expected, but not specified; continuing anyway.
  warnings.warn(
fully_quantize: 0, inference_type: 6, input_inference_type: FLOAT32, output_inference_type: FLOAT32
exported models\dig-class11_9014_s2.tflite  (349 KB)
exported models\dig-class11_9014_s2_q.tflite  (95 KB)
exported models\dig-class11_9014_s2_qpt.tflite  (93 KB)
