WARNING: All log messages before absl::InitializeLog() is called are written to STDERR
I0000 00:00:1791497629.060830   38164 port.cc:153] oneDNN custom operations are on. You may see slightly different numerical results due to floating-point round-off errors from different computation orders. To turn them off, set the environment variable `TF_ENABLE_ONEDNN_OPTS=0`.
WARNING: All log messages before absl::InitializeLog() is called are written to STDERR
I0000 00:00:1791497632.089963   38164 port.cc:153] oneDNN custom operations are on. You may see slightly different numerical results due to floating-point round-off errors from different computation orders. To turn them off, set the environment variable `TF_ENABLE_ONEDNN_OPTS=0`.
WARNING:tensorflow:TensorFlow GPU support is not available on native Windows for TensorFlow >= 2.11. Even if CUDA/cuDNN are installed, GPU will not be used. Please use WSL2 or the TensorFlow-DirectML plugin.
==============================================================
RECIPE
  user dir     : work/_corpus_stb_20x32   upstream: 03_data_resize_all-use_for_training   user-weight x1
  aug profile  : night_aware
    gate       : mean luma <= 78 -> dark
    dark       : AugmentConfig(blur_p=0.3, blur_sigma=(0.3, 0.7), motion_p=0.08, motion_len=(2, 3), glare_p=0.0, glare_sigma_frac=(0.15, 0.9), glare_gain=(25.0, 140.0), veil_p=0.0, veil_k=(0.05, 0.42), veil_grid=(4, 3), veil_field_gain=(0.6, 1.0), veil_field_bias=(0.0, 0.4), veil_level=(150.0, 255.0), exposure=(0.85, 1.15), contrast=(0.85, 1.1), wb=(1.0, 1.0), noise_sigma=(0.5, 3.0), jpeg_p=0.3, jpeg_quality=(60, 95), scale_blur_to_size=True)
    bright     : AugmentConfig(blur_p=0.22, blur_sigma=(0.3, 0.9), motion_p=0.08, motion_len=(2, 4), glare_p=0.28, glare_sigma_frac=(0.15, 0.9), glare_gain=(25.0, 140.0), veil_p=0.35, veil_k=(0.05, 0.42), veil_grid=(4, 3), veil_field_gain=(0.6, 1.0), veil_field_bias=(0.0, 0.4), veil_level=(150.0, 255.0), exposure=(0.6, 1.4), contrast=(0.55, 1.22), wb=(0.88, 1.12), noise_sigma=(0.5, 6.0), jpeg_p=0.25, jpeg_quality=(45, 95), scale_blur_to_size=True)
  geom         : gentle  {'width_shift_range': [-1, 0, 1], 'height_shift_range': [-1, 0, 1], 'zoom_range': [0.9, 1.1], 'rotation_range': 2}
  lr           : compiled lr, linear decay over the last 0.2 of the run's epochs to x0.05
  seed 42  batch 4  epochs 125
==============================================================
dig-class11 graph: 88023 params
upstream 03_data_resize_all-use_for_training: 1290 images
user     work/_corpus_stb_20x32: 6785 images (4636 frames)

=== FINAL: train on 100% of the pool, 8075 images (1290 upstream + 6785 user x1), 125 epochs, no validation, no early stopping ===
[final] lr 1 for epochs 1-100, then linear to 0.05 at epoch 125
Epoch 1/125
2019/2019 - 10s - 5ms/step - accuracy: 0.4276 - loss: 1.5787 - learning_rate: 1.0000
Epoch 2/125
2019/2019 - 8s - 4ms/step - accuracy: 0.7307 - loss: 0.7545 - learning_rate: 1.0000
Epoch 3/125
2019/2019 - 8s - 4ms/step - accuracy: 0.8342 - loss: 0.5138 - learning_rate: 1.0000
Epoch 4/125
2019/2019 - 8s - 4ms/step - accuracy: 0.8637 - loss: 0.4306 - learning_rate: 1.0000
Epoch 5/125
2019/2019 - 8s - 4ms/step - accuracy: 0.8744 - loss: 0.3854 - learning_rate: 1.0000
Epoch 6/125
2019/2019 - 8s - 4ms/step - accuracy: 0.8837 - loss: 0.3682 - learning_rate: 1.0000
Epoch 7/125
2019/2019 - 8s - 4ms/step - accuracy: 0.8924 - loss: 0.3302 - learning_rate: 1.0000
Epoch 8/125
2019/2019 - 8s - 4ms/step - accuracy: 0.8971 - loss: 0.3175 - learning_rate: 1.0000
Epoch 9/125
2019/2019 - 8s - 4ms/step - accuracy: 0.9041 - loss: 0.2988 - learning_rate: 1.0000
Epoch 10/125
2019/2019 - 8s - 4ms/step - accuracy: 0.9134 - loss: 0.2744 - learning_rate: 1.0000
Epoch 11/125
2019/2019 - 8s - 4ms/step - accuracy: 0.9146 - loss: 0.2750 - learning_rate: 1.0000
Epoch 12/125
2019/2019 - 8s - 4ms/step - accuracy: 0.9152 - loss: 0.2643 - learning_rate: 1.0000
Epoch 13/125
2019/2019 - 8s - 4ms/step - accuracy: 0.9154 - loss: 0.2654 - learning_rate: 1.0000
Epoch 14/125
2019/2019 - 8s - 4ms/step - accuracy: 0.9205 - loss: 0.2552 - learning_rate: 1.0000
Epoch 15/125
2019/2019 - 8s - 4ms/step - accuracy: 0.9235 - loss: 0.2451 - learning_rate: 1.0000
Epoch 16/125
2019/2019 - 8s - 4ms/step - accuracy: 0.9214 - loss: 0.2480 - learning_rate: 1.0000
Epoch 17/125
2019/2019 - 8s - 4ms/step - accuracy: 0.9235 - loss: 0.2505 - learning_rate: 1.0000
Epoch 18/125
2019/2019 - 8s - 4ms/step - accuracy: 0.9272 - loss: 0.2404 - learning_rate: 1.0000
Epoch 19/125
2019/2019 - 8s - 4ms/step - accuracy: 0.9266 - loss: 0.2296 - learning_rate: 1.0000
Epoch 20/125
2019/2019 - 8s - 4ms/step - accuracy: 0.9333 - loss: 0.2187 - learning_rate: 1.0000
Epoch 21/125
2019/2019 - 8s - 4ms/step - accuracy: 0.9278 - loss: 0.2333 - learning_rate: 1.0000
Epoch 22/125
2019/2019 - 8s - 4ms/step - accuracy: 0.9336 - loss: 0.2258 - learning_rate: 1.0000
Epoch 23/125
2019/2019 - 8s - 4ms/step - accuracy: 0.9356 - loss: 0.2100 - learning_rate: 1.0000
Epoch 24/125
2019/2019 - 8s - 4ms/step - accuracy: 0.9276 - loss: 0.2298 - learning_rate: 1.0000
Epoch 25/125
2019/2019 - 8s - 4ms/step - accuracy: 0.9360 - loss: 0.2024 - learning_rate: 1.0000
Epoch 26/125
2019/2019 - 8s - 4ms/step - accuracy: 0.9357 - loss: 0.2068 - learning_rate: 1.0000
Epoch 27/125
2019/2019 - 8s - 4ms/step - accuracy: 0.9424 - loss: 0.1931 - learning_rate: 1.0000
Epoch 28/125
2019/2019 - 8s - 4ms/step - accuracy: 0.9396 - loss: 0.2000 - learning_rate: 1.0000
Epoch 29/125
2019/2019 - 8s - 4ms/step - accuracy: 0.9351 - loss: 0.2074 - learning_rate: 1.0000
Epoch 30/125
2019/2019 - 8s - 4ms/step - accuracy: 0.9370 - loss: 0.2002 - learning_rate: 1.0000
Epoch 31/125
2019/2019 - 8s - 4ms/step - accuracy: 0.9330 - loss: 0.2131 - learning_rate: 1.0000
Epoch 32/125
2019/2019 - 8s - 4ms/step - accuracy: 0.9352 - loss: 0.2166 - learning_rate: 1.0000
Epoch 33/125
2019/2019 - 8s - 4ms/step - accuracy: 0.9376 - loss: 0.2049 - learning_rate: 1.0000
Epoch 34/125
2019/2019 - 8s - 4ms/step - accuracy: 0.9429 - loss: 0.1945 - learning_rate: 1.0000
Epoch 35/125
2019/2019 - 8s - 4ms/step - accuracy: 0.9413 - loss: 0.1929 - learning_rate: 1.0000
Epoch 36/125
2019/2019 - 8s - 4ms/step - accuracy: 0.9329 - loss: 0.2214 - learning_rate: 1.0000
Epoch 37/125
2019/2019 - 8s - 4ms/step - accuracy: 0.9418 - loss: 0.1900 - learning_rate: 1.0000
Epoch 38/125
2019/2019 - 8s - 4ms/step - accuracy: 0.9418 - loss: 0.1991 - learning_rate: 1.0000
Epoch 39/125
2019/2019 - 8s - 4ms/step - accuracy: 0.9396 - loss: 0.1988 - learning_rate: 1.0000
Epoch 40/125
2019/2019 - 8s - 4ms/step - accuracy: 0.9401 - loss: 0.1955 - learning_rate: 1.0000
Epoch 41/125
2019/2019 - 8s - 4ms/step - accuracy: 0.9380 - loss: 0.1959 - learning_rate: 1.0000
Epoch 42/125
2019/2019 - 8s - 4ms/step - accuracy: 0.9356 - loss: 0.1984 - learning_rate: 1.0000
Epoch 43/125
2019/2019 - 8s - 4ms/step - accuracy: 0.9456 - loss: 0.1770 - learning_rate: 1.0000
Epoch 44/125
2019/2019 - 8s - 4ms/step - accuracy: 0.9449 - loss: 0.1855 - learning_rate: 1.0000
Epoch 45/125
2019/2019 - 8s - 4ms/step - accuracy: 0.9441 - loss: 0.1889 - learning_rate: 1.0000
Epoch 46/125
2019/2019 - 8s - 4ms/step - accuracy: 0.9495 - loss: 0.1751 - learning_rate: 1.0000
Epoch 47/125
2019/2019 - 8s - 4ms/step - accuracy: 0.9458 - loss: 0.1872 - learning_rate: 1.0000
Epoch 48/125
2019/2019 - 8s - 4ms/step - accuracy: 0.9471 - loss: 0.1777 - learning_rate: 1.0000
Epoch 49/125
2019/2019 - 8s - 4ms/step - accuracy: 0.9460 - loss: 0.1906 - learning_rate: 1.0000
Epoch 50/125
2019/2019 - 9s - 4ms/step - accuracy: 0.9493 - loss: 0.1792 - learning_rate: 1.0000
Epoch 51/125
2019/2019 - 10s - 5ms/step - accuracy: 0.9430 - loss: 0.1875 - learning_rate: 1.0000
Epoch 52/125
2019/2019 - 10s - 5ms/step - accuracy: 0.9450 - loss: 0.1693 - learning_rate: 1.0000
Epoch 53/125
2019/2019 - 10s - 5ms/step - accuracy: 0.9398 - loss: 0.2017 - learning_rate: 1.0000
Epoch 54/125
2019/2019 - 9s - 5ms/step - accuracy: 0.9425 - loss: 0.1918 - learning_rate: 1.0000
Epoch 55/125
2019/2019 - 10s - 5ms/step - accuracy: 0.9440 - loss: 0.1861 - learning_rate: 1.0000
Epoch 56/125
2019/2019 - 10s - 5ms/step - accuracy: 0.9448 - loss: 0.1838 - learning_rate: 1.0000
Epoch 57/125
2019/2019 - 10s - 5ms/step - accuracy: 0.9491 - loss: 0.1655 - learning_rate: 1.0000
Epoch 58/125
2019/2019 - 10s - 5ms/step - accuracy: 0.9464 - loss: 0.1804 - learning_rate: 1.0000
Epoch 59/125
2019/2019 - 9s - 5ms/step - accuracy: 0.9480 - loss: 0.1652 - learning_rate: 1.0000
Epoch 60/125
2019/2019 - 10s - 5ms/step - accuracy: 0.9454 - loss: 0.1793 - learning_rate: 1.0000
Epoch 61/125
2019/2019 - 10s - 5ms/step - accuracy: 0.9486 - loss: 0.1705 - learning_rate: 1.0000
Epoch 62/125
2019/2019 - 10s - 5ms/step - accuracy: 0.9495 - loss: 0.1661 - learning_rate: 1.0000
Epoch 63/125
2019/2019 - 9s - 5ms/step - accuracy: 0.9470 - loss: 0.1677 - learning_rate: 1.0000
Epoch 64/125
2019/2019 - 10s - 5ms/step - accuracy: 0.9446 - loss: 0.1874 - learning_rate: 1.0000
Epoch 65/125
2019/2019 - 10s - 5ms/step - accuracy: 0.9465 - loss: 0.1762 - learning_rate: 1.0000
Epoch 66/125
2019/2019 - 10s - 5ms/step - accuracy: 0.9510 - loss: 0.1628 - learning_rate: 1.0000
Epoch 67/125
2019/2019 - 10s - 5ms/step - accuracy: 0.9510 - loss: 0.1719 - learning_rate: 1.0000
Epoch 68/125
2019/2019 - 10s - 5ms/step - accuracy: 0.9435 - loss: 0.1778 - learning_rate: 1.0000
Epoch 69/125
2019/2019 - 10s - 5ms/step - accuracy: 0.9464 - loss: 0.1842 - learning_rate: 1.0000
Epoch 70/125
2019/2019 - 10s - 5ms/step - accuracy: 0.9518 - loss: 0.1694 - learning_rate: 1.0000
Epoch 71/125
2019/2019 - 9s - 5ms/step - accuracy: 0.9500 - loss: 0.1679 - learning_rate: 1.0000
Epoch 72/125
2019/2019 - 9s - 5ms/step - accuracy: 0.9455 - loss: 0.1926 - learning_rate: 1.0000
Epoch 73/125
2019/2019 - 10s - 5ms/step - accuracy: 0.9467 - loss: 0.1786 - learning_rate: 1.0000
Epoch 74/125
2019/2019 - 10s - 5ms/step - accuracy: 0.9481 - loss: 0.1692 - learning_rate: 1.0000
Epoch 75/125
2019/2019 - 10s - 5ms/step - accuracy: 0.9480 - loss: 0.1771 - learning_rate: 1.0000
Epoch 76/125
2019/2019 - 9s - 5ms/step - accuracy: 0.9459 - loss: 0.1824 - learning_rate: 1.0000
Epoch 77/125
2019/2019 - 9s - 4ms/step - accuracy: 0.9490 - loss: 0.1740 - learning_rate: 1.0000
Epoch 78/125
2019/2019 - 9s - 4ms/step - accuracy: 0.9451 - loss: 0.1786 - learning_rate: 1.0000
Epoch 79/125
2019/2019 - 8s - 4ms/step - accuracy: 0.9433 - loss: 0.1831 - learning_rate: 1.0000
Epoch 80/125
2019/2019 - 8s - 4ms/step - accuracy: 0.9460 - loss: 0.1839 - learning_rate: 1.0000
Epoch 81/125
2019/2019 - 8s - 4ms/step - accuracy: 0.9502 - loss: 0.1772 - learning_rate: 1.0000
Epoch 82/125
2019/2019 - 8s - 4ms/step - accuracy: 0.9459 - loss: 0.1780 - learning_rate: 1.0000
Epoch 83/125
2019/2019 - 8s - 4ms/step - accuracy: 0.9537 - loss: 0.1565 - learning_rate: 1.0000
Epoch 84/125
2019/2019 - 8s - 4ms/step - accuracy: 0.9466 - loss: 0.1758 - learning_rate: 1.0000
Epoch 85/125
2019/2019 - 10s - 5ms/step - accuracy: 0.9492 - loss: 0.1721 - learning_rate: 1.0000
Epoch 86/125
2019/2019 - 8s - 4ms/step - accuracy: 0.9465 - loss: 0.1779 - learning_rate: 1.0000
Epoch 87/125
2019/2019 - 8s - 4ms/step - accuracy: 0.9461 - loss: 0.1818 - learning_rate: 1.0000
Epoch 88/125
2019/2019 - 8s - 4ms/step - accuracy: 0.9481 - loss: 0.1767 - learning_rate: 1.0000
Epoch 89/125
2019/2019 - 8s - 4ms/step - accuracy: 0.9459 - loss: 0.1827 - learning_rate: 1.0000
Epoch 90/125
2019/2019 - 8s - 4ms/step - accuracy: 0.9501 - loss: 0.1604 - learning_rate: 1.0000
Epoch 91/125
2019/2019 - 8s - 4ms/step - accuracy: 0.9493 - loss: 0.1731 - learning_rate: 1.0000
Epoch 92/125
2019/2019 - 8s - 4ms/step - accuracy: 0.9466 - loss: 0.1877 - learning_rate: 1.0000
Epoch 93/125
2019/2019 - 8s - 4ms/step - accuracy: 0.9500 - loss: 0.1750 - learning_rate: 1.0000
Epoch 94/125
2019/2019 - 8s - 4ms/step - accuracy: 0.9466 - loss: 0.1688 - learning_rate: 1.0000
Epoch 95/125
2019/2019 - 8s - 4ms/step - accuracy: 0.9466 - loss: 0.1885 - learning_rate: 1.0000
Epoch 96/125
2019/2019 - 8s - 4ms/step - accuracy: 0.9501 - loss: 0.1709 - learning_rate: 1.0000
Epoch 97/125
2019/2019 - 8s - 4ms/step - accuracy: 0.9475 - loss: 0.1789 - learning_rate: 1.0000
Epoch 98/125
2019/2019 - 8s - 4ms/step - accuracy: 0.9486 - loss: 0.1701 - learning_rate: 1.0000
Epoch 99/125
2019/2019 - 8s - 4ms/step - accuracy: 0.9518 - loss: 0.1747 - learning_rate: 1.0000
Epoch 100/125
2019/2019 - 8s - 4ms/step - accuracy: 0.9461 - loss: 0.1848 - learning_rate: 1.0000
Epoch 101/125
2019/2019 - 8s - 4ms/step - accuracy: 0.9522 - loss: 0.1665 - learning_rate: 0.9620
Epoch 102/125
2019/2019 - 8s - 4ms/step - accuracy: 0.9472 - loss: 0.1718 - learning_rate: 0.9240
Epoch 103/125
2019/2019 - 8s - 4ms/step - accuracy: 0.9548 - loss: 0.1593 - learning_rate: 0.8860
Epoch 104/125
2019/2019 - 8s - 4ms/step - accuracy: 0.9496 - loss: 0.1779 - learning_rate: 0.8480
Epoch 105/125
2019/2019 - 8s - 4ms/step - accuracy: 0.9508 - loss: 0.1620 - learning_rate: 0.8100
Epoch 106/125
2019/2019 - 8s - 4ms/step - accuracy: 0.9542 - loss: 0.1583 - learning_rate: 0.7720
Epoch 107/125
2019/2019 - 10s - 5ms/step - accuracy: 0.9527 - loss: 0.1582 - learning_rate: 0.7340
Epoch 108/125
2019/2019 - 8s - 4ms/step - accuracy: 0.9627 - loss: 0.1355 - learning_rate: 0.6960
Epoch 109/125
2019/2019 - 8s - 4ms/step - accuracy: 0.9575 - loss: 0.1381 - learning_rate: 0.6580
Epoch 110/125
2019/2019 - 8s - 4ms/step - accuracy: 0.9589 - loss: 0.1380 - learning_rate: 0.6200
Epoch 111/125
2019/2019 - 8s - 4ms/step - accuracy: 0.9601 - loss: 0.1556 - learning_rate: 0.5820
Epoch 112/125
2019/2019 - 8s - 4ms/step - accuracy: 0.9604 - loss: 0.1344 - learning_rate: 0.5440
Epoch 113/125
2019/2019 - 8s - 4ms/step - accuracy: 0.9611 - loss: 0.1357 - learning_rate: 0.5060
Epoch 114/125
2019/2019 - 8s - 4ms/step - accuracy: 0.9576 - loss: 0.1405 - learning_rate: 0.4680
Epoch 115/125
2019/2019 - 9s - 4ms/step - accuracy: 0.9615 - loss: 0.1373 - learning_rate: 0.4300
Epoch 116/125
2019/2019 - 9s - 4ms/step - accuracy: 0.9621 - loss: 0.1288 - learning_rate: 0.3920
Epoch 117/125
2019/2019 - 9s - 4ms/step - accuracy: 0.9654 - loss: 0.1230 - learning_rate: 0.3540
Epoch 118/125
2019/2019 - 8s - 4ms/step - accuracy: 0.9659 - loss: 0.1154 - learning_rate: 0.3160
Epoch 119/125
2019/2019 - 8s - 4ms/step - accuracy: 0.9624 - loss: 0.1289 - learning_rate: 0.2780
Epoch 120/125
2019/2019 - 8s - 4ms/step - accuracy: 0.9672 - loss: 0.1177 - learning_rate: 0.2400
Epoch 121/125
2019/2019 - 8s - 4ms/step - accuracy: 0.9648 - loss: 0.1027 - learning_rate: 0.2020
Epoch 122/125
2019/2019 - 8s - 4ms/step - accuracy: 0.9650 - loss: 0.1085 - learning_rate: 0.1640
Epoch 123/125
2019/2019 - 8s - 4ms/step - accuracy: 0.9672 - loss: 0.1032 - learning_rate: 0.1260
Epoch 124/125
2019/2019 - 9s - 4ms/step - accuracy: 0.9689 - loss: 0.1088 - learning_rate: 0.0880
Epoch 125/125
2019/2019 - 8s - 4ms/step - accuracy: 0.9676 - loss: 0.1027 - learning_rate: 0.0500
[final] ran 125 epochs in 1073s (8.58 s/ep), final loss 0.10270, acc 0.9676
saved models\dig-class11_r1s42_s2.keras
Static-shape rebuild verified (max delta 0.00e+00)
Saved artifact at 'C:\Users\josep\AppData\Local\Temp\tmp8blmi308'. The following endpoints are available:

* Endpoint 'serve'
  args_0 (POSITIONAL_ONLY): TensorSpec(shape=(1, 32, 20, 3), dtype=tf.float32, name='keras_tensor_24')
Output Type:
  TensorSpec(shape=(1, 11), dtype=tf.float32, name=None)
Captures:
  2128663428752: TensorSpec(shape=(), dtype=tf.resource, name=None)
  2128663428560: TensorSpec(shape=(), dtype=tf.resource, name=None)
  2128663427792: TensorSpec(shape=(), dtype=tf.resource, name=None)
  2128663427216: TensorSpec(shape=(), dtype=tf.resource, name=None)
  2128663428176: TensorSpec(shape=(), dtype=tf.resource, name=None)
  2128663428368: TensorSpec(shape=(), dtype=tf.resource, name=None)
  2128663427984: TensorSpec(shape=(), dtype=tf.resource, name=None)
  2128663428944: TensorSpec(shape=(), dtype=tf.resource, name=None)
  2128665478928: TensorSpec(shape=(), dtype=tf.resource, name=None)
  2128665479312: TensorSpec(shape=(), dtype=tf.resource, name=None)
  2128665477584: TensorSpec(shape=(), dtype=tf.resource, name=None)
  2128665479504: TensorSpec(shape=(), dtype=tf.resource, name=None)
  2128665478352: TensorSpec(shape=(), dtype=tf.resource, name=None)
  2128665479696: TensorSpec(shape=(), dtype=tf.resource, name=None)
  representative dataset: 256 distinct images (256 user + 0 upstream)
Saved artifact at 'C:\Users\josep\AppData\Local\Temp\tmpsx173ehz'. The following endpoints are available:

* Endpoint 'serve'
  args_0 (POSITIONAL_ONLY): TensorSpec(shape=(1, 32, 20, 3), dtype=tf.float32, name='keras_tensor_24')
Output Type:
  TensorSpec(shape=(1, 11), dtype=tf.float32, name=None)
Captures:
  2128663428752: TensorSpec(shape=(), dtype=tf.resource, name=None)
  2128663428560: TensorSpec(shape=(), dtype=tf.resource, name=None)
  2128663427792: TensorSpec(shape=(), dtype=tf.resource, name=None)
  2128663427216: TensorSpec(shape=(), dtype=tf.resource, name=None)
  2128663428176: TensorSpec(shape=(), dtype=tf.resource, name=None)
  2128663428368: TensorSpec(shape=(), dtype=tf.resource, name=None)
  2128663427984: TensorSpec(shape=(), dtype=tf.resource, name=None)
  2128663428944: TensorSpec(shape=(), dtype=tf.resource, name=None)
  2128665478928: TensorSpec(shape=(), dtype=tf.resource, name=None)
  2128665479312: TensorSpec(shape=(), dtype=tf.resource, name=None)
  2128665477584: TensorSpec(shape=(), dtype=tf.resource, name=None)
  2128665479504: TensorSpec(shape=(), dtype=tf.resource, name=None)
  2128665478352: TensorSpec(shape=(), dtype=tf.resource, name=None)
  2128665479696: TensorSpec(shape=(), dtype=tf.resource, name=None)
C:\Users\josep\AppData\Local\Programs\Python\Python312\Lib\site-packages\tensorflow\lite\python\convert.py:846: UserWarning: Statistics for quantized inputs were expected, but not specified; continuing anyway.
  warnings.warn(
fully_quantize: 0, inference_type: 6, input_inference_type: FLOAT32, output_inference_type: FLOAT32
Saved artifact at 'C:\Users\josep\AppData\Local\Temp\tmptdektok_'. The following endpoints are available:

* Endpoint 'serve'
  args_0 (POSITIONAL_ONLY): TensorSpec(shape=(1, 32, 20, 3), dtype=tf.float32, name='keras_tensor_24')
Output Type:
  TensorSpec(shape=(1, 11), dtype=tf.float32, name=None)
Captures:
  2128663428752: TensorSpec(shape=(), dtype=tf.resource, name=None)
  2128663428560: TensorSpec(shape=(), dtype=tf.resource, name=None)
  2128663427792: TensorSpec(shape=(), dtype=tf.resource, name=None)
  2128663427216: TensorSpec(shape=(), dtype=tf.resource, name=None)
  2128663428176: TensorSpec(shape=(), dtype=tf.resource, name=None)
  2128663428368: TensorSpec(shape=(), dtype=tf.resource, name=None)
  2128663427984: TensorSpec(shape=(), dtype=tf.resource, name=None)
  2128663428944: TensorSpec(shape=(), dtype=tf.resource, name=None)
  2128665478928: TensorSpec(shape=(), dtype=tf.resource, name=None)
  2128665479312: TensorSpec(shape=(), dtype=tf.resource, name=None)
  2128665477584: TensorSpec(shape=(), dtype=tf.resource, name=None)
  2128665479504: TensorSpec(shape=(), dtype=tf.resource, name=None)
  2128665478352: TensorSpec(shape=(), dtype=tf.resource, name=None)
  2128665479696: TensorSpec(shape=(), dtype=tf.resource, name=None)
C:\Users\josep\AppData\Local\Programs\Python\Python312\Lib\site-packages\tensorflow\lite\python\convert.py:846: UserWarning: Statistics for quantized inputs were expected, but not specified; continuing anyway.
  warnings.warn(
fully_quantize: 0, inference_type: 6, input_inference_type: FLOAT32, output_inference_type: FLOAT32
exported models\dig-class11_r1s42_s2.tflite  (349 KB)
exported models\dig-class11_r1s42_s2_q.tflite  (95 KB)
exported models\dig-class11_r1s42_s2_qpt.tflite  (93 KB)
