WARNING: All log messages before absl::InitializeLog() is called are written to STDERR
I0000 00:00:1791072611.014437   38780 port.cc:153] oneDNN custom operations are on. You may see slightly different numerical results due to floating-point round-off errors from different computation orders. To turn them off, set the environment variable `TF_ENABLE_ONEDNN_OPTS=0`.
WARNING: All log messages before absl::InitializeLog() is called are written to STDERR
I0000 00:00:1791072616.306852   38780 port.cc:153] oneDNN custom operations are on. You may see slightly different numerical results due to floating-point round-off errors from different computation orders. To turn them off, set the environment variable `TF_ENABLE_ONEDNN_OPTS=0`.
WARNING:tensorflow:TensorFlow GPU support is not available on native Windows for TensorFlow >= 2.11. Even if CUDA/cuDNN are installed, GPU will not be used. Please use WSL2 or the TensorFlow-DirectML plugin.
dig-class11 graph: 88023 params
upstream 03_data_resize_all-use_for_training: 1290 images
user     work/_corpus9008_20x32: 6809 images (4644 frames)

=== FINAL: train on 100% of the pool, 8099 images (1290 upstream + 6809 user x1), 75 epochs, no validation, no early stopping ===
Epoch 1/75
2025/2025 - 14s - 7ms/step - accuracy: 0.1256 - loss: 2.3713
Epoch 2/75
2025/2025 - 21s - 10ms/step - accuracy: 0.3388 - loss: 1.8769
Epoch 3/75
2025/2025 - 11s - 6ms/step - accuracy: 0.4849 - loss: 1.4060
Epoch 4/75
2025/2025 - 12s - 6ms/step - accuracy: 0.5561 - loss: 1.2517
Epoch 5/75
2025/2025 - 12s - 6ms/step - accuracy: 0.6119 - loss: 1.1090
Epoch 6/75
2025/2025 - 12s - 6ms/step - accuracy: 0.6551 - loss: 0.9961
Epoch 7/75
2025/2025 - 12s - 6ms/step - accuracy: 0.6761 - loss: 0.9427
Epoch 8/75
2025/2025 - 11s - 6ms/step - accuracy: 0.6826 - loss: 0.9336
Epoch 9/75
2025/2025 - 12s - 6ms/step - accuracy: 0.7021 - loss: 0.8666
Epoch 10/75
2025/2025 - 12s - 6ms/step - accuracy: 0.7217 - loss: 0.8517
Epoch 11/75
2025/2025 - 12s - 6ms/step - accuracy: 0.7175 - loss: 0.8397
Epoch 12/75
2025/2025 - 11s - 6ms/step - accuracy: 0.7319 - loss: 0.8038
Epoch 13/75
2025/2025 - 11s - 6ms/step - accuracy: 0.7337 - loss: 0.8019
Epoch 14/75
2025/2025 - 11s - 6ms/step - accuracy: 0.7369 - loss: 0.7759
Epoch 15/75
2025/2025 - 11s - 6ms/step - accuracy: 0.7454 - loss: 0.7659
Epoch 16/75
2025/2025 - 11s - 6ms/step - accuracy: 0.7387 - loss: 0.7616
Epoch 17/75
2025/2025 - 11s - 5ms/step - accuracy: 0.7502 - loss: 0.7333
Epoch 18/75
2025/2025 - 12s - 6ms/step - accuracy: 0.7505 - loss: 0.7472
Epoch 19/75
2025/2025 - 12s - 6ms/step - accuracy: 0.7622 - loss: 0.7144
Epoch 20/75
2025/2025 - 12s - 6ms/step - accuracy: 0.7589 - loss: 0.7179
Epoch 21/75
2025/2025 - 9s - 4ms/step - accuracy: 0.7598 - loss: 0.7175
Epoch 22/75
2025/2025 - 9s - 5ms/step - accuracy: 0.7785 - loss: 0.6727
Epoch 23/75
2025/2025 - 9s - 4ms/step - accuracy: 0.7692 - loss: 0.7058
Epoch 24/75
2025/2025 - 9s - 4ms/step - accuracy: 0.7652 - loss: 0.7120
Epoch 25/75
2025/2025 - 9s - 4ms/step - accuracy: 0.7750 - loss: 0.6662
Epoch 26/75
2025/2025 - 8s - 4ms/step - accuracy: 0.7686 - loss: 0.6910
Epoch 27/75
2025/2025 - 9s - 4ms/step - accuracy: 0.7733 - loss: 0.6747
Epoch 28/75
2025/2025 - 8s - 4ms/step - accuracy: 0.7776 - loss: 0.6527
Epoch 29/75
2025/2025 - 9s - 4ms/step - accuracy: 0.7697 - loss: 0.6707
Epoch 30/75
2025/2025 - 8s - 4ms/step - accuracy: 0.7800 - loss: 0.6649
Epoch 31/75
2025/2025 - 9s - 4ms/step - accuracy: 0.7718 - loss: 0.6677
Epoch 32/75
2025/2025 - 9s - 4ms/step - accuracy: 0.7752 - loss: 0.6723
Epoch 33/75
2025/2025 - 9s - 4ms/step - accuracy: 0.7844 - loss: 0.6330
Epoch 34/75
2025/2025 - 9s - 4ms/step - accuracy: 0.7889 - loss: 0.6329
Epoch 35/75
2025/2025 - 9s - 4ms/step - accuracy: 0.7787 - loss: 0.6740
Epoch 36/75
2025/2025 - 9s - 4ms/step - accuracy: 0.7860 - loss: 0.6412
Epoch 37/75
2025/2025 - 9s - 4ms/step - accuracy: 0.7928 - loss: 0.6198
Epoch 38/75
2025/2025 - 9s - 4ms/step - accuracy: 0.7823 - loss: 0.6528
Epoch 39/75
2025/2025 - 9s - 4ms/step - accuracy: 0.7843 - loss: 0.6462
Epoch 40/75
2025/2025 - 9s - 4ms/step - accuracy: 0.7864 - loss: 0.6370
Epoch 41/75
2025/2025 - 9s - 4ms/step - accuracy: 0.7837 - loss: 0.6388
Epoch 42/75
2025/2025 - 9s - 4ms/step - accuracy: 0.7903 - loss: 0.6260
Epoch 43/75
2025/2025 - 9s - 4ms/step - accuracy: 0.7926 - loss: 0.6209
Epoch 44/75
2025/2025 - 9s - 4ms/step - accuracy: 0.7796 - loss: 0.6419
Epoch 45/75
2025/2025 - 9s - 4ms/step - accuracy: 0.7908 - loss: 0.6384
Epoch 46/75
2025/2025 - 8s - 4ms/step - accuracy: 0.7873 - loss: 0.6421
Epoch 47/75
2025/2025 - 9s - 4ms/step - accuracy: 0.7944 - loss: 0.6233
Epoch 48/75
2025/2025 - 9s - 4ms/step - accuracy: 0.7800 - loss: 0.6565
Epoch 49/75
2025/2025 - 9s - 4ms/step - accuracy: 0.7889 - loss: 0.6335
Epoch 50/75
2025/2025 - 8s - 4ms/step - accuracy: 0.7911 - loss: 0.6291
Epoch 51/75
2025/2025 - 9s - 4ms/step - accuracy: 0.7879 - loss: 0.6315
Epoch 52/75
2025/2025 - 8s - 4ms/step - accuracy: 0.7900 - loss: 0.6283
Epoch 53/75
2025/2025 - 9s - 4ms/step - accuracy: 0.7936 - loss: 0.6214
Epoch 54/75
2025/2025 - 8s - 4ms/step - accuracy: 0.7968 - loss: 0.6138
Epoch 55/75
2025/2025 - 9s - 4ms/step - accuracy: 0.7873 - loss: 0.6379
Epoch 56/75
2025/2025 - 9s - 4ms/step - accuracy: 0.7969 - loss: 0.6276
Epoch 57/75
2025/2025 - 9s - 4ms/step - accuracy: 0.7984 - loss: 0.6064
Epoch 58/75
2025/2025 - 9s - 4ms/step - accuracy: 0.7982 - loss: 0.6250
Epoch 59/75
2025/2025 - 8s - 4ms/step - accuracy: 0.7899 - loss: 0.6324
Epoch 60/75
2025/2025 - 8s - 4ms/step - accuracy: 0.7892 - loss: 0.6455
Epoch 61/75
2025/2025 - 8s - 4ms/step - accuracy: 0.7945 - loss: 0.6296
Epoch 62/75
2025/2025 - 9s - 4ms/step - accuracy: 0.7979 - loss: 0.6274
Epoch 63/75
2025/2025 - 9s - 4ms/step - accuracy: 0.7964 - loss: 0.6117
Epoch 64/75
2025/2025 - 9s - 4ms/step - accuracy: 0.7906 - loss: 0.6346
Epoch 65/75
2025/2025 - 9s - 4ms/step - accuracy: 0.7852 - loss: 0.6532
Epoch 66/75
2025/2025 - 8s - 4ms/step - accuracy: 0.7913 - loss: 0.6301
Epoch 67/75
2025/2025 - 9s - 4ms/step - accuracy: 0.7921 - loss: 0.6298
Epoch 68/75
2025/2025 - 9s - 4ms/step - accuracy: 0.7966 - loss: 0.6275
Epoch 69/75
2025/2025 - 9s - 4ms/step - accuracy: 0.7966 - loss: 0.6334
Epoch 70/75
2025/2025 - 9s - 4ms/step - accuracy: 0.8049 - loss: 0.6020
Epoch 71/75
2025/2025 - 9s - 4ms/step - accuracy: 0.7969 - loss: 0.6305
Epoch 72/75
2025/2025 - 9s - 4ms/step - accuracy: 0.7933 - loss: 0.6388
Epoch 73/75
2025/2025 - 8s - 4ms/step - accuracy: 0.7938 - loss: 0.6317
Epoch 74/75
2025/2025 - 9s - 4ms/step - accuracy: 0.7990 - loss: 0.6158
Epoch 75/75
2025/2025 - 8s - 4ms/step - accuracy: 0.7971 - loss: 0.6404
[final] ran 75 epochs in 716s (9.55 s/ep), final loss 0.64038, acc 0.7971
saved models\dig-class11_9017_s2.keras
Static-shape rebuild verified (max delta 0.00e+00)
Saved artifact at 'C:\Users\josep\AppData\Local\Temp\tmpi8gzqvxz'. The following endpoints are available:

* Endpoint 'serve'
  args_0 (POSITIONAL_ONLY): TensorSpec(shape=(1, 32, 20, 3), dtype=tf.float32, name='keras_tensor_24')
Output Type:
  TensorSpec(shape=(1, 11), dtype=tf.float32, name=None)
Captures:
  2507842091344: TensorSpec(shape=(), dtype=tf.resource, name=None)
  2507842092112: TensorSpec(shape=(), dtype=tf.resource, name=None)
  2507842091920: TensorSpec(shape=(), dtype=tf.resource, name=None)
  2507842090768: TensorSpec(shape=(), dtype=tf.resource, name=None)
  2507842092496: TensorSpec(shape=(), dtype=tf.resource, name=None)
  2507842090960: TensorSpec(shape=(), dtype=tf.resource, name=None)
  2507842092688: TensorSpec(shape=(), dtype=tf.resource, name=None)
  2507844291088: TensorSpec(shape=(), dtype=tf.resource, name=None)
  2507844290896: TensorSpec(shape=(), dtype=tf.resource, name=None)
  2507844289360: TensorSpec(shape=(), dtype=tf.resource, name=None)
  2507844288592: TensorSpec(shape=(), dtype=tf.resource, name=None)
  2507844291280: TensorSpec(shape=(), dtype=tf.resource, name=None)
  2507844291664: TensorSpec(shape=(), dtype=tf.resource, name=None)
  2507844292816: TensorSpec(shape=(), dtype=tf.resource, name=None)
  representative dataset: 256 distinct images (256 user + 0 upstream)
Saved artifact at 'C:\Users\josep\AppData\Local\Temp\tmpuu66kbns'. The following endpoints are available:

* Endpoint 'serve'
  args_0 (POSITIONAL_ONLY): TensorSpec(shape=(1, 32, 20, 3), dtype=tf.float32, name='keras_tensor_24')
Output Type:
  TensorSpec(shape=(1, 11), dtype=tf.float32, name=None)
Captures:
  2507842091344: TensorSpec(shape=(), dtype=tf.resource, name=None)
  2507842092112: TensorSpec(shape=(), dtype=tf.resource, name=None)
  2507842091920: TensorSpec(shape=(), dtype=tf.resource, name=None)
  2507842090768: TensorSpec(shape=(), dtype=tf.resource, name=None)
  2507842092496: TensorSpec(shape=(), dtype=tf.resource, name=None)
  2507842090960: TensorSpec(shape=(), dtype=tf.resource, name=None)
  2507842092688: TensorSpec(shape=(), dtype=tf.resource, name=None)
  2507844291088: TensorSpec(shape=(), dtype=tf.resource, name=None)
  2507844290896: TensorSpec(shape=(), dtype=tf.resource, name=None)
  2507844289360: TensorSpec(shape=(), dtype=tf.resource, name=None)
  2507844288592: TensorSpec(shape=(), dtype=tf.resource, name=None)
  2507844291280: TensorSpec(shape=(), dtype=tf.resource, name=None)
  2507844291664: TensorSpec(shape=(), dtype=tf.resource, name=None)
  2507844292816: TensorSpec(shape=(), dtype=tf.resource, name=None)
C:\Users\josep\AppData\Local\Programs\Python\Python312\Lib\site-packages\tensorflow\lite\python\convert.py:846: UserWarning: Statistics for quantized inputs were expected, but not specified; continuing anyway.
  warnings.warn(
fully_quantize: 0, inference_type: 6, input_inference_type: FLOAT32, output_inference_type: FLOAT32
Saved artifact at 'C:\Users\josep\AppData\Local\Temp\tmpqb3n8924'. The following endpoints are available:

* Endpoint 'serve'
  args_0 (POSITIONAL_ONLY): TensorSpec(shape=(1, 32, 20, 3), dtype=tf.float32, name='keras_tensor_24')
Output Type:
  TensorSpec(shape=(1, 11), dtype=tf.float32, name=None)
Captures:
  2507842091344: TensorSpec(shape=(), dtype=tf.resource, name=None)
  2507842092112: TensorSpec(shape=(), dtype=tf.resource, name=None)
  2507842091920: TensorSpec(shape=(), dtype=tf.resource, name=None)
  2507842090768: TensorSpec(shape=(), dtype=tf.resource, name=None)
  2507842092496: TensorSpec(shape=(), dtype=tf.resource, name=None)
  2507842090960: TensorSpec(shape=(), dtype=tf.resource, name=None)
  2507842092688: TensorSpec(shape=(), dtype=tf.resource, name=None)
  2507844291088: TensorSpec(shape=(), dtype=tf.resource, name=None)
  2507844290896: TensorSpec(shape=(), dtype=tf.resource, name=None)
  2507844289360: TensorSpec(shape=(), dtype=tf.resource, name=None)
  2507844288592: TensorSpec(shape=(), dtype=tf.resource, name=None)
  2507844291280: TensorSpec(shape=(), dtype=tf.resource, name=None)
  2507844291664: TensorSpec(shape=(), dtype=tf.resource, name=None)
  2507844292816: TensorSpec(shape=(), dtype=tf.resource, name=None)
C:\Users\josep\AppData\Local\Programs\Python\Python312\Lib\site-packages\tensorflow\lite\python\convert.py:846: UserWarning: Statistics for quantized inputs were expected, but not specified; continuing anyway.
  warnings.warn(
fully_quantize: 0, inference_type: 6, input_inference_type: FLOAT32, output_inference_type: FLOAT32
exported models\dig-class11_9017_s2.tflite  (349 KB)
exported models\dig-class11_9017_s2_q.tflite  (95 KB)
exported models\dig-class11_9017_s2_qpt.tflite  (93 KB)
