WARNING: All log messages before absl::InitializeLog() is called are written to STDERR
I0000 00:00:1791497629.077490   37468 port.cc:153] oneDNN custom operations are on. You may see slightly different numerical results due to floating-point round-off errors from different computation orders. To turn them off, set the environment variable `TF_ENABLE_ONEDNN_OPTS=0`.
WARNING: All log messages before absl::InitializeLog() is called are written to STDERR
I0000 00:00:1791497632.091757   37468 port.cc:153] oneDNN custom operations are on. You may see slightly different numerical results due to floating-point round-off errors from different computation orders. To turn them off, set the environment variable `TF_ENABLE_ONEDNN_OPTS=0`.
WARNING:tensorflow:TensorFlow GPU support is not available on native Windows for TensorFlow >= 2.11. Even if CUDA/cuDNN are installed, GPU will not be used. Please use WSL2 or the TensorFlow-DirectML plugin.
==============================================================
RECIPE
  user dir     : work/_corpus_stb_20x32   upstream: 03_data_resize_all-use_for_training   user-weight x1
  aug profile  : night_aware
    gate       : mean luma <= 78 -> dark
    dark       : AugmentConfig(blur_p=0.3, blur_sigma=(0.3, 0.7), motion_p=0.08, motion_len=(2, 3), glare_p=0.0, glare_sigma_frac=(0.15, 0.9), glare_gain=(25.0, 140.0), veil_p=0.0, veil_k=(0.05, 0.42), veil_grid=(4, 3), veil_field_gain=(0.6, 1.0), veil_field_bias=(0.0, 0.4), veil_level=(150.0, 255.0), exposure=(0.85, 1.15), contrast=(0.85, 1.1), wb=(1.0, 1.0), noise_sigma=(0.5, 3.0), jpeg_p=0.3, jpeg_quality=(60, 95), scale_blur_to_size=True)
    bright     : AugmentConfig(blur_p=0.22, blur_sigma=(0.3, 0.9), motion_p=0.08, motion_len=(2, 4), glare_p=0.28, glare_sigma_frac=(0.15, 0.9), glare_gain=(25.0, 140.0), veil_p=0.35, veil_k=(0.05, 0.42), veil_grid=(4, 3), veil_field_gain=(0.6, 1.0), veil_field_bias=(0.0, 0.4), veil_level=(150.0, 255.0), exposure=(0.6, 1.4), contrast=(0.55, 1.22), wb=(0.88, 1.12), noise_sigma=(0.5, 6.0), jpeg_p=0.25, jpeg_quality=(45, 95), scale_blur_to_size=True)
  geom         : gentle  {'width_shift_range': [-1, 0, 1], 'height_shift_range': [-1, 0, 1], 'zoom_range': [0.9, 1.1], 'rotation_range': 2}
  lr           : compiled lr, linear decay over the last 0.2 of the run's epochs to x0.05
  seed 123  batch 4  epochs 125
==============================================================
dig-class11 graph: 88023 params
upstream 03_data_resize_all-use_for_training: 1290 images
user     work/_corpus_stb_20x32: 6785 images (4636 frames)

=== FINAL: train on 100% of the pool, 8075 images (1290 upstream + 6785 user x1), 125 epochs, no validation, no early stopping ===
[final] lr 1 for epochs 1-100, then linear to 0.05 at epoch 125
Epoch 1/125
2019/2019 - 9s - 5ms/step - accuracy: 0.3392 - loss: 1.7917 - learning_rate: 1.0000
Epoch 2/125
2019/2019 - 8s - 4ms/step - accuracy: 0.6612 - loss: 0.8881 - learning_rate: 1.0000
Epoch 3/125
2019/2019 - 8s - 4ms/step - accuracy: 0.8005 - loss: 0.6054 - learning_rate: 1.0000
Epoch 4/125
2019/2019 - 8s - 4ms/step - accuracy: 0.8451 - loss: 0.4832 - learning_rate: 1.0000
Epoch 5/125
2019/2019 - 8s - 4ms/step - accuracy: 0.8715 - loss: 0.4092 - learning_rate: 1.0000
Epoch 6/125
2019/2019 - 8s - 4ms/step - accuracy: 0.8758 - loss: 0.3969 - learning_rate: 1.0000
Epoch 7/125
2019/2019 - 8s - 4ms/step - accuracy: 0.8804 - loss: 0.3632 - learning_rate: 1.0000
Epoch 8/125
2019/2019 - 8s - 4ms/step - accuracy: 0.8981 - loss: 0.3200 - learning_rate: 1.0000
Epoch 9/125
2019/2019 - 8s - 4ms/step - accuracy: 0.9050 - loss: 0.3182 - learning_rate: 1.0000
Epoch 10/125
2019/2019 - 8s - 4ms/step - accuracy: 0.9051 - loss: 0.3030 - learning_rate: 1.0000
Epoch 11/125
2019/2019 - 8s - 4ms/step - accuracy: 0.9076 - loss: 0.3067 - learning_rate: 1.0000
Epoch 12/125
2019/2019 - 8s - 4ms/step - accuracy: 0.9123 - loss: 0.2732 - learning_rate: 1.0000
Epoch 13/125
2019/2019 - 8s - 4ms/step - accuracy: 0.9173 - loss: 0.2702 - learning_rate: 1.0000
Epoch 14/125
2019/2019 - 8s - 4ms/step - accuracy: 0.9181 - loss: 0.2658 - learning_rate: 1.0000
Epoch 15/125
2019/2019 - 8s - 4ms/step - accuracy: 0.9144 - loss: 0.2687 - learning_rate: 1.0000
Epoch 16/125
2019/2019 - 8s - 4ms/step - accuracy: 0.9212 - loss: 0.2453 - learning_rate: 1.0000
Epoch 17/125
2019/2019 - 8s - 4ms/step - accuracy: 0.9262 - loss: 0.2498 - learning_rate: 1.0000
Epoch 18/125
2019/2019 - 8s - 4ms/step - accuracy: 0.9233 - loss: 0.2423 - learning_rate: 1.0000
Epoch 19/125
2019/2019 - 8s - 4ms/step - accuracy: 0.9241 - loss: 0.2411 - learning_rate: 1.0000
Epoch 20/125
2019/2019 - 8s - 4ms/step - accuracy: 0.9274 - loss: 0.2335 - learning_rate: 1.0000
Epoch 21/125
2019/2019 - 8s - 4ms/step - accuracy: 0.9293 - loss: 0.2349 - learning_rate: 1.0000
Epoch 22/125
2019/2019 - 8s - 4ms/step - accuracy: 0.9272 - loss: 0.2319 - learning_rate: 1.0000
Epoch 23/125
2019/2019 - 8s - 4ms/step - accuracy: 0.9284 - loss: 0.2359 - learning_rate: 1.0000
Epoch 24/125
2019/2019 - 8s - 4ms/step - accuracy: 0.9329 - loss: 0.2235 - learning_rate: 1.0000
Epoch 25/125
2019/2019 - 8s - 4ms/step - accuracy: 0.9285 - loss: 0.2278 - learning_rate: 1.0000
Epoch 26/125
2019/2019 - 8s - 4ms/step - accuracy: 0.9341 - loss: 0.2171 - learning_rate: 1.0000
Epoch 27/125
2019/2019 - 8s - 4ms/step - accuracy: 0.9288 - loss: 0.2273 - learning_rate: 1.0000
Epoch 28/125
2019/2019 - 8s - 4ms/step - accuracy: 0.9307 - loss: 0.2312 - learning_rate: 1.0000
Epoch 29/125
2019/2019 - 8s - 4ms/step - accuracy: 0.9288 - loss: 0.2231 - learning_rate: 1.0000
Epoch 30/125
2019/2019 - 8s - 4ms/step - accuracy: 0.9377 - loss: 0.2066 - learning_rate: 1.0000
Epoch 31/125
2019/2019 - 8s - 4ms/step - accuracy: 0.9342 - loss: 0.2114 - learning_rate: 1.0000
Epoch 32/125
2019/2019 - 8s - 4ms/step - accuracy: 0.9346 - loss: 0.2115 - learning_rate: 1.0000
Epoch 33/125
2019/2019 - 8s - 4ms/step - accuracy: 0.9333 - loss: 0.2172 - learning_rate: 1.0000
Epoch 34/125
2019/2019 - 8s - 4ms/step - accuracy: 0.9397 - loss: 0.2063 - learning_rate: 1.0000
Epoch 35/125
2019/2019 - 8s - 4ms/step - accuracy: 0.9330 - loss: 0.2113 - learning_rate: 1.0000
Epoch 36/125
2019/2019 - 8s - 4ms/step - accuracy: 0.9373 - loss: 0.1991 - learning_rate: 1.0000
Epoch 37/125
2019/2019 - 10s - 5ms/step - accuracy: 0.9357 - loss: 0.2046 - learning_rate: 1.0000
Epoch 38/125
2019/2019 - 8s - 4ms/step - accuracy: 0.9414 - loss: 0.1947 - learning_rate: 1.0000
Epoch 39/125
2019/2019 - 8s - 4ms/step - accuracy: 0.9391 - loss: 0.2110 - learning_rate: 1.0000
Epoch 40/125
2019/2019 - 8s - 4ms/step - accuracy: 0.9407 - loss: 0.1951 - learning_rate: 1.0000
Epoch 41/125
2019/2019 - 8s - 4ms/step - accuracy: 0.9375 - loss: 0.1969 - learning_rate: 1.0000
Epoch 42/125
2019/2019 - 8s - 4ms/step - accuracy: 0.9386 - loss: 0.1950 - learning_rate: 1.0000
Epoch 43/125
2019/2019 - 8s - 4ms/step - accuracy: 0.9402 - loss: 0.1910 - learning_rate: 1.0000
Epoch 44/125
2019/2019 - 8s - 4ms/step - accuracy: 0.9370 - loss: 0.2042 - learning_rate: 1.0000
Epoch 45/125
2019/2019 - 8s - 4ms/step - accuracy: 0.9450 - loss: 0.1833 - learning_rate: 1.0000
Epoch 46/125
2019/2019 - 8s - 4ms/step - accuracy: 0.9409 - loss: 0.1905 - learning_rate: 1.0000
Epoch 47/125
2019/2019 - 8s - 4ms/step - accuracy: 0.9394 - loss: 0.1998 - learning_rate: 1.0000
Epoch 48/125
2019/2019 - 8s - 4ms/step - accuracy: 0.9434 - loss: 0.1959 - learning_rate: 1.0000
Epoch 49/125
2019/2019 - 8s - 4ms/step - accuracy: 0.9409 - loss: 0.1867 - learning_rate: 1.0000
Epoch 50/125
2019/2019 - 9s - 5ms/step - accuracy: 0.9433 - loss: 0.1911 - learning_rate: 1.0000
Epoch 51/125
2019/2019 - 10s - 5ms/step - accuracy: 0.9375 - loss: 0.1982 - learning_rate: 1.0000
Epoch 52/125
2019/2019 - 10s - 5ms/step - accuracy: 0.9429 - loss: 0.1883 - learning_rate: 1.0000
Epoch 53/125
2019/2019 - 10s - 5ms/step - accuracy: 0.9430 - loss: 0.1863 - learning_rate: 1.0000
Epoch 54/125
2019/2019 - 10s - 5ms/step - accuracy: 0.9455 - loss: 0.1787 - learning_rate: 1.0000
Epoch 55/125
2019/2019 - 10s - 5ms/step - accuracy: 0.9460 - loss: 0.1896 - learning_rate: 1.0000
Epoch 56/125
2019/2019 - 11s - 5ms/step - accuracy: 0.9443 - loss: 0.1823 - learning_rate: 1.0000
Epoch 57/125
2019/2019 - 10s - 5ms/step - accuracy: 0.9440 - loss: 0.1737 - learning_rate: 1.0000
Epoch 58/125
2019/2019 - 10s - 5ms/step - accuracy: 0.9428 - loss: 0.1807 - learning_rate: 1.0000
Epoch 59/125
2019/2019 - 10s - 5ms/step - accuracy: 0.9445 - loss: 0.1764 - learning_rate: 1.0000
Epoch 60/125
2019/2019 - 10s - 5ms/step - accuracy: 0.9422 - loss: 0.1992 - learning_rate: 1.0000
Epoch 61/125
2019/2019 - 10s - 5ms/step - accuracy: 0.9438 - loss: 0.1858 - learning_rate: 1.0000
Epoch 62/125
2019/2019 - 10s - 5ms/step - accuracy: 0.9463 - loss: 0.1705 - learning_rate: 1.0000
Epoch 63/125
2019/2019 - 10s - 5ms/step - accuracy: 0.9444 - loss: 0.1746 - learning_rate: 1.0000
Epoch 64/125
2019/2019 - 10s - 5ms/step - accuracy: 0.9489 - loss: 0.1725 - learning_rate: 1.0000
Epoch 65/125
2019/2019 - 10s - 5ms/step - accuracy: 0.9433 - loss: 0.1851 - learning_rate: 1.0000
Epoch 66/125
2019/2019 - 10s - 5ms/step - accuracy: 0.9451 - loss: 0.1797 - learning_rate: 1.0000
Epoch 67/125
2019/2019 - 10s - 5ms/step - accuracy: 0.9428 - loss: 0.1730 - learning_rate: 1.0000
Epoch 68/125
2019/2019 - 10s - 5ms/step - accuracy: 0.9443 - loss: 0.1968 - learning_rate: 1.0000
Epoch 69/125
2019/2019 - 10s - 5ms/step - accuracy: 0.9453 - loss: 0.1807 - learning_rate: 1.0000
Epoch 70/125
2019/2019 - 10s - 5ms/step - accuracy: 0.9441 - loss: 0.1857 - learning_rate: 1.0000
Epoch 71/125
2019/2019 - 9s - 5ms/step - accuracy: 0.9443 - loss: 0.1899 - learning_rate: 1.0000
Epoch 72/125
2019/2019 - 10s - 5ms/step - accuracy: 0.9438 - loss: 0.1799 - learning_rate: 1.0000
Epoch 73/125
2019/2019 - 10s - 5ms/step - accuracy: 0.9448 - loss: 0.1822 - learning_rate: 1.0000
Epoch 74/125
2019/2019 - 10s - 5ms/step - accuracy: 0.9455 - loss: 0.1880 - learning_rate: 1.0000
Epoch 75/125
2019/2019 - 9s - 4ms/step - accuracy: 0.9456 - loss: 0.1777 - learning_rate: 1.0000
Epoch 76/125
2019/2019 - 9s - 4ms/step - accuracy: 0.9507 - loss: 0.1590 - learning_rate: 1.0000
Epoch 77/125
2019/2019 - 9s - 4ms/step - accuracy: 0.9474 - loss: 0.1732 - learning_rate: 1.0000
Epoch 78/125
2019/2019 - 8s - 4ms/step - accuracy: 0.9485 - loss: 0.1705 - learning_rate: 1.0000
Epoch 79/125
2019/2019 - 8s - 4ms/step - accuracy: 0.9481 - loss: 0.1843 - learning_rate: 1.0000
Epoch 80/125
2019/2019 - 8s - 4ms/step - accuracy: 0.9461 - loss: 0.1808 - learning_rate: 1.0000
Epoch 81/125
2019/2019 - 8s - 4ms/step - accuracy: 0.9510 - loss: 0.1628 - learning_rate: 1.0000
Epoch 82/125
2019/2019 - 8s - 4ms/step - accuracy: 0.9456 - loss: 0.1784 - learning_rate: 1.0000
Epoch 83/125
2019/2019 - 8s - 4ms/step - accuracy: 0.9422 - loss: 0.1833 - learning_rate: 1.0000
Epoch 84/125
2019/2019 - 8s - 4ms/step - accuracy: 0.9463 - loss: 0.1705 - learning_rate: 1.0000
Epoch 85/125
2019/2019 - 8s - 4ms/step - accuracy: 0.9440 - loss: 0.1891 - learning_rate: 1.0000
Epoch 86/125
2019/2019 - 8s - 4ms/step - accuracy: 0.9502 - loss: 0.1845 - learning_rate: 1.0000
Epoch 87/125
2019/2019 - 10s - 5ms/step - accuracy: 0.9489 - loss: 0.1715 - learning_rate: 1.0000
Epoch 88/125
2019/2019 - 8s - 4ms/step - accuracy: 0.9506 - loss: 0.1588 - learning_rate: 1.0000
Epoch 89/125
2019/2019 - 8s - 4ms/step - accuracy: 0.9464 - loss: 0.1860 - learning_rate: 1.0000
Epoch 90/125
2019/2019 - 8s - 4ms/step - accuracy: 0.9520 - loss: 0.1639 - learning_rate: 1.0000
Epoch 91/125
2019/2019 - 8s - 4ms/step - accuracy: 0.9439 - loss: 0.1832 - learning_rate: 1.0000
Epoch 92/125
2019/2019 - 8s - 4ms/step - accuracy: 0.9415 - loss: 0.1868 - learning_rate: 1.0000
Epoch 93/125
2019/2019 - 8s - 4ms/step - accuracy: 0.9469 - loss: 0.1753 - learning_rate: 1.0000
Epoch 94/125
2019/2019 - 8s - 4ms/step - accuracy: 0.9451 - loss: 0.1839 - learning_rate: 1.0000
Epoch 95/125
2019/2019 - 8s - 4ms/step - accuracy: 0.9463 - loss: 0.1827 - learning_rate: 1.0000
Epoch 96/125
2019/2019 - 8s - 4ms/step - accuracy: 0.9455 - loss: 0.1832 - learning_rate: 1.0000
Epoch 97/125
2019/2019 - 8s - 4ms/step - accuracy: 0.9491 - loss: 0.1722 - learning_rate: 1.0000
Epoch 98/125
2019/2019 - 8s - 4ms/step - accuracy: 0.9485 - loss: 0.1720 - learning_rate: 1.0000
Epoch 99/125
2019/2019 - 8s - 4ms/step - accuracy: 0.9484 - loss: 0.1809 - learning_rate: 1.0000
Epoch 100/125
2019/2019 - 8s - 4ms/step - accuracy: 0.9471 - loss: 0.1746 - learning_rate: 1.0000
Epoch 101/125
2019/2019 - 8s - 4ms/step - accuracy: 0.9474 - loss: 0.1765 - learning_rate: 0.9620
Epoch 102/125
2019/2019 - 8s - 4ms/step - accuracy: 0.9500 - loss: 0.1761 - learning_rate: 0.9240
Epoch 103/125
2019/2019 - 8s - 4ms/step - accuracy: 0.9450 - loss: 0.1784 - learning_rate: 0.8860
Epoch 104/125
2019/2019 - 8s - 4ms/step - accuracy: 0.9492 - loss: 0.1694 - learning_rate: 0.8480
Epoch 105/125
2019/2019 - 8s - 4ms/step - accuracy: 0.9538 - loss: 0.1557 - learning_rate: 0.8100
Epoch 106/125
2019/2019 - 8s - 4ms/step - accuracy: 0.9490 - loss: 0.1618 - learning_rate: 0.7720
Epoch 107/125
2019/2019 - 8s - 4ms/step - accuracy: 0.9558 - loss: 0.1470 - learning_rate: 0.7340
Epoch 108/125
2019/2019 - 8s - 4ms/step - accuracy: 0.9550 - loss: 0.1535 - learning_rate: 0.6960
Epoch 109/125
2019/2019 - 8s - 4ms/step - accuracy: 0.9521 - loss: 0.1561 - learning_rate: 0.6580
Epoch 110/125
2019/2019 - 8s - 4ms/step - accuracy: 0.9584 - loss: 0.1363 - learning_rate: 0.6200
Epoch 111/125
2019/2019 - 8s - 4ms/step - accuracy: 0.9552 - loss: 0.1555 - learning_rate: 0.5820
Epoch 112/125
2019/2019 - 8s - 4ms/step - accuracy: 0.9630 - loss: 0.1373 - learning_rate: 0.5440
Epoch 113/125
2019/2019 - 8s - 4ms/step - accuracy: 0.9544 - loss: 0.1544 - learning_rate: 0.5060
Epoch 114/125
2019/2019 - 8s - 4ms/step - accuracy: 0.9553 - loss: 0.1448 - learning_rate: 0.4680
Epoch 115/125
2019/2019 - 9s - 4ms/step - accuracy: 0.9599 - loss: 0.1333 - learning_rate: 0.4300
Epoch 116/125
2019/2019 - 9s - 4ms/step - accuracy: 0.9614 - loss: 0.1380 - learning_rate: 0.3920
Epoch 117/125
2019/2019 - 9s - 4ms/step - accuracy: 0.9620 - loss: 0.1265 - learning_rate: 0.3540
Epoch 118/125
2019/2019 - 8s - 4ms/step - accuracy: 0.9637 - loss: 0.1130 - learning_rate: 0.3160
Epoch 119/125
2019/2019 - 8s - 4ms/step - accuracy: 0.9638 - loss: 0.1166 - learning_rate: 0.2780
Epoch 120/125
2019/2019 - 8s - 4ms/step - accuracy: 0.9667 - loss: 0.1058 - learning_rate: 0.2400
Epoch 121/125
2019/2019 - 8s - 4ms/step - accuracy: 0.9631 - loss: 0.1192 - learning_rate: 0.2020
Epoch 122/125
2019/2019 - 8s - 4ms/step - accuracy: 0.9607 - loss: 0.1294 - learning_rate: 0.1640
Epoch 123/125
2019/2019 - 9s - 4ms/step - accuracy: 0.9678 - loss: 0.1035 - learning_rate: 0.1260
Epoch 124/125
2019/2019 - 9s - 4ms/step - accuracy: 0.9668 - loss: 0.1225 - learning_rate: 0.0880
Epoch 125/125
2019/2019 - 7s - 4ms/step - accuracy: 0.9677 - loss: 0.1048 - learning_rate: 0.0500
[final] ran 125 epochs in 1077s (8.62 s/ep), final loss 0.10483, acc 0.9677
saved models\dig-class11_r1s123_s2.keras
Static-shape rebuild verified (max delta 0.00e+00)
Saved artifact at 'C:\Users\josep\AppData\Local\Temp\tmphsy4ovxu'. The following endpoints are available:

* Endpoint 'serve'
  args_0 (POSITIONAL_ONLY): TensorSpec(shape=(1, 32, 20, 3), dtype=tf.float32, name='keras_tensor_24')
Output Type:
  TensorSpec(shape=(1, 11), dtype=tf.float32, name=None)
Captures:
  1725593419408: TensorSpec(shape=(), dtype=tf.resource, name=None)
  1725593419216: TensorSpec(shape=(), dtype=tf.resource, name=None)
  1725593418448: TensorSpec(shape=(), dtype=tf.resource, name=None)
  1725593417872: TensorSpec(shape=(), dtype=tf.resource, name=None)
  1725593418832: TensorSpec(shape=(), dtype=tf.resource, name=None)
  1725593419024: TensorSpec(shape=(), dtype=tf.resource, name=None)
  1725593418640: TensorSpec(shape=(), dtype=tf.resource, name=None)
  1725593419600: TensorSpec(shape=(), dtype=tf.resource, name=None)
  1725595371280: TensorSpec(shape=(), dtype=tf.resource, name=None)
  1725595371664: TensorSpec(shape=(), dtype=tf.resource, name=None)
  1725595369936: TensorSpec(shape=(), dtype=tf.resource, name=None)
  1725595371856: TensorSpec(shape=(), dtype=tf.resource, name=None)
  1725595370704: TensorSpec(shape=(), dtype=tf.resource, name=None)
  1725595372048: TensorSpec(shape=(), dtype=tf.resource, name=None)
  representative dataset: 256 distinct images (256 user + 0 upstream)
Saved artifact at 'C:\Users\josep\AppData\Local\Temp\tmpicvpuovd'. The following endpoints are available:

* Endpoint 'serve'
  args_0 (POSITIONAL_ONLY): TensorSpec(shape=(1, 32, 20, 3), dtype=tf.float32, name='keras_tensor_24')
Output Type:
  TensorSpec(shape=(1, 11), dtype=tf.float32, name=None)
Captures:
  1725593419408: TensorSpec(shape=(), dtype=tf.resource, name=None)
  1725593419216: TensorSpec(shape=(), dtype=tf.resource, name=None)
  1725593418448: TensorSpec(shape=(), dtype=tf.resource, name=None)
  1725593417872: TensorSpec(shape=(), dtype=tf.resource, name=None)
  1725593418832: TensorSpec(shape=(), dtype=tf.resource, name=None)
  1725593419024: TensorSpec(shape=(), dtype=tf.resource, name=None)
  1725593418640: TensorSpec(shape=(), dtype=tf.resource, name=None)
  1725593419600: TensorSpec(shape=(), dtype=tf.resource, name=None)
  1725595371280: TensorSpec(shape=(), dtype=tf.resource, name=None)
  1725595371664: TensorSpec(shape=(), dtype=tf.resource, name=None)
  1725595369936: TensorSpec(shape=(), dtype=tf.resource, name=None)
  1725595371856: TensorSpec(shape=(), dtype=tf.resource, name=None)
  1725595370704: TensorSpec(shape=(), dtype=tf.resource, name=None)
  1725595372048: TensorSpec(shape=(), dtype=tf.resource, name=None)
C:\Users\josep\AppData\Local\Programs\Python\Python312\Lib\site-packages\tensorflow\lite\python\convert.py:846: UserWarning: Statistics for quantized inputs were expected, but not specified; continuing anyway.
  warnings.warn(
fully_quantize: 0, inference_type: 6, input_inference_type: FLOAT32, output_inference_type: FLOAT32
Saved artifact at 'C:\Users\josep\AppData\Local\Temp\tmp_yefl72j'. The following endpoints are available:

* Endpoint 'serve'
  args_0 (POSITIONAL_ONLY): TensorSpec(shape=(1, 32, 20, 3), dtype=tf.float32, name='keras_tensor_24')
Output Type:
  TensorSpec(shape=(1, 11), dtype=tf.float32, name=None)
Captures:
  1725593419408: TensorSpec(shape=(), dtype=tf.resource, name=None)
  1725593419216: TensorSpec(shape=(), dtype=tf.resource, name=None)
  1725593418448: TensorSpec(shape=(), dtype=tf.resource, name=None)
  1725593417872: TensorSpec(shape=(), dtype=tf.resource, name=None)
  1725593418832: TensorSpec(shape=(), dtype=tf.resource, name=None)
  1725593419024: TensorSpec(shape=(), dtype=tf.resource, name=None)
  1725593418640: TensorSpec(shape=(), dtype=tf.resource, name=None)
  1725593419600: TensorSpec(shape=(), dtype=tf.resource, name=None)
  1725595371280: TensorSpec(shape=(), dtype=tf.resource, name=None)
  1725595371664: TensorSpec(shape=(), dtype=tf.resource, name=None)
  1725595369936: TensorSpec(shape=(), dtype=tf.resource, name=None)
  1725595371856: TensorSpec(shape=(), dtype=tf.resource, name=None)
  1725595370704: TensorSpec(shape=(), dtype=tf.resource, name=None)
  1725595372048: TensorSpec(shape=(), dtype=tf.resource, name=None)
C:\Users\josep\AppData\Local\Programs\Python\Python312\Lib\site-packages\tensorflow\lite\python\convert.py:846: UserWarning: Statistics for quantized inputs were expected, but not specified; continuing anyway.
  warnings.warn(
fully_quantize: 0, inference_type: 6, input_inference_type: FLOAT32, output_inference_type: FLOAT32
exported models\dig-class11_r1s123_s2.tflite  (349 KB)
exported models\dig-class11_r1s123_s2_q.tflite  (95 KB)
exported models\dig-class11_r1s123_s2_qpt.tflite  (93 KB)
