WARNING: All log messages before absl::InitializeLog() is called are written to STDERR
I0000 00:00:1791057854.963230   35060 port.cc:153] oneDNN custom operations are on. You may see slightly different numerical results due to floating-point round-off errors from different computation orders. To turn them off, set the environment variable `TF_ENABLE_ONEDNN_OPTS=0`.
WARNING: All log messages before absl::InitializeLog() is called are written to STDERR
I0000 00:00:1791057857.882228   35060 port.cc:153] oneDNN custom operations are on. You may see slightly different numerical results due to floating-point round-off errors from different computation orders. To turn them off, set the environment variable `TF_ENABLE_ONEDNN_OPTS=0`.
WARNING:tensorflow:TensorFlow GPU support is not available on native Windows for TensorFlow >= 2.11. Even if CUDA/cuDNN are installed, GPU will not be used. Please use WSL2 or the TensorFlow-DirectML plugin.
dig-class11 graph: 88023 params
upstream 03_data_resize_all-use_for_training: 1290 images
user     04_joe_lcd_20x32: 6809 images (4644 frames)

=== FINAL: train on 100% of the pool, 8099 images (1290 upstream + 6809 user x1), 75 epochs, no validation, no early stopping ===
Epoch 1/75
2025/2025 - 11s - 6ms/step - accuracy: 0.2027 - loss: 2.1754
Epoch 2/75
2025/2025 - 10s - 5ms/step - accuracy: 0.4788 - loss: 1.4390
Epoch 3/75
2025/2025 - 10s - 5ms/step - accuracy: 0.5586 - loss: 1.2169
Epoch 4/75
2025/2025 - 10s - 5ms/step - accuracy: 0.6156 - loss: 1.0711
Epoch 5/75
2025/2025 - 9s - 5ms/step - accuracy: 0.6514 - loss: 0.9973
Epoch 6/75
2025/2025 - 9s - 5ms/step - accuracy: 0.6743 - loss: 0.9241
Epoch 7/75
2025/2025 - 10s - 5ms/step - accuracy: 0.7013 - loss: 0.8808
Epoch 8/75
2025/2025 - 10s - 5ms/step - accuracy: 0.7069 - loss: 0.8672
Epoch 9/75
2025/2025 - 10s - 5ms/step - accuracy: 0.7163 - loss: 0.8268
Epoch 10/75
2025/2025 - 10s - 5ms/step - accuracy: 0.7271 - loss: 0.8147
Epoch 11/75
2025/2025 - 10s - 5ms/step - accuracy: 0.7169 - loss: 0.8215
Epoch 12/75
2025/2025 - 10s - 5ms/step - accuracy: 0.7395 - loss: 0.7757
Epoch 13/75
2025/2025 - 10s - 5ms/step - accuracy: 0.7469 - loss: 0.7489
Epoch 14/75
2025/2025 - 10s - 5ms/step - accuracy: 0.7470 - loss: 0.7455
Epoch 15/75
2025/2025 - 10s - 5ms/step - accuracy: 0.7492 - loss: 0.7354
Epoch 16/75
2025/2025 - 10s - 5ms/step - accuracy: 0.7440 - loss: 0.7464
Epoch 17/75
2025/2025 - 10s - 5ms/step - accuracy: 0.7613 - loss: 0.7116
Epoch 18/75
2025/2025 - 10s - 5ms/step - accuracy: 0.7587 - loss: 0.7257
Epoch 19/75
2025/2025 - 10s - 5ms/step - accuracy: 0.7533 - loss: 0.7318
Epoch 20/75
2025/2025 - 10s - 5ms/step - accuracy: 0.7639 - loss: 0.6975
Epoch 21/75
2025/2025 - 10s - 5ms/step - accuracy: 0.7655 - loss: 0.7077
Epoch 22/75
2025/2025 - 9s - 5ms/step - accuracy: 0.7686 - loss: 0.6869
Epoch 23/75
2025/2025 - 9s - 5ms/step - accuracy: 0.7654 - loss: 0.6875
Epoch 24/75
2025/2025 - 10s - 5ms/step - accuracy: 0.7721 - loss: 0.6926
Epoch 25/75
2025/2025 - 10s - 5ms/step - accuracy: 0.7664 - loss: 0.6775
Epoch 26/75
2025/2025 - 9s - 5ms/step - accuracy: 0.7773 - loss: 0.6615
Epoch 27/75
2025/2025 - 10s - 5ms/step - accuracy: 0.7766 - loss: 0.6688
Epoch 28/75
2025/2025 - 9s - 5ms/step - accuracy: 0.7677 - loss: 0.6697
Epoch 29/75
2025/2025 - 9s - 5ms/step - accuracy: 0.7757 - loss: 0.6822
Epoch 30/75
2025/2025 - 9s - 5ms/step - accuracy: 0.7719 - loss: 0.6729
Epoch 31/75
2025/2025 - 9s - 5ms/step - accuracy: 0.7740 - loss: 0.6700
Epoch 32/75
2025/2025 - 9s - 5ms/step - accuracy: 0.7758 - loss: 0.6777
Epoch 33/75
2025/2025 - 10s - 5ms/step - accuracy: 0.7805 - loss: 0.6609
Epoch 34/75
2025/2025 - 9s - 5ms/step - accuracy: 0.7796 - loss: 0.6488
Epoch 35/75
2025/2025 - 9s - 5ms/step - accuracy: 0.7769 - loss: 0.6529
Epoch 36/75
2025/2025 - 9s - 5ms/step - accuracy: 0.7747 - loss: 0.6611
Epoch 37/75
2025/2025 - 9s - 5ms/step - accuracy: 0.7791 - loss: 0.6709
Epoch 38/75
2025/2025 - 9s - 5ms/step - accuracy: 0.7832 - loss: 0.6606
Epoch 39/75
2025/2025 - 9s - 5ms/step - accuracy: 0.7833 - loss: 0.6503
Epoch 40/75
2025/2025 - 9s - 5ms/step - accuracy: 0.7803 - loss: 0.6619
Epoch 41/75
2025/2025 - 9s - 5ms/step - accuracy: 0.7855 - loss: 0.6434
Epoch 42/75
2025/2025 - 9s - 5ms/step - accuracy: 0.7839 - loss: 0.6574
Epoch 43/75
2025/2025 - 9s - 5ms/step - accuracy: 0.7884 - loss: 0.6441
Epoch 44/75
2025/2025 - 9s - 5ms/step - accuracy: 0.7860 - loss: 0.6396
Epoch 45/75
2025/2025 - 9s - 5ms/step - accuracy: 0.7826 - loss: 0.6556
Epoch 46/75
2025/2025 - 10s - 5ms/step - accuracy: 0.7870 - loss: 0.6435
Epoch 47/75
2025/2025 - 9s - 5ms/step - accuracy: 0.7900 - loss: 0.6306
Epoch 48/75
2025/2025 - 9s - 5ms/step - accuracy: 0.7886 - loss: 0.6529
Epoch 49/75
2025/2025 - 9s - 5ms/step - accuracy: 0.7815 - loss: 0.6468
Epoch 50/75
2025/2025 - 9s - 5ms/step - accuracy: 0.7896 - loss: 0.6288
Epoch 51/75
2025/2025 - 9s - 5ms/step - accuracy: 0.7821 - loss: 0.6567
Epoch 52/75
2025/2025 - 9s - 5ms/step - accuracy: 0.7878 - loss: 0.6382
Epoch 53/75
2025/2025 - 9s - 4ms/step - accuracy: 0.7926 - loss: 0.6322
Epoch 54/75
2025/2025 - 9s - 5ms/step - accuracy: 0.7854 - loss: 0.6489
Epoch 55/75
2025/2025 - 9s - 5ms/step - accuracy: 0.7857 - loss: 0.6481
Epoch 56/75
2025/2025 - 9s - 5ms/step - accuracy: 0.7798 - loss: 0.6657
Epoch 57/75
2025/2025 - 9s - 5ms/step - accuracy: 0.7855 - loss: 0.6558
Epoch 58/75
2025/2025 - 9s - 5ms/step - accuracy: 0.7850 - loss: 0.6685
Epoch 59/75
2025/2025 - 10s - 5ms/step - accuracy: 0.7887 - loss: 0.6370
Epoch 60/75
2025/2025 - 9s - 5ms/step - accuracy: 0.7795 - loss: 0.6613
Epoch 61/75
2025/2025 - 9s - 5ms/step - accuracy: 0.7837 - loss: 0.6605
Epoch 62/75
2025/2025 - 9s - 5ms/step - accuracy: 0.7886 - loss: 0.6542
Epoch 63/75
2025/2025 - 10s - 5ms/step - accuracy: 0.7913 - loss: 0.6356
Epoch 64/75
2025/2025 - 10s - 5ms/step - accuracy: 0.7843 - loss: 0.6540
Epoch 65/75
2025/2025 - 10s - 5ms/step - accuracy: 0.7823 - loss: 0.6435
Epoch 66/75
2025/2025 - 10s - 5ms/step - accuracy: 0.7854 - loss: 0.6546
Epoch 67/75
2025/2025 - 10s - 5ms/step - accuracy: 0.7910 - loss: 0.6349
Epoch 68/75
2025/2025 - 10s - 5ms/step - accuracy: 0.7913 - loss: 0.6358
Epoch 69/75
2025/2025 - 10s - 5ms/step - accuracy: 0.7953 - loss: 0.6265
Epoch 70/75
2025/2025 - 9s - 5ms/step - accuracy: 0.7926 - loss: 0.6348
Epoch 71/75
2025/2025 - 9s - 5ms/step - accuracy: 0.7903 - loss: 0.6397
Epoch 72/75
2025/2025 - 10s - 5ms/step - accuracy: 0.7886 - loss: 0.6485
Epoch 73/75
2025/2025 - 9s - 5ms/step - accuracy: 0.7899 - loss: 0.6428
Epoch 74/75
2025/2025 - 9s - 5ms/step - accuracy: 0.7847 - loss: 0.6498
Epoch 75/75
2025/2025 - 9s - 5ms/step - accuracy: 0.7894 - loss: 0.6390
[final] ran 75 epochs in 717s (9.57 s/ep), final loss 0.63903, acc 0.7894
saved models\dig-class11_9008_s2.keras
Static-shape rebuild verified (max delta 0.00e+00)
Saved artifact at 'C:\Users\josep\AppData\Local\Temp\tmppijm7_6e'. The following endpoints are available:

* Endpoint 'serve'
  args_0 (POSITIONAL_ONLY): TensorSpec(shape=(1, 32, 20, 3), dtype=tf.float32, name='keras_tensor_24')
Output Type:
  TensorSpec(shape=(1, 11), dtype=tf.float32, name=None)
Captures:
  1667983817040: TensorSpec(shape=(), dtype=tf.resource, name=None)
  1667983817808: TensorSpec(shape=(), dtype=tf.resource, name=None)
  1667983817616: TensorSpec(shape=(), dtype=tf.resource, name=None)
  1667983816464: TensorSpec(shape=(), dtype=tf.resource, name=None)
  1667983818192: TensorSpec(shape=(), dtype=tf.resource, name=None)
  1667983816656: TensorSpec(shape=(), dtype=tf.resource, name=None)
  1667983818384: TensorSpec(shape=(), dtype=tf.resource, name=None)
  1667986033168: TensorSpec(shape=(), dtype=tf.resource, name=None)
  1667986032976: TensorSpec(shape=(), dtype=tf.resource, name=None)
  1667986031440: TensorSpec(shape=(), dtype=tf.resource, name=None)
  1667986030672: TensorSpec(shape=(), dtype=tf.resource, name=None)
  1667986033360: TensorSpec(shape=(), dtype=tf.resource, name=None)
  1667986033744: TensorSpec(shape=(), dtype=tf.resource, name=None)
  1667986034896: TensorSpec(shape=(), dtype=tf.resource, name=None)
  representative dataset: 256 distinct images (256 user + 0 upstream)
Saved artifact at 'C:\Users\josep\AppData\Local\Temp\tmps6aje69d'. The following endpoints are available:

* Endpoint 'serve'
  args_0 (POSITIONAL_ONLY): TensorSpec(shape=(1, 32, 20, 3), dtype=tf.float32, name='keras_tensor_24')
Output Type:
  TensorSpec(shape=(1, 11), dtype=tf.float32, name=None)
Captures:
  1667983817040: TensorSpec(shape=(), dtype=tf.resource, name=None)
  1667983817808: TensorSpec(shape=(), dtype=tf.resource, name=None)
  1667983817616: TensorSpec(shape=(), dtype=tf.resource, name=None)
  1667983816464: TensorSpec(shape=(), dtype=tf.resource, name=None)
  1667983818192: TensorSpec(shape=(), dtype=tf.resource, name=None)
  1667983816656: TensorSpec(shape=(), dtype=tf.resource, name=None)
  1667983818384: TensorSpec(shape=(), dtype=tf.resource, name=None)
  1667986033168: TensorSpec(shape=(), dtype=tf.resource, name=None)
  1667986032976: TensorSpec(shape=(), dtype=tf.resource, name=None)
  1667986031440: TensorSpec(shape=(), dtype=tf.resource, name=None)
  1667986030672: TensorSpec(shape=(), dtype=tf.resource, name=None)
  1667986033360: TensorSpec(shape=(), dtype=tf.resource, name=None)
  1667986033744: TensorSpec(shape=(), dtype=tf.resource, name=None)
  1667986034896: TensorSpec(shape=(), dtype=tf.resource, name=None)
C:\Users\josep\AppData\Local\Programs\Python\Python312\Lib\site-packages\tensorflow\lite\python\convert.py:846: UserWarning: Statistics for quantized inputs were expected, but not specified; continuing anyway.
  warnings.warn(
fully_quantize: 0, inference_type: 6, input_inference_type: FLOAT32, output_inference_type: FLOAT32
Saved artifact at 'C:\Users\josep\AppData\Local\Temp\tmp8bg8sbw2'. The following endpoints are available:

* Endpoint 'serve'
  args_0 (POSITIONAL_ONLY): TensorSpec(shape=(1, 32, 20, 3), dtype=tf.float32, name='keras_tensor_24')
Output Type:
  TensorSpec(shape=(1, 11), dtype=tf.float32, name=None)
Captures:
  1667983817040: TensorSpec(shape=(), dtype=tf.resource, name=None)
  1667983817808: TensorSpec(shape=(), dtype=tf.resource, name=None)
  1667983817616: TensorSpec(shape=(), dtype=tf.resource, name=None)
  1667983816464: TensorSpec(shape=(), dtype=tf.resource, name=None)
  1667983818192: TensorSpec(shape=(), dtype=tf.resource, name=None)
  1667983816656: TensorSpec(shape=(), dtype=tf.resource, name=None)
  1667983818384: TensorSpec(shape=(), dtype=tf.resource, name=None)
  1667986033168: TensorSpec(shape=(), dtype=tf.resource, name=None)
  1667986032976: TensorSpec(shape=(), dtype=tf.resource, name=None)
  1667986031440: TensorSpec(shape=(), dtype=tf.resource, name=None)
  1667986030672: TensorSpec(shape=(), dtype=tf.resource, name=None)
  1667986033360: TensorSpec(shape=(), dtype=tf.resource, name=None)
  1667986033744: TensorSpec(shape=(), dtype=tf.resource, name=None)
  1667986034896: TensorSpec(shape=(), dtype=tf.resource, name=None)
C:\Users\josep\AppData\Local\Programs\Python\Python312\Lib\site-packages\tensorflow\lite\python\convert.py:846: UserWarning: Statistics for quantized inputs were expected, but not specified; continuing anyway.
  warnings.warn(
fully_quantize: 0, inference_type: 6, input_inference_type: FLOAT32, output_inference_type: FLOAT32
exported models\dig-class11_9008_s2.tflite  (349 KB)
exported models\dig-class11_9008_s2_q.tflite  (95 KB)
exported models\dig-class11_9008_s2_qpt.tflite  (93 KB)
