WARNING: All log messages before absl::InitializeLog() is called are written to STDERR
I0000 00:00:1791501994.732765   42436 port.cc:153] oneDNN custom operations are on. You may see slightly different numerical results due to floating-point round-off errors from different computation orders. To turn them off, set the environment variable `TF_ENABLE_ONEDNN_OPTS=0`.
WARNING: All log messages before absl::InitializeLog() is called are written to STDERR
I0000 00:00:1791501999.138527   42436 port.cc:153] oneDNN custom operations are on. You may see slightly different numerical results due to floating-point round-off errors from different computation orders. To turn them off, set the environment variable `TF_ENABLE_ONEDNN_OPTS=0`.
WARNING:tensorflow:TensorFlow GPU support is not available on native Windows for TensorFlow >= 2.11. Even if CUDA/cuDNN are installed, GPU will not be used. Please use WSL2 or the TensorFlow-DirectML plugin.
==============================================================
RECIPE
  user dir     : work/_lcstb50   upstream: 03_data_resize_all-use_for_training   user-weight x1
  aug profile  : night_aware
    gate       : mean luma <= 78 -> dark
    dark       : AugmentConfig(blur_p=0.3, blur_sigma=(0.3, 0.7), motion_p=0.08, motion_len=(2, 3), glare_p=0.0, glare_sigma_frac=(0.15, 0.9), glare_gain=(25.0, 140.0), veil_p=0.0, veil_k=(0.05, 0.42), veil_grid=(4, 3), veil_field_gain=(0.6, 1.0), veil_field_bias=(0.0, 0.4), veil_level=(150.0, 255.0), exposure=(0.85, 1.15), contrast=(0.85, 1.1), wb=(1.0, 1.0), noise_sigma=(0.5, 3.0), jpeg_p=0.3, jpeg_quality=(60, 95), scale_blur_to_size=True)
    bright     : AugmentConfig(blur_p=0.22, blur_sigma=(0.3, 0.9), motion_p=0.08, motion_len=(2, 4), glare_p=0.28, glare_sigma_frac=(0.15, 0.9), glare_gain=(25.0, 140.0), veil_p=0.35, veil_k=(0.05, 0.42), veil_grid=(4, 3), veil_field_gain=(0.6, 1.0), veil_field_bias=(0.0, 0.4), veil_level=(150.0, 255.0), exposure=(0.6, 1.4), contrast=(0.55, 1.22), wb=(0.88, 1.12), noise_sigma=(0.5, 6.0), jpeg_p=0.25, jpeg_quality=(45, 95), scale_blur_to_size=True)
  geom         : gentle  {'width_shift_range': [-1, 0, 1], 'height_shift_range': [-1, 0, 1], 'zoom_range': [0.9, 1.1], 'rotation_range': 2}
  lr           : compiled lr, linear decay over the last 0.2 of the run's epochs to x0.05
  seed 42  batch 4  epochs 215
==============================================================
dig-class11 graph: 88023 params
upstream 03_data_resize_all-use_for_training: 1290 images
user     work/_lcstb50: 3401 images (2784 frames)

=== FINAL: train on 100% of the pool, 4691 images (1290 upstream + 3401 user x1), 215 epochs, no validation, no early stopping ===
[final] lr 1 for epochs 1-172, then linear to 0.05 at epoch 215
Epoch 1/215
1173/1173 - 10s - 8ms/step - accuracy: 0.2560 - loss: 2.0643 - learning_rate: 1.0000
Epoch 2/215
1173/1173 - 6s - 5ms/step - accuracy: 0.6054 - loss: 1.1126 - learning_rate: 1.0000
Epoch 3/215
1173/1173 - 6s - 5ms/step - accuracy: 0.7073 - loss: 0.8248 - learning_rate: 1.0000
Epoch 4/215
1173/1173 - 6s - 5ms/step - accuracy: 0.7606 - loss: 0.7109 - learning_rate: 1.0000
Epoch 5/215
1173/1173 - 6s - 5ms/step - accuracy: 0.8045 - loss: 0.5906 - learning_rate: 1.0000
Epoch 6/215
1173/1173 - 6s - 5ms/step - accuracy: 0.8331 - loss: 0.5116 - learning_rate: 1.0000
Epoch 7/215
1173/1173 - 7s - 6ms/step - accuracy: 0.8391 - loss: 0.4930 - learning_rate: 1.0000
Epoch 8/215
1173/1173 - 7s - 6ms/step - accuracy: 0.8591 - loss: 0.4255 - learning_rate: 1.0000
Epoch 9/215
1173/1173 - 7s - 6ms/step - accuracy: 0.8678 - loss: 0.4021 - learning_rate: 1.0000
Epoch 10/215
1173/1173 - 7s - 6ms/step - accuracy: 0.8753 - loss: 0.3951 - learning_rate: 1.0000
Epoch 11/215
1173/1173 - 7s - 6ms/step - accuracy: 0.8838 - loss: 0.3682 - learning_rate: 1.0000
Epoch 12/215
1173/1173 - 7s - 6ms/step - accuracy: 0.8774 - loss: 0.3707 - learning_rate: 1.0000
Epoch 13/215
1173/1173 - 6s - 5ms/step - accuracy: 0.8949 - loss: 0.3314 - learning_rate: 1.0000
Epoch 14/215
1173/1173 - 6s - 5ms/step - accuracy: 0.9039 - loss: 0.3143 - learning_rate: 1.0000
Epoch 15/215
1173/1173 - 6s - 5ms/step - accuracy: 0.8992 - loss: 0.3120 - learning_rate: 1.0000
Epoch 16/215
1173/1173 - 7s - 6ms/step - accuracy: 0.9077 - loss: 0.3155 - learning_rate: 1.0000
Epoch 17/215
1173/1173 - 6s - 6ms/step - accuracy: 0.9068 - loss: 0.2871 - learning_rate: 1.0000
Epoch 18/215
1173/1173 - 7s - 6ms/step - accuracy: 0.8985 - loss: 0.3165 - learning_rate: 1.0000
Epoch 19/215
1173/1173 - 7s - 6ms/step - accuracy: 0.9132 - loss: 0.2778 - learning_rate: 1.0000
Epoch 20/215
1173/1173 - 7s - 6ms/step - accuracy: 0.9043 - loss: 0.2997 - learning_rate: 1.0000
Epoch 21/215
1173/1173 - 11s - 9ms/step - accuracy: 0.9160 - loss: 0.2744 - learning_rate: 1.0000
Epoch 22/215
1173/1173 - 7s - 6ms/step - accuracy: 0.9179 - loss: 0.2642 - learning_rate: 1.0000
Epoch 23/215
1173/1173 - 10s - 8ms/step - accuracy: 0.9130 - loss: 0.2728 - learning_rate: 1.0000
Epoch 24/215
1173/1173 - 6s - 5ms/step - accuracy: 0.9237 - loss: 0.2419 - learning_rate: 1.0000
Epoch 25/215
1173/1173 - 6s - 5ms/step - accuracy: 0.9237 - loss: 0.2434 - learning_rate: 1.0000
Epoch 26/215
1173/1173 - 6s - 5ms/step - accuracy: 0.9297 - loss: 0.2216 - learning_rate: 1.0000
Epoch 27/215
1173/1173 - 6s - 5ms/step - accuracy: 0.9211 - loss: 0.2663 - learning_rate: 1.0000
Epoch 28/215
1173/1173 - 6s - 5ms/step - accuracy: 0.9216 - loss: 0.2607 - learning_rate: 1.0000
Epoch 29/215
1173/1173 - 6s - 5ms/step - accuracy: 0.9284 - loss: 0.2358 - learning_rate: 1.0000
Epoch 30/215
1173/1173 - 6s - 5ms/step - accuracy: 0.9297 - loss: 0.2194 - learning_rate: 1.0000
Epoch 31/215
1173/1173 - 7s - 6ms/step - accuracy: 0.9254 - loss: 0.2335 - learning_rate: 1.0000
Epoch 32/215
1173/1173 - 7s - 6ms/step - accuracy: 0.9190 - loss: 0.2637 - learning_rate: 1.0000
Epoch 33/215
1173/1173 - 6s - 5ms/step - accuracy: 0.9239 - loss: 0.2430 - learning_rate: 1.0000
Epoch 34/215
1173/1173 - 6s - 5ms/step - accuracy: 0.9269 - loss: 0.2193 - learning_rate: 1.0000
Epoch 35/215
1173/1173 - 7s - 6ms/step - accuracy: 0.9279 - loss: 0.2233 - learning_rate: 1.0000
Epoch 36/215
1173/1173 - 7s - 6ms/step - accuracy: 0.9311 - loss: 0.2246 - learning_rate: 1.0000
Epoch 37/215
1173/1173 - 6s - 5ms/step - accuracy: 0.9292 - loss: 0.2297 - learning_rate: 1.0000
Epoch 38/215
1173/1173 - 6s - 5ms/step - accuracy: 0.9305 - loss: 0.2210 - learning_rate: 1.0000
Epoch 39/215
1173/1173 - 11s - 9ms/step - accuracy: 0.9290 - loss: 0.2380 - learning_rate: 1.0000
Epoch 40/215
1173/1173 - 10s - 9ms/step - accuracy: 0.9269 - loss: 0.2355 - learning_rate: 1.0000
Epoch 41/215
1173/1173 - 7s - 6ms/step - accuracy: 0.9254 - loss: 0.2271 - learning_rate: 1.0000
Epoch 42/215
1173/1173 - 6s - 6ms/step - accuracy: 0.9294 - loss: 0.2160 - learning_rate: 1.0000
Epoch 43/215
1173/1173 - 7s - 6ms/step - accuracy: 0.9392 - loss: 0.2012 - learning_rate: 1.0000
Epoch 44/215
1173/1173 - 7s - 6ms/step - accuracy: 0.9294 - loss: 0.2249 - learning_rate: 1.0000
Epoch 45/215
1173/1173 - 7s - 6ms/step - accuracy: 0.9375 - loss: 0.2156 - learning_rate: 1.0000
Epoch 46/215
1173/1173 - 7s - 6ms/step - accuracy: 0.9375 - loss: 0.2247 - learning_rate: 1.0000
Epoch 47/215
1173/1173 - 7s - 6ms/step - accuracy: 0.9346 - loss: 0.2114 - learning_rate: 1.0000
Epoch 48/215
1173/1173 - 7s - 6ms/step - accuracy: 0.9282 - loss: 0.2240 - learning_rate: 1.0000
Epoch 49/215
1173/1173 - 10s - 8ms/step - accuracy: 0.9418 - loss: 0.2042 - learning_rate: 1.0000
Epoch 50/215
1173/1173 - 7s - 6ms/step - accuracy: 0.9382 - loss: 0.1987 - learning_rate: 1.0000
Epoch 51/215
1173/1173 - 6s - 5ms/step - accuracy: 0.9392 - loss: 0.2076 - learning_rate: 1.0000
Epoch 52/215
1173/1173 - 10s - 9ms/step - accuracy: 0.9337 - loss: 0.2039 - learning_rate: 1.0000
Epoch 53/215
1173/1173 - 6s - 5ms/step - accuracy: 0.9373 - loss: 0.2059 - learning_rate: 1.0000
Epoch 54/215
1173/1173 - 6s - 5ms/step - accuracy: 0.9380 - loss: 0.2023 - learning_rate: 1.0000
Epoch 55/215
1173/1173 - 7s - 6ms/step - accuracy: 0.9341 - loss: 0.1970 - learning_rate: 1.0000
Epoch 56/215
1173/1173 - 7s - 6ms/step - accuracy: 0.9373 - loss: 0.2096 - learning_rate: 1.0000
Epoch 57/215
1173/1173 - 7s - 6ms/step - accuracy: 0.9410 - loss: 0.1897 - learning_rate: 1.0000
Epoch 58/215
1173/1173 - 7s - 6ms/step - accuracy: 0.9358 - loss: 0.1950 - learning_rate: 1.0000
Epoch 59/215
1173/1173 - 7s - 6ms/step - accuracy: 0.9399 - loss: 0.2004 - learning_rate: 1.0000
Epoch 60/215
1173/1173 - 7s - 6ms/step - accuracy: 0.9339 - loss: 0.2255 - learning_rate: 1.0000
Epoch 61/215
1173/1173 - 6s - 5ms/step - accuracy: 0.9375 - loss: 0.2039 - learning_rate: 1.0000
Epoch 62/215
1173/1173 - 11s - 9ms/step - accuracy: 0.9414 - loss: 0.2041 - learning_rate: 1.0000
Epoch 63/215
1173/1173 - 6s - 5ms/step - accuracy: 0.9397 - loss: 0.1935 - learning_rate: 1.0000
Epoch 64/215
1173/1173 - 7s - 6ms/step - accuracy: 0.9435 - loss: 0.1789 - learning_rate: 1.0000
Epoch 65/215
1173/1173 - 10s - 9ms/step - accuracy: 0.9392 - loss: 0.1969 - learning_rate: 1.0000
Epoch 66/215
1173/1173 - 6s - 5ms/step - accuracy: 0.9441 - loss: 0.1868 - learning_rate: 1.0000
Epoch 67/215
1173/1173 - 7s - 6ms/step - accuracy: 0.9354 - loss: 0.1964 - learning_rate: 1.0000
Epoch 68/215
1173/1173 - 7s - 6ms/step - accuracy: 0.9390 - loss: 0.1901 - learning_rate: 1.0000
Epoch 69/215
1173/1173 - 7s - 6ms/step - accuracy: 0.9412 - loss: 0.2066 - learning_rate: 1.0000
Epoch 70/215
1173/1173 - 7s - 6ms/step - accuracy: 0.9416 - loss: 0.1897 - learning_rate: 1.0000
Epoch 71/215
1173/1173 - 7s - 6ms/step - accuracy: 0.9410 - loss: 0.1898 - learning_rate: 1.0000
Epoch 72/215
1173/1173 - 6s - 5ms/step - accuracy: 0.9414 - loss: 0.2004 - learning_rate: 1.0000
Epoch 73/215
1173/1173 - 6s - 5ms/step - accuracy: 0.9416 - loss: 0.1909 - learning_rate: 1.0000
Epoch 74/215
1173/1173 - 6s - 5ms/step - accuracy: 0.9424 - loss: 0.1831 - learning_rate: 1.0000
Epoch 75/215
1173/1173 - 6s - 5ms/step - accuracy: 0.9416 - loss: 0.1758 - learning_rate: 1.0000
Epoch 76/215
1173/1173 - 6s - 5ms/step - accuracy: 0.9392 - loss: 0.1963 - learning_rate: 1.0000
Epoch 77/215
1173/1173 - 6s - 5ms/step - accuracy: 0.9422 - loss: 0.1910 - learning_rate: 1.0000
Epoch 78/215
1173/1173 - 6s - 5ms/step - accuracy: 0.9452 - loss: 0.1790 - learning_rate: 1.0000
Epoch 79/215
1173/1173 - 6s - 5ms/step - accuracy: 0.9435 - loss: 0.1875 - learning_rate: 1.0000
Epoch 80/215
1173/1173 - 7s - 6ms/step - accuracy: 0.9388 - loss: 0.1917 - learning_rate: 1.0000
Epoch 81/215
1173/1173 - 7s - 6ms/step - accuracy: 0.9512 - loss: 0.1664 - learning_rate: 1.0000
Epoch 82/215
1173/1173 - 6s - 5ms/step - accuracy: 0.9488 - loss: 0.1684 - learning_rate: 1.0000
Epoch 83/215
1173/1173 - 6s - 5ms/step - accuracy: 0.9441 - loss: 0.1826 - learning_rate: 1.0000
Epoch 84/215
1173/1173 - 6s - 5ms/step - accuracy: 0.9531 - loss: 0.1578 - learning_rate: 1.0000
Epoch 85/215
1173/1173 - 6s - 5ms/step - accuracy: 0.9418 - loss: 0.1757 - learning_rate: 1.0000
Epoch 86/215
1173/1173 - 10s - 9ms/step - accuracy: 0.9448 - loss: 0.1738 - learning_rate: 1.0000
Epoch 87/215
1173/1173 - 6s - 5ms/step - accuracy: 0.9535 - loss: 0.1577 - learning_rate: 1.0000
Epoch 88/215
1173/1173 - 6s - 5ms/step - accuracy: 0.9403 - loss: 0.1946 - learning_rate: 1.0000
Epoch 89/215
1173/1173 - 6s - 5ms/step - accuracy: 0.9441 - loss: 0.1823 - learning_rate: 1.0000
Epoch 90/215
1173/1173 - 6s - 5ms/step - accuracy: 0.9469 - loss: 0.1717 - learning_rate: 1.0000
Epoch 91/215
1173/1173 - 7s - 6ms/step - accuracy: 0.9437 - loss: 0.1857 - learning_rate: 1.0000
Epoch 92/215
1173/1173 - 6s - 5ms/step - accuracy: 0.9473 - loss: 0.1728 - learning_rate: 1.0000
Epoch 93/215
1173/1173 - 11s - 10ms/step - accuracy: 0.9412 - loss: 0.1838 - learning_rate: 1.0000
Epoch 94/215
1173/1173 - 7s - 6ms/step - accuracy: 0.9471 - loss: 0.1774 - learning_rate: 1.0000
Epoch 95/215
1173/1173 - 6s - 5ms/step - accuracy: 0.9484 - loss: 0.1693 - learning_rate: 1.0000
Epoch 96/215
1173/1173 - 11s - 9ms/step - accuracy: 0.9512 - loss: 0.1692 - learning_rate: 1.0000
Epoch 97/215
1173/1173 - 6s - 5ms/step - accuracy: 0.9446 - loss: 0.1897 - learning_rate: 1.0000
Epoch 98/215
1173/1173 - 6s - 6ms/step - accuracy: 0.9546 - loss: 0.1563 - learning_rate: 1.0000
Epoch 99/215
1173/1173 - 10s - 9ms/step - accuracy: 0.9431 - loss: 0.1824 - learning_rate: 1.0000
Epoch 100/215
1173/1173 - 6s - 5ms/step - accuracy: 0.9433 - loss: 0.1720 - learning_rate: 1.0000
Epoch 101/215
1173/1173 - 6s - 5ms/step - accuracy: 0.9476 - loss: 0.1706 - learning_rate: 1.0000
Epoch 102/215
1173/1173 - 7s - 6ms/step - accuracy: 0.9427 - loss: 0.1814 - learning_rate: 1.0000
Epoch 103/215
1173/1173 - 7s - 6ms/step - accuracy: 0.9476 - loss: 0.1746 - learning_rate: 1.0000
Epoch 104/215
1173/1173 - 10s - 9ms/step - accuracy: 0.9471 - loss: 0.1620 - learning_rate: 1.0000
Epoch 105/215
1173/1173 - 7s - 6ms/step - accuracy: 0.9463 - loss: 0.1730 - learning_rate: 1.0000
Epoch 106/215
1173/1173 - 6s - 5ms/step - accuracy: 0.9482 - loss: 0.1659 - learning_rate: 1.0000
Epoch 107/215
1173/1173 - 6s - 5ms/step - accuracy: 0.9461 - loss: 0.1755 - learning_rate: 1.0000
Epoch 108/215
1173/1173 - 6s - 5ms/step - accuracy: 0.9454 - loss: 0.1796 - learning_rate: 1.0000
Epoch 109/215
1173/1173 - 5s - 5ms/step - accuracy: 0.9473 - loss: 0.1719 - learning_rate: 1.0000
Epoch 110/215
1173/1173 - 6s - 5ms/step - accuracy: 0.9482 - loss: 0.1756 - learning_rate: 1.0000
Epoch 111/215
1173/1173 - 6s - 5ms/step - accuracy: 0.9476 - loss: 0.1758 - learning_rate: 1.0000
Epoch 112/215
1173/1173 - 6s - 5ms/step - accuracy: 0.9454 - loss: 0.1759 - learning_rate: 1.0000
Epoch 113/215
1173/1173 - 6s - 5ms/step - accuracy: 0.9488 - loss: 0.1717 - learning_rate: 1.0000
Epoch 114/215
1173/1173 - 6s - 5ms/step - accuracy: 0.9554 - loss: 0.1547 - learning_rate: 1.0000
Epoch 115/215
1173/1173 - 7s - 6ms/step - accuracy: 0.9508 - loss: 0.1692 - learning_rate: 1.0000
Epoch 116/215
1173/1173 - 6s - 5ms/step - accuracy: 0.9467 - loss: 0.1649 - learning_rate: 1.0000
Epoch 117/215
1173/1173 - 6s - 5ms/step - accuracy: 0.9452 - loss: 0.1724 - learning_rate: 1.0000
Epoch 118/215
1173/1173 - 10s - 9ms/step - accuracy: 0.9484 - loss: 0.1698 - learning_rate: 1.0000
Epoch 119/215
1173/1173 - 6s - 5ms/step - accuracy: 0.9516 - loss: 0.1662 - learning_rate: 1.0000
Epoch 120/215
1173/1173 - 6s - 6ms/step - accuracy: 0.9488 - loss: 0.1654 - learning_rate: 1.0000
Epoch 121/215
1173/1173 - 9s - 8ms/step - accuracy: 0.9493 - loss: 0.1707 - learning_rate: 1.0000
Epoch 122/215
1173/1173 - 6s - 5ms/step - accuracy: 0.9497 - loss: 0.1718 - learning_rate: 1.0000
Epoch 123/215
1173/1173 - 6s - 5ms/step - accuracy: 0.9522 - loss: 0.1526 - learning_rate: 1.0000
Epoch 124/215
1173/1173 - 6s - 5ms/step - accuracy: 0.9488 - loss: 0.1650 - learning_rate: 1.0000
Epoch 125/215
1173/1173 - 7s - 6ms/step - accuracy: 0.9424 - loss: 0.1807 - learning_rate: 1.0000
Epoch 126/215
1173/1173 - 7s - 6ms/step - accuracy: 0.9493 - loss: 0.1636 - learning_rate: 1.0000
Epoch 127/215
1173/1173 - 10s - 9ms/step - accuracy: 0.9444 - loss: 0.1632 - learning_rate: 1.0000
Epoch 128/215
1173/1173 - 6s - 5ms/step - accuracy: 0.9542 - loss: 0.1566 - learning_rate: 1.0000
Epoch 129/215
1173/1173 - 10s - 9ms/step - accuracy: 0.9471 - loss: 0.1670 - learning_rate: 1.0000
Epoch 130/215
1173/1173 - 6s - 5ms/step - accuracy: 0.9480 - loss: 0.1692 - learning_rate: 1.0000
Epoch 131/215
1173/1173 - 6s - 5ms/step - accuracy: 0.9401 - loss: 0.1867 - learning_rate: 1.0000
Epoch 132/215
1173/1173 - 6s - 5ms/step - accuracy: 0.9546 - loss: 0.1500 - learning_rate: 1.0000
Epoch 133/215
1173/1173 - 6s - 5ms/step - accuracy: 0.9456 - loss: 0.1905 - learning_rate: 1.0000
Epoch 134/215
1173/1173 - 6s - 5ms/step - accuracy: 0.9518 - loss: 0.1585 - learning_rate: 1.0000
Epoch 135/215
1173/1173 - 6s - 5ms/step - accuracy: 0.9441 - loss: 0.1869 - learning_rate: 1.0000
Epoch 136/215
1173/1173 - 6s - 5ms/step - accuracy: 0.9456 - loss: 0.1871 - learning_rate: 1.0000
Epoch 137/215
1173/1173 - 7s - 6ms/step - accuracy: 0.9465 - loss: 0.1792 - learning_rate: 1.0000
Epoch 138/215
1173/1173 - 7s - 6ms/step - accuracy: 0.9469 - loss: 0.1751 - learning_rate: 1.0000
Epoch 139/215
1173/1173 - 7s - 6ms/step - accuracy: 0.9467 - loss: 0.1662 - learning_rate: 1.0000
Epoch 140/215
1173/1173 - 6s - 5ms/step - accuracy: 0.9482 - loss: 0.1732 - learning_rate: 1.0000
Epoch 141/215
1173/1173 - 11s - 9ms/step - accuracy: 0.9520 - loss: 0.1588 - learning_rate: 1.0000
Epoch 142/215
1173/1173 - 6s - 5ms/step - accuracy: 0.9478 - loss: 0.1754 - learning_rate: 1.0000
Epoch 143/215
1173/1173 - 6s - 6ms/step - accuracy: 0.9527 - loss: 0.1741 - learning_rate: 1.0000
Epoch 144/215
1173/1173 - 6s - 5ms/step - accuracy: 0.9512 - loss: 0.1669 - learning_rate: 1.0000
Epoch 145/215
1173/1173 - 6s - 5ms/step - accuracy: 0.9516 - loss: 0.1628 - learning_rate: 1.0000
Epoch 146/215
1173/1173 - 6s - 5ms/step - accuracy: 0.9512 - loss: 0.1641 - learning_rate: 1.0000
Epoch 147/215
1173/1173 - 6s - 5ms/step - accuracy: 0.9493 - loss: 0.1676 - learning_rate: 1.0000
Epoch 148/215
1173/1173 - 6s - 5ms/step - accuracy: 0.9510 - loss: 0.1824 - learning_rate: 1.0000
Epoch 149/215
1173/1173 - 6s - 6ms/step - accuracy: 0.9448 - loss: 0.1750 - learning_rate: 1.0000
Epoch 150/215
1173/1173 - 10s - 8ms/step - accuracy: 0.9499 - loss: 0.1725 - learning_rate: 1.0000
Epoch 151/215
1173/1173 - 6s - 5ms/step - accuracy: 0.9514 - loss: 0.1490 - learning_rate: 1.0000
Epoch 152/215
1173/1173 - 7s - 6ms/step - accuracy: 0.9469 - loss: 0.1858 - learning_rate: 1.0000
Epoch 153/215
1173/1173 - 6s - 5ms/step - accuracy: 0.9542 - loss: 0.1604 - learning_rate: 1.0000
Epoch 154/215
1173/1173 - 6s - 6ms/step - accuracy: 0.9503 - loss: 0.1697 - learning_rate: 1.0000
Epoch 155/215
1173/1173 - 7s - 6ms/step - accuracy: 0.9476 - loss: 0.1767 - learning_rate: 1.0000
Epoch 156/215
1173/1173 - 10s - 8ms/step - accuracy: 0.9407 - loss: 0.1877 - learning_rate: 1.0000
Epoch 157/215
1173/1173 - 11s - 9ms/step - accuracy: 0.9473 - loss: 0.1683 - learning_rate: 1.0000
Epoch 158/215
1173/1173 - 7s - 6ms/step - accuracy: 0.9505 - loss: 0.1622 - learning_rate: 1.0000
Epoch 159/215
1173/1173 - 6s - 5ms/step - accuracy: 0.9454 - loss: 0.1819 - learning_rate: 1.0000
Epoch 160/215
1173/1173 - 6s - 5ms/step - accuracy: 0.9467 - loss: 0.1661 - learning_rate: 1.0000
Epoch 161/215
1173/1173 - 7s - 6ms/step - accuracy: 0.9522 - loss: 0.1689 - learning_rate: 1.0000
Epoch 162/215
1173/1173 - 7s - 6ms/step - accuracy: 0.9512 - loss: 0.1654 - learning_rate: 1.0000
Epoch 163/215
1173/1173 - 6s - 5ms/step - accuracy: 0.9503 - loss: 0.1684 - learning_rate: 1.0000
Epoch 164/215
1173/1173 - 6s - 5ms/step - accuracy: 0.9559 - loss: 0.1491 - learning_rate: 1.0000
Epoch 165/215
1173/1173 - 7s - 6ms/step - accuracy: 0.9533 - loss: 0.1528 - learning_rate: 1.0000
Epoch 166/215
1173/1173 - 7s - 6ms/step - accuracy: 0.9476 - loss: 0.1737 - learning_rate: 1.0000
Epoch 167/215
1173/1173 - 6s - 5ms/step - accuracy: 0.9522 - loss: 0.1625 - learning_rate: 1.0000
Epoch 168/215
1173/1173 - 6s - 5ms/step - accuracy: 0.9510 - loss: 0.1669 - learning_rate: 1.0000
Epoch 169/215
1173/1173 - 6s - 5ms/step - accuracy: 0.9471 - loss: 0.1722 - learning_rate: 1.0000
Epoch 170/215
1173/1173 - 5s - 5ms/step - accuracy: 0.9495 - loss: 0.1712 - learning_rate: 1.0000
Epoch 171/215
1173/1173 - 5s - 4ms/step - accuracy: 0.9493 - loss: 0.1636 - learning_rate: 1.0000
Epoch 172/215
1173/1173 - 5s - 4ms/step - accuracy: 0.9552 - loss: 0.1538 - learning_rate: 1.0000
Epoch 173/215
1173/1173 - 6s - 5ms/step - accuracy: 0.9448 - loss: 0.1753 - learning_rate: 0.9779
Epoch 174/215
1173/1173 - 6s - 5ms/step - accuracy: 0.9488 - loss: 0.1729 - learning_rate: 0.9558
Epoch 175/215
1173/1173 - 5s - 5ms/step - accuracy: 0.9501 - loss: 0.1750 - learning_rate: 0.9337
Epoch 176/215
1173/1173 - 6s - 5ms/step - accuracy: 0.9520 - loss: 0.1510 - learning_rate: 0.9116
Epoch 177/215
1173/1173 - 6s - 5ms/step - accuracy: 0.9484 - loss: 0.1619 - learning_rate: 0.8895
Epoch 178/215
1173/1173 - 6s - 5ms/step - accuracy: 0.9557 - loss: 0.1593 - learning_rate: 0.8674
Epoch 179/215
1173/1173 - 6s - 6ms/step - accuracy: 0.9548 - loss: 0.1571 - learning_rate: 0.8453
Epoch 180/215
1173/1173 - 6s - 5ms/step - accuracy: 0.9535 - loss: 0.1631 - learning_rate: 0.8233
Epoch 181/215
1173/1173 - 6s - 5ms/step - accuracy: 0.9544 - loss: 0.1468 - learning_rate: 0.8012
Epoch 182/215
1173/1173 - 6s - 5ms/step - accuracy: 0.9552 - loss: 0.1524 - learning_rate: 0.7791
Epoch 183/215
1173/1173 - 6s - 6ms/step - accuracy: 0.9595 - loss: 0.1383 - learning_rate: 0.7570
Epoch 184/215
1173/1173 - 6s - 5ms/step - accuracy: 0.9522 - loss: 0.1610 - learning_rate: 0.7349
Epoch 185/215
1173/1173 - 6s - 5ms/step - accuracy: 0.9516 - loss: 0.1508 - learning_rate: 0.7128
Epoch 186/215
1173/1173 - 7s - 6ms/step - accuracy: 0.9533 - loss: 0.1479 - learning_rate: 0.6907
Epoch 187/215
1173/1173 - 7s - 6ms/step - accuracy: 0.9578 - loss: 0.1457 - learning_rate: 0.6686
Epoch 188/215
1173/1173 - 7s - 6ms/step - accuracy: 0.9621 - loss: 0.1314 - learning_rate: 0.6465
Epoch 189/215
1173/1173 - 6s - 6ms/step - accuracy: 0.9580 - loss: 0.1366 - learning_rate: 0.6244
Epoch 190/215
1173/1173 - 6s - 5ms/step - accuracy: 0.9616 - loss: 0.1346 - learning_rate: 0.6023
Epoch 191/215
1173/1173 - 7s - 6ms/step - accuracy: 0.9572 - loss: 0.1418 - learning_rate: 0.5802
Epoch 192/215
1173/1173 - 9s - 8ms/step - accuracy: 0.9616 - loss: 0.1322 - learning_rate: 0.5581
Epoch 193/215
1173/1173 - 6s - 5ms/step - accuracy: 0.9527 - loss: 0.1467 - learning_rate: 0.5360
Epoch 194/215
1173/1173 - 6s - 5ms/step - accuracy: 0.9542 - loss: 0.1471 - learning_rate: 0.5140
Epoch 195/215
1173/1173 - 6s - 5ms/step - accuracy: 0.9601 - loss: 0.1239 - learning_rate: 0.4919
Epoch 196/215
1173/1173 - 6s - 5ms/step - accuracy: 0.9623 - loss: 0.1281 - learning_rate: 0.4698
Epoch 197/215
1173/1173 - 7s - 6ms/step - accuracy: 0.9648 - loss: 0.1213 - learning_rate: 0.4477
Epoch 198/215
1173/1173 - 6s - 5ms/step - accuracy: 0.9618 - loss: 0.1273 - learning_rate: 0.4256
Epoch 199/215
1173/1173 - 7s - 6ms/step - accuracy: 0.9646 - loss: 0.1208 - learning_rate: 0.4035
Epoch 200/215
1173/1173 - 7s - 6ms/step - accuracy: 0.9631 - loss: 0.1236 - learning_rate: 0.3814
Epoch 201/215
1173/1173 - 6s - 5ms/step - accuracy: 0.9650 - loss: 0.1165 - learning_rate: 0.3593
Epoch 202/215
1173/1173 - 6s - 5ms/step - accuracy: 0.9693 - loss: 0.1092 - learning_rate: 0.3372
Epoch 203/215
1173/1173 - 6s - 5ms/step - accuracy: 0.9633 - loss: 0.1209 - learning_rate: 0.3151
Epoch 204/215
1173/1173 - 6s - 5ms/step - accuracy: 0.9657 - loss: 0.1303 - learning_rate: 0.2930
Epoch 205/215
1173/1173 - 6s - 5ms/step - accuracy: 0.9672 - loss: 0.1043 - learning_rate: 0.2709
Epoch 206/215
1173/1173 - 6s - 5ms/step - accuracy: 0.9616 - loss: 0.1285 - learning_rate: 0.2488
Epoch 207/215
1173/1173 - 6s - 5ms/step - accuracy: 0.9682 - loss: 0.1075 - learning_rate: 0.2267
Epoch 208/215
1173/1173 - 6s - 6ms/step - accuracy: 0.9665 - loss: 0.1110 - learning_rate: 0.2047
Epoch 209/215
1173/1173 - 7s - 6ms/step - accuracy: 0.9635 - loss: 0.1190 - learning_rate: 0.1826
Epoch 210/215
1173/1173 - 10s - 9ms/step - accuracy: 0.9710 - loss: 0.1098 - learning_rate: 0.1605
Epoch 211/215
1173/1173 - 7s - 6ms/step - accuracy: 0.9650 - loss: 0.1196 - learning_rate: 0.1384
Epoch 212/215
1173/1173 - 6s - 5ms/step - accuracy: 0.9672 - loss: 0.1073 - learning_rate: 0.1163
Epoch 213/215
1173/1173 - 6s - 5ms/step - accuracy: 0.9687 - loss: 0.1017 - learning_rate: 0.0942
Epoch 214/215
1173/1173 - 6s - 5ms/step - accuracy: 0.9699 - loss: 0.1001 - learning_rate: 0.0721
Epoch 215/215
1173/1173 - 6s - 5ms/step - accuracy: 0.9712 - loss: 0.0912 - learning_rate: 0.0500
[final] ran 215 epochs in 1450s (6.75 s/ep), final loss 0.09120, acc 0.9712
saved models\dig-class11_r1lc50s42_s2.keras
Static-shape rebuild verified (max delta 0.00e+00)
Saved artifact at 'C:\Users\josep\AppData\Local\Temp\tmp_5p3q8m3'. The following endpoints are available:

* Endpoint 'serve'
  args_0 (POSITIONAL_ONLY): TensorSpec(shape=(1, 32, 20, 3), dtype=tf.float32, name='keras_tensor_24')
Output Type:
  TensorSpec(shape=(1, 11), dtype=tf.float32, name=None)
Captures:
  1468852993488: TensorSpec(shape=(), dtype=tf.resource, name=None)
  1468852991952: TensorSpec(shape=(), dtype=tf.resource, name=None)
  1468852993872: TensorSpec(shape=(), dtype=tf.resource, name=None)
  1468852993296: TensorSpec(shape=(), dtype=tf.resource, name=None)
  1468852992336: TensorSpec(shape=(), dtype=tf.resource, name=None)
  1468852992720: TensorSpec(shape=(), dtype=tf.resource, name=None)
  1468852992528: TensorSpec(shape=(), dtype=tf.resource, name=None)
  1468852992912: TensorSpec(shape=(), dtype=tf.resource, name=None)
  1468852993680: TensorSpec(shape=(), dtype=tf.resource, name=None)
  1468854337616: TensorSpec(shape=(), dtype=tf.resource, name=None)
  1468854338192: TensorSpec(shape=(), dtype=tf.resource, name=None)
  1468854340304: TensorSpec(shape=(), dtype=tf.resource, name=None)
  1468854339152: TensorSpec(shape=(), dtype=tf.resource, name=None)
  1468854338384: TensorSpec(shape=(), dtype=tf.resource, name=None)
  representative dataset: 256 distinct images (256 user + 0 upstream)
Saved artifact at 'C:\Users\josep\AppData\Local\Temp\tmpbpidq_9x'. The following endpoints are available:

* Endpoint 'serve'
  args_0 (POSITIONAL_ONLY): TensorSpec(shape=(1, 32, 20, 3), dtype=tf.float32, name='keras_tensor_24')
Output Type:
  TensorSpec(shape=(1, 11), dtype=tf.float32, name=None)
Captures:
  1468852993488: TensorSpec(shape=(), dtype=tf.resource, name=None)
  1468852991952: TensorSpec(shape=(), dtype=tf.resource, name=None)
  1468852993872: TensorSpec(shape=(), dtype=tf.resource, name=None)
  1468852993296: TensorSpec(shape=(), dtype=tf.resource, name=None)
  1468852992336: TensorSpec(shape=(), dtype=tf.resource, name=None)
  1468852992720: TensorSpec(shape=(), dtype=tf.resource, name=None)
  1468852992528: TensorSpec(shape=(), dtype=tf.resource, name=None)
  1468852992912: TensorSpec(shape=(), dtype=tf.resource, name=None)
  1468852993680: TensorSpec(shape=(), dtype=tf.resource, name=None)
  1468854337616: TensorSpec(shape=(), dtype=tf.resource, name=None)
  1468854338192: TensorSpec(shape=(), dtype=tf.resource, name=None)
  1468854340304: TensorSpec(shape=(), dtype=tf.resource, name=None)
  1468854339152: TensorSpec(shape=(), dtype=tf.resource, name=None)
  1468854338384: TensorSpec(shape=(), dtype=tf.resource, name=None)
C:\Users\josep\AppData\Local\Programs\Python\Python312\Lib\site-packages\tensorflow\lite\python\convert.py:846: UserWarning: Statistics for quantized inputs were expected, but not specified; continuing anyway.
  warnings.warn(
fully_quantize: 0, inference_type: 6, input_inference_type: FLOAT32, output_inference_type: FLOAT32
Saved artifact at 'C:\Users\josep\AppData\Local\Temp\tmpfl08cfcb'. The following endpoints are available:

* Endpoint 'serve'
  args_0 (POSITIONAL_ONLY): TensorSpec(shape=(1, 32, 20, 3), dtype=tf.float32, name='keras_tensor_24')
Output Type:
  TensorSpec(shape=(1, 11), dtype=tf.float32, name=None)
Captures:
  1468852993488: TensorSpec(shape=(), dtype=tf.resource, name=None)
  1468852991952: TensorSpec(shape=(), dtype=tf.resource, name=None)
  1468852993872: TensorSpec(shape=(), dtype=tf.resource, name=None)
  1468852993296: TensorSpec(shape=(), dtype=tf.resource, name=None)
  1468852992336: TensorSpec(shape=(), dtype=tf.resource, name=None)
  1468852992720: TensorSpec(shape=(), dtype=tf.resource, name=None)
  1468852992528: TensorSpec(shape=(), dtype=tf.resource, name=None)
  1468852992912: TensorSpec(shape=(), dtype=tf.resource, name=None)
  1468852993680: TensorSpec(shape=(), dtype=tf.resource, name=None)
  1468854337616: TensorSpec(shape=(), dtype=tf.resource, name=None)
  1468854338192: TensorSpec(shape=(), dtype=tf.resource, name=None)
  1468854340304: TensorSpec(shape=(), dtype=tf.resource, name=None)
  1468854339152: TensorSpec(shape=(), dtype=tf.resource, name=None)
  1468854338384: TensorSpec(shape=(), dtype=tf.resource, name=None)
C:\Users\josep\AppData\Local\Programs\Python\Python312\Lib\site-packages\tensorflow\lite\python\convert.py:846: UserWarning: Statistics for quantized inputs were expected, but not specified; continuing anyway.
  warnings.warn(
fully_quantize: 0, inference_type: 6, input_inference_type: FLOAT32, output_inference_type: FLOAT32
exported models\dig-class11_r1lc50s42_s2.tflite  (349 KB)
exported models\dig-class11_r1lc50s42_s2_q.tflite  (95 KB)
exported models\dig-class11_r1lc50s42_s2_qpt.tflite  (93 KB)
