WARNING: All log messages before absl::InitializeLog() is called are written to STDERR
I0000 00:00:1791070612.556909   39156 port.cc:153] oneDNN custom operations are on. You may see slightly different numerical results due to floating-point round-off errors from different computation orders. To turn them off, set the environment variable `TF_ENABLE_ONEDNN_OPTS=0`.
WARNING: All log messages before absl::InitializeLog() is called are written to STDERR
I0000 00:00:1791070615.511434   39156 port.cc:153] oneDNN custom operations are on. You may see slightly different numerical results due to floating-point round-off errors from different computation orders. To turn them off, set the environment variable `TF_ENABLE_ONEDNN_OPTS=0`.
WARNING:tensorflow:TensorFlow GPU support is not available on native Windows for TensorFlow >= 2.11. Even if CUDA/cuDNN are installed, GPU will not be used. Please use WSL2 or the TensorFlow-DirectML plugin.
dig-class11 graph: 88023 params
upstream 03_data_resize_all-use_for_training: 1290 images
user     04_joe_lcd_20x32: 6784 images (4650 frames)

=== FINAL: train on 100% of the pool, 8074 images (1290 upstream + 6784 user x1), 75 epochs, no validation, no early stopping ===
Epoch 1/75
2019/2019 - 9s - 4ms/step - accuracy: 0.1449 - loss: 2.3359
Epoch 2/75
2019/2019 - 8s - 4ms/step - accuracy: 0.4593 - loss: 1.5713
Epoch 3/75
2019/2019 - 8s - 4ms/step - accuracy: 0.5706 - loss: 1.2305
Epoch 4/75
2019/2019 - 8s - 4ms/step - accuracy: 0.6287 - loss: 1.0783
Epoch 5/75
2019/2019 - 8s - 4ms/step - accuracy: 0.6556 - loss: 1.0126
Epoch 6/75
2019/2019 - 8s - 4ms/step - accuracy: 0.6746 - loss: 0.9407
Epoch 7/75
2019/2019 - 8s - 4ms/step - accuracy: 0.6961 - loss: 0.8901
Epoch 8/75
2019/2019 - 8s - 4ms/step - accuracy: 0.7072 - loss: 0.8449
Epoch 9/75
2019/2019 - 8s - 4ms/step - accuracy: 0.7217 - loss: 0.8203
Epoch 10/75
2019/2019 - 8s - 4ms/step - accuracy: 0.7337 - loss: 0.8017
Epoch 11/75
2019/2019 - 8s - 4ms/step - accuracy: 0.7306 - loss: 0.7856
Epoch 12/75
2019/2019 - 8s - 4ms/step - accuracy: 0.7383 - loss: 0.7672
Epoch 13/75
2019/2019 - 8s - 4ms/step - accuracy: 0.7405 - loss: 0.7724
Epoch 14/75
2019/2019 - 8s - 4ms/step - accuracy: 0.7446 - loss: 0.7479
Epoch 15/75
2019/2019 - 8s - 4ms/step - accuracy: 0.7558 - loss: 0.7282
Epoch 16/75
2019/2019 - 8s - 4ms/step - accuracy: 0.7560 - loss: 0.7101
Epoch 17/75
2019/2019 - 8s - 4ms/step - accuracy: 0.7545 - loss: 0.7138
Epoch 18/75
2019/2019 - 8s - 4ms/step - accuracy: 0.7616 - loss: 0.7103
Epoch 19/75
2019/2019 - 8s - 4ms/step - accuracy: 0.7637 - loss: 0.7052
Epoch 20/75
2019/2019 - 8s - 4ms/step - accuracy: 0.7714 - loss: 0.6849
Epoch 21/75
2019/2019 - 8s - 4ms/step - accuracy: 0.7707 - loss: 0.6840
Epoch 22/75
2019/2019 - 8s - 4ms/step - accuracy: 0.7683 - loss: 0.6834
Epoch 23/75
2019/2019 - 8s - 4ms/step - accuracy: 0.7704 - loss: 0.6728
Epoch 24/75
2019/2019 - 8s - 4ms/step - accuracy: 0.7752 - loss: 0.6716
Epoch 25/75
2019/2019 - 8s - 4ms/step - accuracy: 0.7824 - loss: 0.6428
Epoch 26/75
2019/2019 - 8s - 4ms/step - accuracy: 0.7820 - loss: 0.6584
Epoch 27/75
2019/2019 - 8s - 4ms/step - accuracy: 0.7833 - loss: 0.6396
Epoch 28/75
2019/2019 - 8s - 4ms/step - accuracy: 0.7774 - loss: 0.6605
Epoch 29/75
2019/2019 - 8s - 4ms/step - accuracy: 0.7803 - loss: 0.6531
Epoch 30/75
2019/2019 - 8s - 4ms/step - accuracy: 0.7769 - loss: 0.6518
Epoch 31/75
2019/2019 - 8s - 4ms/step - accuracy: 0.7795 - loss: 0.6431
Epoch 32/75
2019/2019 - 8s - 4ms/step - accuracy: 0.7823 - loss: 0.6325
Epoch 33/75
2019/2019 - 8s - 4ms/step - accuracy: 0.7902 - loss: 0.6357
Epoch 34/75
2019/2019 - 8s - 4ms/step - accuracy: 0.7872 - loss: 0.6314
Epoch 35/75
2019/2019 - 8s - 4ms/step - accuracy: 0.7793 - loss: 0.6413
Epoch 36/75
2019/2019 - 8s - 4ms/step - accuracy: 0.7870 - loss: 0.6403
Epoch 37/75
2019/2019 - 8s - 4ms/step - accuracy: 0.7826 - loss: 0.6438
Epoch 38/75
2019/2019 - 8s - 4ms/step - accuracy: 0.7924 - loss: 0.6203
Epoch 39/75
2019/2019 - 8s - 4ms/step - accuracy: 0.7890 - loss: 0.6279
Epoch 40/75
2019/2019 - 8s - 4ms/step - accuracy: 0.7902 - loss: 0.6298
Epoch 41/75
2019/2019 - 8s - 4ms/step - accuracy: 0.7977 - loss: 0.6116
Epoch 42/75
2019/2019 - 8s - 4ms/step - accuracy: 0.7949 - loss: 0.6196
Epoch 43/75
2019/2019 - 8s - 4ms/step - accuracy: 0.7987 - loss: 0.5995
Epoch 44/75
2019/2019 - 8s - 4ms/step - accuracy: 0.7966 - loss: 0.6081
Epoch 45/75
2019/2019 - 8s - 4ms/step - accuracy: 0.7937 - loss: 0.6163
Epoch 46/75
2019/2019 - 8s - 4ms/step - accuracy: 0.7970 - loss: 0.6017
Epoch 47/75
2019/2019 - 8s - 4ms/step - accuracy: 0.7883 - loss: 0.6230
Epoch 48/75
2019/2019 - 8s - 4ms/step - accuracy: 0.7945 - loss: 0.6246
Epoch 49/75
2019/2019 - 8s - 4ms/step - accuracy: 0.8010 - loss: 0.6066
Epoch 50/75
2019/2019 - 8s - 4ms/step - accuracy: 0.7925 - loss: 0.6184
Epoch 51/75
2019/2019 - 8s - 4ms/step - accuracy: 0.7971 - loss: 0.6030
Epoch 52/75
2019/2019 - 8s - 4ms/step - accuracy: 0.7953 - loss: 0.6046
Epoch 53/75
2019/2019 - 8s - 4ms/step - accuracy: 0.7975 - loss: 0.6202
Epoch 54/75
2019/2019 - 10s - 5ms/step - accuracy: 0.7949 - loss: 0.6235
Epoch 55/75
2019/2019 - 9s - 5ms/step - accuracy: 0.7971 - loss: 0.6107
Epoch 56/75
2019/2019 - 8s - 4ms/step - accuracy: 0.7918 - loss: 0.6146
Epoch 57/75
2019/2019 - 8s - 4ms/step - accuracy: 0.7973 - loss: 0.6032
Epoch 58/75
2019/2019 - 9s - 5ms/step - accuracy: 0.7945 - loss: 0.6211
Epoch 59/75
2019/2019 - 9s - 5ms/step - accuracy: 0.7865 - loss: 0.6304
Epoch 60/75
2019/2019 - 9s - 5ms/step - accuracy: 0.8002 - loss: 0.6027
Epoch 61/75
2019/2019 - 10s - 5ms/step - accuracy: 0.7934 - loss: 0.6157
Epoch 62/75
2019/2019 - 8s - 4ms/step - accuracy: 0.7968 - loss: 0.6050
Epoch 63/75
2019/2019 - 8s - 4ms/step - accuracy: 0.7950 - loss: 0.6235
Epoch 64/75
2019/2019 - 8s - 4ms/step - accuracy: 0.7955 - loss: 0.6226
Epoch 65/75
2019/2019 - 8s - 4ms/step - accuracy: 0.7939 - loss: 0.6335
Epoch 66/75
2019/2019 - 8s - 4ms/step - accuracy: 0.8075 - loss: 0.5922
Epoch 67/75
2019/2019 - 8s - 4ms/step - accuracy: 0.8016 - loss: 0.6187
Epoch 68/75
2019/2019 - 8s - 4ms/step - accuracy: 0.7945 - loss: 0.6047
Epoch 69/75
2019/2019 - 8s - 4ms/step - accuracy: 0.7968 - loss: 0.6080
Epoch 70/75
2019/2019 - 8s - 4ms/step - accuracy: 0.7961 - loss: 0.6099
Epoch 71/75
2019/2019 - 8s - 4ms/step - accuracy: 0.7969 - loss: 0.6217
Epoch 72/75
2019/2019 - 8s - 4ms/step - accuracy: 0.7938 - loss: 0.6214
Epoch 73/75
2019/2019 - 8s - 4ms/step - accuracy: 0.8010 - loss: 0.6079
Epoch 74/75
2019/2019 - 8s - 4ms/step - accuracy: 0.7961 - loss: 0.6101
Epoch 75/75
2019/2019 - 8s - 4ms/step - accuracy: 0.7999 - loss: 0.6215
[final] ran 75 epochs in 591s (7.88 s/ep), final loss 0.62149, acc 0.7999
saved models\dig-class11_9010_s2.keras
Static-shape rebuild verified (max delta 0.00e+00)
Saved artifact at 'C:\Users\josep\AppData\Local\Temp\tmp68onhks9'. The following endpoints are available:

* Endpoint 'serve'
  args_0 (POSITIONAL_ONLY): TensorSpec(shape=(1, 32, 20, 3), dtype=tf.float32, name='keras_tensor_24')
Output Type:
  TensorSpec(shape=(1, 11), dtype=tf.float32, name=None)
Captures:
  2250561976656: TensorSpec(shape=(), dtype=tf.resource, name=None)
  2250561977424: TensorSpec(shape=(), dtype=tf.resource, name=None)
  2250561977232: TensorSpec(shape=(), dtype=tf.resource, name=None)
  2250561976080: TensorSpec(shape=(), dtype=tf.resource, name=None)
  2250561977808: TensorSpec(shape=(), dtype=tf.resource, name=None)
  2250561976272: TensorSpec(shape=(), dtype=tf.resource, name=None)
  2250561978000: TensorSpec(shape=(), dtype=tf.resource, name=None)
  2249205484048: TensorSpec(shape=(), dtype=tf.resource, name=None)
  2249205483856: TensorSpec(shape=(), dtype=tf.resource, name=None)
  2249205482320: TensorSpec(shape=(), dtype=tf.resource, name=None)
  2249205481552: TensorSpec(shape=(), dtype=tf.resource, name=None)
  2249205484240: TensorSpec(shape=(), dtype=tf.resource, name=None)
  2249205484624: TensorSpec(shape=(), dtype=tf.resource, name=None)
  2249205485776: TensorSpec(shape=(), dtype=tf.resource, name=None)
  representative dataset: 256 distinct images (256 user + 0 upstream)
Saved artifact at 'C:\Users\josep\AppData\Local\Temp\tmpd7q__6w1'. The following endpoints are available:

* Endpoint 'serve'
  args_0 (POSITIONAL_ONLY): TensorSpec(shape=(1, 32, 20, 3), dtype=tf.float32, name='keras_tensor_24')
Output Type:
  TensorSpec(shape=(1, 11), dtype=tf.float32, name=None)
Captures:
  2250561976656: TensorSpec(shape=(), dtype=tf.resource, name=None)
  2250561977424: TensorSpec(shape=(), dtype=tf.resource, name=None)
  2250561977232: TensorSpec(shape=(), dtype=tf.resource, name=None)
  2250561976080: TensorSpec(shape=(), dtype=tf.resource, name=None)
  2250561977808: TensorSpec(shape=(), dtype=tf.resource, name=None)
  2250561976272: TensorSpec(shape=(), dtype=tf.resource, name=None)
  2250561978000: TensorSpec(shape=(), dtype=tf.resource, name=None)
  2249205484048: TensorSpec(shape=(), dtype=tf.resource, name=None)
  2249205483856: TensorSpec(shape=(), dtype=tf.resource, name=None)
  2249205482320: TensorSpec(shape=(), dtype=tf.resource, name=None)
  2249205481552: TensorSpec(shape=(), dtype=tf.resource, name=None)
  2249205484240: TensorSpec(shape=(), dtype=tf.resource, name=None)
  2249205484624: TensorSpec(shape=(), dtype=tf.resource, name=None)
  2249205485776: TensorSpec(shape=(), dtype=tf.resource, name=None)
C:\Users\josep\AppData\Local\Programs\Python\Python312\Lib\site-packages\tensorflow\lite\python\convert.py:846: UserWarning: Statistics for quantized inputs were expected, but not specified; continuing anyway.
  warnings.warn(
fully_quantize: 0, inference_type: 6, input_inference_type: FLOAT32, output_inference_type: FLOAT32
Saved artifact at 'C:\Users\josep\AppData\Local\Temp\tmp4cagfn_p'. The following endpoints are available:

* Endpoint 'serve'
  args_0 (POSITIONAL_ONLY): TensorSpec(shape=(1, 32, 20, 3), dtype=tf.float32, name='keras_tensor_24')
Output Type:
  TensorSpec(shape=(1, 11), dtype=tf.float32, name=None)
Captures:
  2250561976656: TensorSpec(shape=(), dtype=tf.resource, name=None)
  2250561977424: TensorSpec(shape=(), dtype=tf.resource, name=None)
  2250561977232: TensorSpec(shape=(), dtype=tf.resource, name=None)
  2250561976080: TensorSpec(shape=(), dtype=tf.resource, name=None)
  2250561977808: TensorSpec(shape=(), dtype=tf.resource, name=None)
  2250561976272: TensorSpec(shape=(), dtype=tf.resource, name=None)
  2250561978000: TensorSpec(shape=(), dtype=tf.resource, name=None)
  2249205484048: TensorSpec(shape=(), dtype=tf.resource, name=None)
  2249205483856: TensorSpec(shape=(), dtype=tf.resource, name=None)
  2249205482320: TensorSpec(shape=(), dtype=tf.resource, name=None)
  2249205481552: TensorSpec(shape=(), dtype=tf.resource, name=None)
  2249205484240: TensorSpec(shape=(), dtype=tf.resource, name=None)
  2249205484624: TensorSpec(shape=(), dtype=tf.resource, name=None)
  2249205485776: TensorSpec(shape=(), dtype=tf.resource, name=None)
C:\Users\josep\AppData\Local\Programs\Python\Python312\Lib\site-packages\tensorflow\lite\python\convert.py:846: UserWarning: Statistics for quantized inputs were expected, but not specified; continuing anyway.
  warnings.warn(
fully_quantize: 0, inference_type: 6, input_inference_type: FLOAT32, output_inference_type: FLOAT32
exported models\dig-class11_9010_s2.tflite  (349 KB)
exported models\dig-class11_9010_s2_q.tflite  (95 KB)
exported models\dig-class11_9010_s2_qpt.tflite  (93 KB)
