WARNING: All log messages before absl::InitializeLog() is called are written to STDERR
I0000 00:00:1791503209.678165   41880 port.cc:153] oneDNN custom operations are on. You may see slightly different numerical results due to floating-point round-off errors from different computation orders. To turn them off, set the environment variable `TF_ENABLE_ONEDNN_OPTS=0`.
WARNING: All log messages before absl::InitializeLog() is called are written to STDERR
I0000 00:00:1791503215.005029   41880 port.cc:153] oneDNN custom operations are on. You may see slightly different numerical results due to floating-point round-off errors from different computation orders. To turn them off, set the environment variable `TF_ENABLE_ONEDNN_OPTS=0`.
WARNING:tensorflow:TensorFlow GPU support is not available on native Windows for TensorFlow >= 2.11. Even if CUDA/cuDNN are installed, GPU will not be used. Please use WSL2 or the TensorFlow-DirectML plugin.
==============================================================
RECIPE
  user dir     : work/_corpus_stb_20x32   upstream: 03_data_resize_all-use_for_training   user-weight x1
  aug profile  : night_aware
    gate       : mean luma <= 78 -> dark
    dark       : AugmentConfig(blur_p=0.3, blur_sigma=(0.3, 0.7), motion_p=0.08, motion_len=(2, 3), glare_p=0.0, glare_sigma_frac=(0.15, 0.9), glare_gain=(25.0, 140.0), veil_p=0.0, veil_k=(0.05, 0.42), veil_grid=(4, 3), veil_field_gain=(0.6, 1.0), veil_field_bias=(0.0, 0.4), veil_level=(150.0, 255.0), exposure=(0.85, 1.15), contrast=(0.85, 1.1), wb=(1.0, 1.0), noise_sigma=(0.5, 3.0), jpeg_p=0.3, jpeg_quality=(60, 95), scale_blur_to_size=True)
    bright     : AugmentConfig(blur_p=0.22, blur_sigma=(0.3, 0.9), motion_p=0.08, motion_len=(2, 4), glare_p=0.28, glare_sigma_frac=(0.15, 0.9), glare_gain=(25.0, 140.0), veil_p=0.35, veil_k=(0.05, 0.42), veil_grid=(4, 3), veil_field_gain=(0.6, 1.0), veil_field_bias=(0.0, 0.4), veil_level=(150.0, 255.0), exposure=(0.6, 1.4), contrast=(0.55, 1.22), wb=(0.88, 1.12), noise_sigma=(0.5, 6.0), jpeg_p=0.25, jpeg_quality=(45, 95), scale_blur_to_size=True)
  geom         : split_none  (per image, mean luma before geometry)
    dark <= 78: NO geometry
    bright   : {'width_shift_range': [-2, -1, 0, 1, 2], 'height_shift_range': [-2, -1, 0, 1, 2], 'zoom_range': [0.85, 1.15], 'rotation_range': 3}
  lr           : compiled lr, linear decay over the last 0.2 of the run's epochs to x0.05
  seed 42  batch 4  epochs 125
==============================================================
dig-class11 graph: 88023 params
upstream 03_data_resize_all-use_for_training: 1290 images
user     work/_corpus_stb_20x32: 6785 images (4636 frames)

=== FINAL: train on 100% of the pool, 8075 images (1290 upstream + 6785 user x1), 125 epochs, no validation, no early stopping ===
[final] lr 1 for epochs 1-100, then linear to 0.05 at epoch 125
Epoch 1/125
2019/2019 - 14s - 7ms/step - accuracy: 0.3475 - loss: 1.7930 - learning_rate: 1.0000
Epoch 2/125
2019/2019 - 11s - 5ms/step - accuracy: 0.6499 - loss: 0.9310 - learning_rate: 1.0000
Epoch 3/125
2019/2019 - 10s - 5ms/step - accuracy: 0.7731 - loss: 0.6733 - learning_rate: 1.0000
Epoch 4/125
2019/2019 - 11s - 5ms/step - accuracy: 0.8282 - loss: 0.5245 - learning_rate: 1.0000
Epoch 5/125
2019/2019 - 10s - 5ms/step - accuracy: 0.8531 - loss: 0.4594 - learning_rate: 1.0000
Epoch 6/125
2019/2019 - 10s - 5ms/step - accuracy: 0.8620 - loss: 0.4259 - learning_rate: 1.0000
Epoch 7/125
2019/2019 - 11s - 5ms/step - accuracy: 0.8755 - loss: 0.3957 - learning_rate: 1.0000
Epoch 8/125
2019/2019 - 11s - 6ms/step - accuracy: 0.8831 - loss: 0.3829 - learning_rate: 1.0000
Epoch 9/125
2019/2019 - 11s - 5ms/step - accuracy: 0.8859 - loss: 0.3680 - learning_rate: 1.0000
Epoch 10/125
2019/2019 - 10s - 5ms/step - accuracy: 0.8967 - loss: 0.3370 - learning_rate: 1.0000
Epoch 11/125
2019/2019 - 11s - 5ms/step - accuracy: 0.8935 - loss: 0.3402 - learning_rate: 1.0000
Epoch 12/125
2019/2019 - 12s - 6ms/step - accuracy: 0.9087 - loss: 0.3065 - learning_rate: 1.0000
Epoch 13/125
2019/2019 - 10s - 5ms/step - accuracy: 0.9009 - loss: 0.3273 - learning_rate: 1.0000
Epoch 14/125
2019/2019 - 10s - 5ms/step - accuracy: 0.9060 - loss: 0.3124 - learning_rate: 1.0000
Epoch 15/125
2019/2019 - 11s - 6ms/step - accuracy: 0.9113 - loss: 0.2939 - learning_rate: 1.0000
Epoch 16/125
2019/2019 - 10s - 5ms/step - accuracy: 0.9076 - loss: 0.3072 - learning_rate: 1.0000
Epoch 17/125
2019/2019 - 10s - 5ms/step - accuracy: 0.9092 - loss: 0.3091 - learning_rate: 1.0000
Epoch 18/125
2019/2019 - 11s - 5ms/step - accuracy: 0.9091 - loss: 0.2995 - learning_rate: 1.0000
Epoch 19/125
2019/2019 - 11s - 6ms/step - accuracy: 0.9107 - loss: 0.2978 - learning_rate: 1.0000
Epoch 20/125
2019/2019 - 12s - 6ms/step - accuracy: 0.9105 - loss: 0.2875 - learning_rate: 1.0000
Epoch 21/125
2019/2019 - 11s - 5ms/step - accuracy: 0.9112 - loss: 0.2864 - learning_rate: 1.0000
Epoch 22/125
2019/2019 - 11s - 5ms/step - accuracy: 0.9106 - loss: 0.2861 - learning_rate: 1.0000
Epoch 23/125
2019/2019 - 10s - 5ms/step - accuracy: 0.9159 - loss: 0.2803 - learning_rate: 1.0000
Epoch 24/125
2019/2019 - 10s - 5ms/step - accuracy: 0.9175 - loss: 0.2727 - learning_rate: 1.0000
Epoch 25/125
2019/2019 - 9s - 5ms/step - accuracy: 0.9093 - loss: 0.2857 - learning_rate: 1.0000
Epoch 26/125
2019/2019 - 9s - 4ms/step - accuracy: 0.9123 - loss: 0.2839 - learning_rate: 1.0000
Epoch 27/125
2019/2019 - 9s - 4ms/step - accuracy: 0.9193 - loss: 0.2707 - learning_rate: 1.0000
Epoch 28/125
2019/2019 - 9s - 4ms/step - accuracy: 0.9127 - loss: 0.2725 - learning_rate: 1.0000
Epoch 29/125
2019/2019 - 9s - 4ms/step - accuracy: 0.9186 - loss: 0.2560 - learning_rate: 1.0000
Epoch 30/125
2019/2019 - 9s - 4ms/step - accuracy: 0.9193 - loss: 0.2583 - learning_rate: 1.0000
Epoch 31/125
2019/2019 - 9s - 4ms/step - accuracy: 0.9214 - loss: 0.2614 - learning_rate: 1.0000
Epoch 32/125
2019/2019 - 10s - 5ms/step - accuracy: 0.9181 - loss: 0.2599 - learning_rate: 1.0000
Epoch 33/125
2019/2019 - 9s - 5ms/step - accuracy: 0.9217 - loss: 0.2592 - learning_rate: 1.0000
Epoch 34/125
2019/2019 - 9s - 5ms/step - accuracy: 0.9226 - loss: 0.2432 - learning_rate: 1.0000
Epoch 35/125
2019/2019 - 8s - 4ms/step - accuracy: 0.9288 - loss: 0.2426 - learning_rate: 1.0000
Epoch 36/125
2019/2019 - 8s - 4ms/step - accuracy: 0.9225 - loss: 0.2484 - learning_rate: 1.0000
Epoch 37/125
2019/2019 - 8s - 4ms/step - accuracy: 0.9176 - loss: 0.2601 - learning_rate: 1.0000
Epoch 38/125
2019/2019 - 8s - 4ms/step - accuracy: 0.9227 - loss: 0.2561 - learning_rate: 1.0000
Epoch 39/125
2019/2019 - 8s - 4ms/step - accuracy: 0.9294 - loss: 0.2436 - learning_rate: 1.0000
Epoch 40/125
2019/2019 - 8s - 4ms/step - accuracy: 0.9278 - loss: 0.2434 - learning_rate: 1.0000
Epoch 41/125
2019/2019 - 8s - 4ms/step - accuracy: 0.9267 - loss: 0.2447 - learning_rate: 1.0000
Epoch 42/125
2019/2019 - 8s - 4ms/step - accuracy: 0.9267 - loss: 0.2338 - learning_rate: 1.0000
Epoch 43/125
2019/2019 - 8s - 4ms/step - accuracy: 0.9272 - loss: 0.2292 - learning_rate: 1.0000
Epoch 44/125
2019/2019 - 8s - 4ms/step - accuracy: 0.9245 - loss: 0.2503 - learning_rate: 1.0000
Epoch 45/125
2019/2019 - 8s - 4ms/step - accuracy: 0.9308 - loss: 0.2447 - learning_rate: 1.0000
Epoch 46/125
2019/2019 - 8s - 4ms/step - accuracy: 0.9238 - loss: 0.2481 - learning_rate: 1.0000
Epoch 47/125
2019/2019 - 8s - 4ms/step - accuracy: 0.9248 - loss: 0.2393 - learning_rate: 1.0000
Epoch 48/125
2019/2019 - 8s - 4ms/step - accuracy: 0.9303 - loss: 0.2303 - learning_rate: 1.0000
Epoch 49/125
2019/2019 - 8s - 4ms/step - accuracy: 0.9324 - loss: 0.2199 - learning_rate: 1.0000
Epoch 50/125
2019/2019 - 8s - 4ms/step - accuracy: 0.9276 - loss: 0.2401 - learning_rate: 1.0000
Epoch 51/125
2019/2019 - 8s - 4ms/step - accuracy: 0.9263 - loss: 0.2394 - learning_rate: 1.0000
Epoch 52/125
2019/2019 - 8s - 4ms/step - accuracy: 0.9302 - loss: 0.2365 - learning_rate: 1.0000
Epoch 53/125
2019/2019 - 8s - 4ms/step - accuracy: 0.9205 - loss: 0.2494 - learning_rate: 1.0000
Epoch 54/125
2019/2019 - 8s - 4ms/step - accuracy: 0.9257 - loss: 0.2438 - learning_rate: 1.0000
Epoch 55/125
2019/2019 - 8s - 4ms/step - accuracy: 0.9285 - loss: 0.2310 - learning_rate: 1.0000
Epoch 56/125
2019/2019 - 8s - 4ms/step - accuracy: 0.9264 - loss: 0.2316 - learning_rate: 1.0000
Epoch 57/125
2019/2019 - 8s - 4ms/step - accuracy: 0.9303 - loss: 0.2302 - learning_rate: 1.0000
Epoch 58/125
2019/2019 - 8s - 4ms/step - accuracy: 0.9308 - loss: 0.2308 - learning_rate: 1.0000
Epoch 59/125
2019/2019 - 8s - 4ms/step - accuracy: 0.9351 - loss: 0.2133 - learning_rate: 1.0000
Epoch 60/125
2019/2019 - 8s - 4ms/step - accuracy: 0.9346 - loss: 0.2249 - learning_rate: 1.0000
Epoch 61/125
2019/2019 - 8s - 4ms/step - accuracy: 0.9307 - loss: 0.2429 - learning_rate: 1.0000
Epoch 62/125
2019/2019 - 8s - 4ms/step - accuracy: 0.9251 - loss: 0.2436 - learning_rate: 1.0000
Epoch 63/125
2019/2019 - 8s - 4ms/step - accuracy: 0.9257 - loss: 0.2405 - learning_rate: 1.0000
Epoch 64/125
2019/2019 - 8s - 4ms/step - accuracy: 0.9292 - loss: 0.2327 - learning_rate: 1.0000
Epoch 65/125
2019/2019 - 8s - 4ms/step - accuracy: 0.9278 - loss: 0.2328 - learning_rate: 1.0000
Epoch 66/125
2019/2019 - 8s - 4ms/step - accuracy: 0.9323 - loss: 0.2331 - learning_rate: 1.0000
Epoch 67/125
2019/2019 - 8s - 4ms/step - accuracy: 0.9283 - loss: 0.2283 - learning_rate: 1.0000
Epoch 68/125
2019/2019 - 8s - 4ms/step - accuracy: 0.9302 - loss: 0.2426 - learning_rate: 1.0000
Epoch 69/125
2019/2019 - 8s - 4ms/step - accuracy: 0.9334 - loss: 0.2208 - learning_rate: 1.0000
Epoch 70/125
2019/2019 - 8s - 4ms/step - accuracy: 0.9308 - loss: 0.2357 - learning_rate: 1.0000
Epoch 71/125
2019/2019 - 8s - 4ms/step - accuracy: 0.9324 - loss: 0.2334 - learning_rate: 1.0000
Epoch 72/125
2019/2019 - 8s - 4ms/step - accuracy: 0.9297 - loss: 0.2479 - learning_rate: 1.0000
Epoch 73/125
2019/2019 - 8s - 4ms/step - accuracy: 0.9298 - loss: 0.2370 - learning_rate: 1.0000
Epoch 74/125
2019/2019 - 8s - 4ms/step - accuracy: 0.9324 - loss: 0.2318 - learning_rate: 1.0000
Epoch 75/125
2019/2019 - 8s - 4ms/step - accuracy: 0.9315 - loss: 0.2253 - learning_rate: 1.0000
Epoch 76/125
2019/2019 - 8s - 4ms/step - accuracy: 0.9290 - loss: 0.2400 - learning_rate: 1.0000
Epoch 77/125
2019/2019 - 8s - 4ms/step - accuracy: 0.9311 - loss: 0.2314 - learning_rate: 1.0000
Epoch 78/125
2019/2019 - 8s - 4ms/step - accuracy: 0.9335 - loss: 0.2138 - learning_rate: 1.0000
Epoch 79/125
2019/2019 - 8s - 4ms/step - accuracy: 0.9283 - loss: 0.2364 - learning_rate: 1.0000
Epoch 80/125
2019/2019 - 9s - 4ms/step - accuracy: 0.9303 - loss: 0.2323 - learning_rate: 1.0000
Epoch 81/125
2019/2019 - 8s - 4ms/step - accuracy: 0.9264 - loss: 0.2485 - learning_rate: 1.0000
Epoch 82/125
2019/2019 - 8s - 4ms/step - accuracy: 0.9280 - loss: 0.2320 - learning_rate: 1.0000
Epoch 83/125
2019/2019 - 8s - 4ms/step - accuracy: 0.9323 - loss: 0.2318 - learning_rate: 1.0000
Epoch 84/125
2019/2019 - 8s - 4ms/step - accuracy: 0.9298 - loss: 0.2342 - learning_rate: 1.0000
Epoch 85/125
2019/2019 - 8s - 4ms/step - accuracy: 0.9272 - loss: 0.2430 - learning_rate: 1.0000
Epoch 86/125
2019/2019 - 8s - 4ms/step - accuracy: 0.9361 - loss: 0.2225 - learning_rate: 1.0000
Epoch 87/125
2019/2019 - 8s - 4ms/step - accuracy: 0.9263 - loss: 0.2437 - learning_rate: 1.0000
Epoch 88/125
2019/2019 - 8s - 4ms/step - accuracy: 0.9268 - loss: 0.2454 - learning_rate: 1.0000
Epoch 89/125
2019/2019 - 10s - 5ms/step - accuracy: 0.9314 - loss: 0.2368 - learning_rate: 1.0000
Epoch 90/125
2019/2019 - 8s - 4ms/step - accuracy: 0.9375 - loss: 0.2242 - learning_rate: 1.0000
Epoch 91/125
2019/2019 - 8s - 4ms/step - accuracy: 0.9336 - loss: 0.2350 - learning_rate: 1.0000
Epoch 92/125
2019/2019 - 8s - 4ms/step - accuracy: 0.9256 - loss: 0.2572 - learning_rate: 1.0000
Epoch 93/125
2019/2019 - 8s - 4ms/step - accuracy: 0.9277 - loss: 0.2468 - learning_rate: 1.0000
Epoch 94/125
2019/2019 - 8s - 4ms/step - accuracy: 0.9295 - loss: 0.2455 - learning_rate: 1.0000
Epoch 95/125
2019/2019 - 8s - 4ms/step - accuracy: 0.9326 - loss: 0.2312 - learning_rate: 1.0000
Epoch 96/125
2019/2019 - 8s - 4ms/step - accuracy: 0.9326 - loss: 0.2262 - learning_rate: 1.0000
Epoch 97/125
2019/2019 - 8s - 4ms/step - accuracy: 0.9314 - loss: 0.2347 - learning_rate: 1.0000
Epoch 98/125
2019/2019 - 8s - 4ms/step - accuracy: 0.9310 - loss: 0.2404 - learning_rate: 1.0000
Epoch 99/125
2019/2019 - 8s - 4ms/step - accuracy: 0.9354 - loss: 0.2211 - learning_rate: 1.0000
Epoch 100/125
2019/2019 - 8s - 4ms/step - accuracy: 0.9297 - loss: 0.2492 - learning_rate: 1.0000
Epoch 101/125
2019/2019 - 8s - 4ms/step - accuracy: 0.9261 - loss: 0.2488 - learning_rate: 0.9620
Epoch 102/125
2019/2019 - 8s - 4ms/step - accuracy: 0.9282 - loss: 0.2421 - learning_rate: 0.9240
Epoch 103/125
2019/2019 - 8s - 4ms/step - accuracy: 0.9360 - loss: 0.2221 - learning_rate: 0.8860
Epoch 104/125
2019/2019 - 8s - 4ms/step - accuracy: 0.9308 - loss: 0.2327 - learning_rate: 0.8480
Epoch 105/125
2019/2019 - 8s - 4ms/step - accuracy: 0.9305 - loss: 0.2312 - learning_rate: 0.8100
Epoch 106/125
2019/2019 - 8s - 4ms/step - accuracy: 0.9313 - loss: 0.2269 - learning_rate: 0.7720
Epoch 107/125
2019/2019 - 8s - 4ms/step - accuracy: 0.9393 - loss: 0.2040 - learning_rate: 0.7340
Epoch 108/125
2019/2019 - 8s - 4ms/step - accuracy: 0.9411 - loss: 0.1986 - learning_rate: 0.6960
Epoch 109/125
2019/2019 - 8s - 4ms/step - accuracy: 0.9401 - loss: 0.2013 - learning_rate: 0.6580
Epoch 110/125
2019/2019 - 8s - 4ms/step - accuracy: 0.9328 - loss: 0.2255 - learning_rate: 0.6200
Epoch 111/125
2019/2019 - 8s - 4ms/step - accuracy: 0.9450 - loss: 0.1961 - learning_rate: 0.5820
Epoch 112/125
2019/2019 - 8s - 4ms/step - accuracy: 0.9403 - loss: 0.2012 - learning_rate: 0.5440
Epoch 113/125
2019/2019 - 8s - 4ms/step - accuracy: 0.9472 - loss: 0.1866 - learning_rate: 0.5060
Epoch 114/125
2019/2019 - 8s - 4ms/step - accuracy: 0.9430 - loss: 0.1810 - learning_rate: 0.4680
Epoch 115/125
2019/2019 - 8s - 4ms/step - accuracy: 0.9471 - loss: 0.1855 - learning_rate: 0.4300
Epoch 116/125
2019/2019 - 8s - 4ms/step - accuracy: 0.9486 - loss: 0.1835 - learning_rate: 0.3920
Epoch 117/125
2019/2019 - 8s - 4ms/step - accuracy: 0.9481 - loss: 0.1717 - learning_rate: 0.3540
Epoch 118/125
2019/2019 - 8s - 4ms/step - accuracy: 0.9538 - loss: 0.1571 - learning_rate: 0.3160
Epoch 119/125
2019/2019 - 8s - 4ms/step - accuracy: 0.9464 - loss: 0.1771 - learning_rate: 0.2780
Epoch 120/125
2019/2019 - 8s - 4ms/step - accuracy: 0.9518 - loss: 0.1529 - learning_rate: 0.2400
Epoch 121/125
2019/2019 - 8s - 4ms/step - accuracy: 0.9512 - loss: 0.1534 - learning_rate: 0.2020
Epoch 122/125
2019/2019 - 8s - 4ms/step - accuracy: 0.9506 - loss: 0.1607 - learning_rate: 0.1640
Epoch 123/125
2019/2019 - 8s - 4ms/step - accuracy: 0.9534 - loss: 0.1526 - learning_rate: 0.1260
Epoch 124/125
2019/2019 - 8s - 4ms/step - accuracy: 0.9536 - loss: 0.1503 - learning_rate: 0.0880
Epoch 125/125
2019/2019 - 8s - 4ms/step - accuracy: 0.9562 - loss: 0.1424 - learning_rate: 0.0500
[final] ran 125 epochs in 1094s (8.75 s/ep), final loss 0.14242, acc 0.9562
saved models\dig-class11_r1cs42_s2.keras
Static-shape rebuild verified (max delta 0.00e+00)
Saved artifact at 'C:\Users\josep\AppData\Local\Temp\tmpbq5gyuyq'. The following endpoints are available:

* Endpoint 'serve'
  args_0 (POSITIONAL_ONLY): TensorSpec(shape=(1, 32, 20, 3), dtype=tf.float32, name='keras_tensor_24')
Output Type:
  TensorSpec(shape=(1, 11), dtype=tf.float32, name=None)
Captures:
  2535436598736: TensorSpec(shape=(), dtype=tf.resource, name=None)
  2535436597200: TensorSpec(shape=(), dtype=tf.resource, name=None)
  2535436599120: TensorSpec(shape=(), dtype=tf.resource, name=None)
  2535436598544: TensorSpec(shape=(), dtype=tf.resource, name=None)
  2535436597584: TensorSpec(shape=(), dtype=tf.resource, name=None)
  2535436597968: TensorSpec(shape=(), dtype=tf.resource, name=None)
  2535436598928: TensorSpec(shape=(), dtype=tf.resource, name=None)
  2535436598160: TensorSpec(shape=(), dtype=tf.resource, name=None)
  2535436597776: TensorSpec(shape=(), dtype=tf.resource, name=None)
  2535437926480: TensorSpec(shape=(), dtype=tf.resource, name=None)
  2535437927056: TensorSpec(shape=(), dtype=tf.resource, name=None)
  2535437929168: TensorSpec(shape=(), dtype=tf.resource, name=None)
  2535437928016: TensorSpec(shape=(), dtype=tf.resource, name=None)
  2535437927248: TensorSpec(shape=(), dtype=tf.resource, name=None)
  representative dataset: 256 distinct images (256 user + 0 upstream)
Saved artifact at 'C:\Users\josep\AppData\Local\Temp\tmpic2ztgw9'. The following endpoints are available:

* Endpoint 'serve'
  args_0 (POSITIONAL_ONLY): TensorSpec(shape=(1, 32, 20, 3), dtype=tf.float32, name='keras_tensor_24')
Output Type:
  TensorSpec(shape=(1, 11), dtype=tf.float32, name=None)
Captures:
  2535436598736: TensorSpec(shape=(), dtype=tf.resource, name=None)
  2535436597200: TensorSpec(shape=(), dtype=tf.resource, name=None)
  2535436599120: TensorSpec(shape=(), dtype=tf.resource, name=None)
  2535436598544: TensorSpec(shape=(), dtype=tf.resource, name=None)
  2535436597584: TensorSpec(shape=(), dtype=tf.resource, name=None)
  2535436597968: TensorSpec(shape=(), dtype=tf.resource, name=None)
  2535436598928: TensorSpec(shape=(), dtype=tf.resource, name=None)
  2535436598160: TensorSpec(shape=(), dtype=tf.resource, name=None)
  2535436597776: TensorSpec(shape=(), dtype=tf.resource, name=None)
  2535437926480: TensorSpec(shape=(), dtype=tf.resource, name=None)
  2535437927056: TensorSpec(shape=(), dtype=tf.resource, name=None)
  2535437929168: TensorSpec(shape=(), dtype=tf.resource, name=None)
  2535437928016: TensorSpec(shape=(), dtype=tf.resource, name=None)
  2535437927248: TensorSpec(shape=(), dtype=tf.resource, name=None)
C:\Users\josep\AppData\Local\Programs\Python\Python312\Lib\site-packages\tensorflow\lite\python\convert.py:846: UserWarning: Statistics for quantized inputs were expected, but not specified; continuing anyway.
  warnings.warn(
fully_quantize: 0, inference_type: 6, input_inference_type: FLOAT32, output_inference_type: FLOAT32
Saved artifact at 'C:\Users\josep\AppData\Local\Temp\tmpk44x3iuq'. The following endpoints are available:

* Endpoint 'serve'
  args_0 (POSITIONAL_ONLY): TensorSpec(shape=(1, 32, 20, 3), dtype=tf.float32, name='keras_tensor_24')
Output Type:
  TensorSpec(shape=(1, 11), dtype=tf.float32, name=None)
Captures:
  2535436598736: TensorSpec(shape=(), dtype=tf.resource, name=None)
  2535436597200: TensorSpec(shape=(), dtype=tf.resource, name=None)
  2535436599120: TensorSpec(shape=(), dtype=tf.resource, name=None)
  2535436598544: TensorSpec(shape=(), dtype=tf.resource, name=None)
  2535436597584: TensorSpec(shape=(), dtype=tf.resource, name=None)
  2535436597968: TensorSpec(shape=(), dtype=tf.resource, name=None)
  2535436598928: TensorSpec(shape=(), dtype=tf.resource, name=None)
  2535436598160: TensorSpec(shape=(), dtype=tf.resource, name=None)
  2535436597776: TensorSpec(shape=(), dtype=tf.resource, name=None)
  2535437926480: TensorSpec(shape=(), dtype=tf.resource, name=None)
  2535437927056: TensorSpec(shape=(), dtype=tf.resource, name=None)
  2535437929168: TensorSpec(shape=(), dtype=tf.resource, name=None)
  2535437928016: TensorSpec(shape=(), dtype=tf.resource, name=None)
  2535437927248: TensorSpec(shape=(), dtype=tf.resource, name=None)
C:\Users\josep\AppData\Local\Programs\Python\Python312\Lib\site-packages\tensorflow\lite\python\convert.py:846: UserWarning: Statistics for quantized inputs were expected, but not specified; continuing anyway.
  warnings.warn(
fully_quantize: 0, inference_type: 6, input_inference_type: FLOAT32, output_inference_type: FLOAT32
exported models\dig-class11_r1cs42_s2.tflite  (349 KB)
exported models\dig-class11_r1cs42_s2_q.tflite  (95 KB)
exported models\dig-class11_r1cs42_s2_qpt.tflite  (93 KB)
