WARNING: All log messages before absl::InitializeLog() is called are written to STDERR
I0000 00:00:1791069832.667688   31800 port.cc:153] oneDNN custom operations are on. You may see slightly different numerical results due to floating-point round-off errors from different computation orders. To turn them off, set the environment variable `TF_ENABLE_ONEDNN_OPTS=0`.
WARNING: All log messages before absl::InitializeLog() is called are written to STDERR
I0000 00:00:1791069840.765059   31800 port.cc:153] oneDNN custom operations are on. You may see slightly different numerical results due to floating-point round-off errors from different computation orders. To turn them off, set the environment variable `TF_ENABLE_ONEDNN_OPTS=0`.
WARNING:tensorflow:TensorFlow GPU support is not available on native Windows for TensorFlow >= 2.11. Even if CUDA/cuDNN are installed, GPU will not be used. Please use WSL2 or the TensorFlow-DirectML plugin.
dig-class11 graph: 88023 params
upstream 03_data_resize_all-use_for_training: 1290 images
user     04_joe_lcd_20x32: 6791 images (4647 frames)

=== FINAL: train on 100% of the pool, 8081 images (1290 upstream + 6791 user x1), 75 epochs, no validation, no early stopping ===
Epoch 1/75
2021/2021 - 9s - 5ms/step - accuracy: 0.1313 - loss: 2.3661
Epoch 2/75
2021/2021 - 9s - 4ms/step - accuracy: 0.4111 - loss: 1.6793
Epoch 3/75
2021/2021 - 9s - 5ms/step - accuracy: 0.5144 - loss: 1.3104
Epoch 4/75
2021/2021 - 10s - 5ms/step - accuracy: 0.5880 - loss: 1.1526
Epoch 5/75
2021/2021 - 10s - 5ms/step - accuracy: 0.6258 - loss: 1.0655
Epoch 6/75
2021/2021 - 10s - 5ms/step - accuracy: 0.6452 - loss: 1.0158
Epoch 7/75
2021/2021 - 9s - 5ms/step - accuracy: 0.6785 - loss: 0.9451
Epoch 8/75
2021/2021 - 10s - 5ms/step - accuracy: 0.6910 - loss: 0.8930
Epoch 9/75
2021/2021 - 9s - 5ms/step - accuracy: 0.7026 - loss: 0.8781
Epoch 10/75
2021/2021 - 10s - 5ms/step - accuracy: 0.7044 - loss: 0.8496
Epoch 11/75
2021/2021 - 10s - 5ms/step - accuracy: 0.7174 - loss: 0.8407
Epoch 12/75
2021/2021 - 10s - 5ms/step - accuracy: 0.7240 - loss: 0.8239
Epoch 13/75
2021/2021 - 10s - 5ms/step - accuracy: 0.7190 - loss: 0.8059
Epoch 14/75
2021/2021 - 10s - 5ms/step - accuracy: 0.7348 - loss: 0.7769
Epoch 15/75
2021/2021 - 9s - 5ms/step - accuracy: 0.7391 - loss: 0.7713
Epoch 16/75
2021/2021 - 9s - 5ms/step - accuracy: 0.7529 - loss: 0.7561
Epoch 17/75
2021/2021 - 10s - 5ms/step - accuracy: 0.7457 - loss: 0.7403
Epoch 18/75
2021/2021 - 10s - 5ms/step - accuracy: 0.7508 - loss: 0.7372
Epoch 19/75
2021/2021 - 10s - 5ms/step - accuracy: 0.7482 - loss: 0.7338
Epoch 20/75
2021/2021 - 9s - 5ms/step - accuracy: 0.7563 - loss: 0.7210
Epoch 21/75
2021/2021 - 10s - 5ms/step - accuracy: 0.7591 - loss: 0.7075
Epoch 22/75
2021/2021 - 9s - 5ms/step - accuracy: 0.7660 - loss: 0.6924
Epoch 23/75
2021/2021 - 9s - 5ms/step - accuracy: 0.7685 - loss: 0.6898
Epoch 24/75
2021/2021 - 9s - 5ms/step - accuracy: 0.7607 - loss: 0.6878
Epoch 25/75
2021/2021 - 10s - 5ms/step - accuracy: 0.7680 - loss: 0.6924
Epoch 26/75
2021/2021 - 10s - 5ms/step - accuracy: 0.7703 - loss: 0.6889
Epoch 27/75
2021/2021 - 10s - 5ms/step - accuracy: 0.7740 - loss: 0.6860
Epoch 28/75
2021/2021 - 10s - 5ms/step - accuracy: 0.7714 - loss: 0.6685
Epoch 29/75
2021/2021 - 9s - 5ms/step - accuracy: 0.7810 - loss: 0.6642
Epoch 30/75
2021/2021 - 10s - 5ms/step - accuracy: 0.7692 - loss: 0.6843
Epoch 31/75
2021/2021 - 9s - 5ms/step - accuracy: 0.7778 - loss: 0.6623
Epoch 32/75
2021/2021 - 9s - 5ms/step - accuracy: 0.7768 - loss: 0.6644
Epoch 33/75
2021/2021 - 10s - 5ms/step - accuracy: 0.7829 - loss: 0.6533
Epoch 34/75
2021/2021 - 8s - 4ms/step - accuracy: 0.7696 - loss: 0.6847
Epoch 35/75
2021/2021 - 8s - 4ms/step - accuracy: 0.7832 - loss: 0.6437
Epoch 36/75
2021/2021 - 8s - 4ms/step - accuracy: 0.7781 - loss: 0.6483
Epoch 37/75
2021/2021 - 8s - 4ms/step - accuracy: 0.7765 - loss: 0.6760
Epoch 38/75
2021/2021 - 8s - 4ms/step - accuracy: 0.7841 - loss: 0.6507
Epoch 39/75
2021/2021 - 8s - 4ms/step - accuracy: 0.7846 - loss: 0.6573
Epoch 40/75
2021/2021 - 8s - 4ms/step - accuracy: 0.7828 - loss: 0.6293
Epoch 41/75
2021/2021 - 8s - 4ms/step - accuracy: 0.7812 - loss: 0.6536
Epoch 42/75
2021/2021 - 8s - 4ms/step - accuracy: 0.7898 - loss: 0.6407
Epoch 43/75
2021/2021 - 8s - 4ms/step - accuracy: 0.7915 - loss: 0.6305
Epoch 44/75
2021/2021 - 8s - 4ms/step - accuracy: 0.7799 - loss: 0.6444
Epoch 45/75
2021/2021 - 8s - 4ms/step - accuracy: 0.7851 - loss: 0.6426
Epoch 46/75
2021/2021 - 8s - 4ms/step - accuracy: 0.7869 - loss: 0.6280
Epoch 47/75
2021/2021 - 8s - 4ms/step - accuracy: 0.7815 - loss: 0.6459
Epoch 48/75
2021/2021 - 8s - 4ms/step - accuracy: 0.7820 - loss: 0.6457
Epoch 49/75
2021/2021 - 8s - 4ms/step - accuracy: 0.7901 - loss: 0.6336
Epoch 50/75
2021/2021 - 8s - 4ms/step - accuracy: 0.7916 - loss: 0.6174
Epoch 51/75
2021/2021 - 8s - 4ms/step - accuracy: 0.7886 - loss: 0.6410
Epoch 52/75
2021/2021 - 8s - 4ms/step - accuracy: 0.7880 - loss: 0.6476
Epoch 53/75
2021/2021 - 8s - 4ms/step - accuracy: 0.7815 - loss: 0.6446
Epoch 54/75
2021/2021 - 8s - 4ms/step - accuracy: 0.7796 - loss: 0.6547
Epoch 55/75
2021/2021 - 8s - 4ms/step - accuracy: 0.7853 - loss: 0.6374
Epoch 56/75
2021/2021 - 8s - 4ms/step - accuracy: 0.7823 - loss: 0.6591
Epoch 57/75
2021/2021 - 8s - 4ms/step - accuracy: 0.7877 - loss: 0.6409
Epoch 58/75
2021/2021 - 8s - 4ms/step - accuracy: 0.7869 - loss: 0.6400
Epoch 59/75
2021/2021 - 8s - 4ms/step - accuracy: 0.7894 - loss: 0.6307
Epoch 60/75
2021/2021 - 8s - 4ms/step - accuracy: 0.7966 - loss: 0.6387
Epoch 61/75
2021/2021 - 8s - 4ms/step - accuracy: 0.7872 - loss: 0.6425
Epoch 62/75
2021/2021 - 8s - 4ms/step - accuracy: 0.7931 - loss: 0.6205
Epoch 63/75
2021/2021 - 8s - 4ms/step - accuracy: 0.7853 - loss: 0.6425
Epoch 64/75
2021/2021 - 8s - 4ms/step - accuracy: 0.7915 - loss: 0.6350
Epoch 65/75
2021/2021 - 8s - 4ms/step - accuracy: 0.7942 - loss: 0.6224
Epoch 66/75
2021/2021 - 8s - 4ms/step - accuracy: 0.7890 - loss: 0.6379
Epoch 67/75
2021/2021 - 8s - 4ms/step - accuracy: 0.7994 - loss: 0.6244
Epoch 68/75
2021/2021 - 8s - 4ms/step - accuracy: 0.7855 - loss: 0.6438
Epoch 69/75
2021/2021 - 8s - 4ms/step - accuracy: 0.7963 - loss: 0.6421
Epoch 70/75
2021/2021 - 7s - 4ms/step - accuracy: 0.7906 - loss: 0.6367
Epoch 71/75
2021/2021 - 8s - 4ms/step - accuracy: 0.7885 - loss: 0.6290
Epoch 72/75
2021/2021 - 7s - 4ms/step - accuracy: 0.7919 - loss: 0.6121
Epoch 73/75
2021/2021 - 7s - 4ms/step - accuracy: 0.7891 - loss: 0.6217
Epoch 74/75
2021/2021 - 7s - 4ms/step - accuracy: 0.7894 - loss: 0.6402
Epoch 75/75
2021/2021 - 7s - 4ms/step - accuracy: 0.7884 - loss: 0.6581
[final] ran 75 epochs in 634s (8.46 s/ep), final loss 0.65815, acc 0.7884
saved models\dig-class11_9009_s2.keras
Static-shape rebuild verified (max delta 0.00e+00)
Saved artifact at 'C:\Users\josep\AppData\Local\Temp\tmpkli1toz0'. The following endpoints are available:

* Endpoint 'serve'
  args_0 (POSITIONAL_ONLY): TensorSpec(shape=(1, 32, 20, 3), dtype=tf.float32, name='keras_tensor_24')
Output Type:
  TensorSpec(shape=(1, 11), dtype=tf.float32, name=None)
Captures:
  1835915639120: TensorSpec(shape=(), dtype=tf.resource, name=None)
  1835915639888: TensorSpec(shape=(), dtype=tf.resource, name=None)
  1835915639696: TensorSpec(shape=(), dtype=tf.resource, name=None)
  1835915638544: TensorSpec(shape=(), dtype=tf.resource, name=None)
  1835915640272: TensorSpec(shape=(), dtype=tf.resource, name=None)
  1835915638736: TensorSpec(shape=(), dtype=tf.resource, name=None)
  1835915640464: TensorSpec(shape=(), dtype=tf.resource, name=None)
  1835917838864: TensorSpec(shape=(), dtype=tf.resource, name=None)
  1835917838672: TensorSpec(shape=(), dtype=tf.resource, name=None)
  1835917837136: TensorSpec(shape=(), dtype=tf.resource, name=None)
  1835917836368: TensorSpec(shape=(), dtype=tf.resource, name=None)
  1835917839056: TensorSpec(shape=(), dtype=tf.resource, name=None)
  1835917839440: TensorSpec(shape=(), dtype=tf.resource, name=None)
  1835917840592: TensorSpec(shape=(), dtype=tf.resource, name=None)
  representative dataset: 256 distinct images (256 user + 0 upstream)
Saved artifact at 'C:\Users\josep\AppData\Local\Temp\tmpovaif8z_'. The following endpoints are available:

* Endpoint 'serve'
  args_0 (POSITIONAL_ONLY): TensorSpec(shape=(1, 32, 20, 3), dtype=tf.float32, name='keras_tensor_24')
Output Type:
  TensorSpec(shape=(1, 11), dtype=tf.float32, name=None)
Captures:
  1835915639120: TensorSpec(shape=(), dtype=tf.resource, name=None)
  1835915639888: TensorSpec(shape=(), dtype=tf.resource, name=None)
  1835915639696: TensorSpec(shape=(), dtype=tf.resource, name=None)
  1835915638544: TensorSpec(shape=(), dtype=tf.resource, name=None)
  1835915640272: TensorSpec(shape=(), dtype=tf.resource, name=None)
  1835915638736: TensorSpec(shape=(), dtype=tf.resource, name=None)
  1835915640464: TensorSpec(shape=(), dtype=tf.resource, name=None)
  1835917838864: TensorSpec(shape=(), dtype=tf.resource, name=None)
  1835917838672: TensorSpec(shape=(), dtype=tf.resource, name=None)
  1835917837136: TensorSpec(shape=(), dtype=tf.resource, name=None)
  1835917836368: TensorSpec(shape=(), dtype=tf.resource, name=None)
  1835917839056: TensorSpec(shape=(), dtype=tf.resource, name=None)
  1835917839440: TensorSpec(shape=(), dtype=tf.resource, name=None)
  1835917840592: TensorSpec(shape=(), dtype=tf.resource, name=None)
C:\Users\josep\AppData\Local\Programs\Python\Python312\Lib\site-packages\tensorflow\lite\python\convert.py:846: UserWarning: Statistics for quantized inputs were expected, but not specified; continuing anyway.
  warnings.warn(
fully_quantize: 0, inference_type: 6, input_inference_type: FLOAT32, output_inference_type: FLOAT32
Saved artifact at 'C:\Users\josep\AppData\Local\Temp\tmpncteqy6_'. The following endpoints are available:

* Endpoint 'serve'
  args_0 (POSITIONAL_ONLY): TensorSpec(shape=(1, 32, 20, 3), dtype=tf.float32, name='keras_tensor_24')
Output Type:
  TensorSpec(shape=(1, 11), dtype=tf.float32, name=None)
Captures:
  1835915639120: TensorSpec(shape=(), dtype=tf.resource, name=None)
  1835915639888: TensorSpec(shape=(), dtype=tf.resource, name=None)
  1835915639696: TensorSpec(shape=(), dtype=tf.resource, name=None)
  1835915638544: TensorSpec(shape=(), dtype=tf.resource, name=None)
  1835915640272: TensorSpec(shape=(), dtype=tf.resource, name=None)
  1835915638736: TensorSpec(shape=(), dtype=tf.resource, name=None)
  1835915640464: TensorSpec(shape=(), dtype=tf.resource, name=None)
  1835917838864: TensorSpec(shape=(), dtype=tf.resource, name=None)
  1835917838672: TensorSpec(shape=(), dtype=tf.resource, name=None)
  1835917837136: TensorSpec(shape=(), dtype=tf.resource, name=None)
  1835917836368: TensorSpec(shape=(), dtype=tf.resource, name=None)
  1835917839056: TensorSpec(shape=(), dtype=tf.resource, name=None)
  1835917839440: TensorSpec(shape=(), dtype=tf.resource, name=None)
  1835917840592: TensorSpec(shape=(), dtype=tf.resource, name=None)
C:\Users\josep\AppData\Local\Programs\Python\Python312\Lib\site-packages\tensorflow\lite\python\convert.py:846: UserWarning: Statistics for quantized inputs were expected, but not specified; continuing anyway.
  warnings.warn(
fully_quantize: 0, inference_type: 6, input_inference_type: FLOAT32, output_inference_type: FLOAT32
exported models\dig-class11_9009_s2.tflite  (349 KB)
exported models\dig-class11_9009_s2_q.tflite  (95 KB)
exported models\dig-class11_9009_s2_qpt.tflite  (93 KB)
