WARNING: All log messages before absl::InitializeLog() is called are written to STDERR
I0000 00:00:1791503209.715223   42692 port.cc:153] oneDNN custom operations are on. You may see slightly different numerical results due to floating-point round-off errors from different computation orders. To turn them off, set the environment variable `TF_ENABLE_ONEDNN_OPTS=0`.
WARNING: All log messages before absl::InitializeLog() is called are written to STDERR
I0000 00:00:1791503214.998419   42692 port.cc:153] oneDNN custom operations are on. You may see slightly different numerical results due to floating-point round-off errors from different computation orders. To turn them off, set the environment variable `TF_ENABLE_ONEDNN_OPTS=0`.
WARNING:tensorflow:TensorFlow GPU support is not available on native Windows for TensorFlow >= 2.11. Even if CUDA/cuDNN are installed, GPU will not be used. Please use WSL2 or the TensorFlow-DirectML plugin.
==============================================================
RECIPE
  user dir     : work/_corpus_stb_20x32   upstream: 03_data_resize_all-use_for_training   user-weight x1
  aug profile  : night_aware
    gate       : mean luma <= 78 -> dark
    dark       : AugmentConfig(blur_p=0.3, blur_sigma=(0.3, 0.7), motion_p=0.08, motion_len=(2, 3), glare_p=0.0, glare_sigma_frac=(0.15, 0.9), glare_gain=(25.0, 140.0), veil_p=0.0, veil_k=(0.05, 0.42), veil_grid=(4, 3), veil_field_gain=(0.6, 1.0), veil_field_bias=(0.0, 0.4), veil_level=(150.0, 255.0), exposure=(0.85, 1.15), contrast=(0.85, 1.1), wb=(1.0, 1.0), noise_sigma=(0.5, 3.0), jpeg_p=0.3, jpeg_quality=(60, 95), scale_blur_to_size=True)
    bright     : AugmentConfig(blur_p=0.22, blur_sigma=(0.3, 0.9), motion_p=0.08, motion_len=(2, 4), glare_p=0.28, glare_sigma_frac=(0.15, 0.9), glare_gain=(25.0, 140.0), veil_p=0.35, veil_k=(0.05, 0.42), veil_grid=(4, 3), veil_field_gain=(0.6, 1.0), veil_field_bias=(0.0, 0.4), veil_level=(150.0, 255.0), exposure=(0.6, 1.4), contrast=(0.55, 1.22), wb=(0.88, 1.12), noise_sigma=(0.5, 6.0), jpeg_p=0.25, jpeg_quality=(45, 95), scale_blur_to_size=True)
  geom         : split_none  (per image, mean luma before geometry)
    dark <= 78: NO geometry
    bright   : {'width_shift_range': [-2, -1, 0, 1, 2], 'height_shift_range': [-2, -1, 0, 1, 2], 'zoom_range': [0.85, 1.15], 'rotation_range': 3}
  lr           : compiled lr, linear decay over the last 0.2 of the run's epochs to x0.05
  seed 123  batch 4  epochs 125
==============================================================
dig-class11 graph: 88023 params
upstream 03_data_resize_all-use_for_training: 1290 images
user     work/_corpus_stb_20x32: 6785 images (4636 frames)

=== FINAL: train on 100% of the pool, 8075 images (1290 upstream + 6785 user x1), 125 epochs, no validation, no early stopping ===
[final] lr 1 for epochs 1-100, then linear to 0.05 at epoch 125
Epoch 1/125
2019/2019 - 15s - 7ms/step - accuracy: 0.3075 - loss: 1.9026 - learning_rate: 1.0000
Epoch 2/125
2019/2019 - 11s - 5ms/step - accuracy: 0.6585 - loss: 0.9347 - learning_rate: 1.0000
Epoch 3/125
2019/2019 - 10s - 5ms/step - accuracy: 0.7757 - loss: 0.6852 - learning_rate: 1.0000
Epoch 4/125
2019/2019 - 11s - 5ms/step - accuracy: 0.8306 - loss: 0.5297 - learning_rate: 1.0000
Epoch 5/125
2019/2019 - 20s - 10ms/step - accuracy: 0.8523 - loss: 0.4583 - learning_rate: 1.0000
Epoch 6/125
2019/2019 - 10s - 5ms/step - accuracy: 0.8713 - loss: 0.4016 - learning_rate: 1.0000
Epoch 7/125
2019/2019 - 11s - 5ms/step - accuracy: 0.8774 - loss: 0.3965 - learning_rate: 1.0000
Epoch 8/125
2019/2019 - 11s - 5ms/step - accuracy: 0.8833 - loss: 0.3769 - learning_rate: 1.0000
Epoch 9/125
2019/2019 - 21s - 10ms/step - accuracy: 0.8895 - loss: 0.3551 - learning_rate: 1.0000
Epoch 10/125
2019/2019 - 12s - 6ms/step - accuracy: 0.8926 - loss: 0.3488 - learning_rate: 1.0000
Epoch 11/125
2019/2019 - 10s - 5ms/step - accuracy: 0.8945 - loss: 0.3350 - learning_rate: 1.0000
Epoch 12/125
2019/2019 - 10s - 5ms/step - accuracy: 0.9011 - loss: 0.3226 - learning_rate: 1.0000
Epoch 13/125
2019/2019 - 12s - 6ms/step - accuracy: 0.8996 - loss: 0.3290 - learning_rate: 1.0000
Epoch 14/125
2019/2019 - 20s - 10ms/step - accuracy: 0.9066 - loss: 0.3050 - learning_rate: 1.0000
Epoch 15/125
2019/2019 - 11s - 5ms/step - accuracy: 0.9070 - loss: 0.3029 - learning_rate: 1.0000
Epoch 16/125
2019/2019 - 11s - 5ms/step - accuracy: 0.9110 - loss: 0.2831 - learning_rate: 1.0000
Epoch 17/125
2019/2019 - 11s - 5ms/step - accuracy: 0.9188 - loss: 0.2677 - learning_rate: 1.0000
Epoch 18/125
2019/2019 - 11s - 5ms/step - accuracy: 0.9127 - loss: 0.2913 - learning_rate: 1.0000
Epoch 19/125
2019/2019 - 11s - 5ms/step - accuracy: 0.9095 - loss: 0.2916 - learning_rate: 1.0000
Epoch 20/125
2019/2019 - 10s - 5ms/step - accuracy: 0.9107 - loss: 0.2870 - learning_rate: 1.0000
Epoch 21/125
2019/2019 - 10s - 5ms/step - accuracy: 0.9190 - loss: 0.2683 - learning_rate: 1.0000
Epoch 22/125
2019/2019 - 10s - 5ms/step - accuracy: 0.9154 - loss: 0.2849 - learning_rate: 1.0000
Epoch 23/125
2019/2019 - 9s - 4ms/step - accuracy: 0.9144 - loss: 0.2865 - learning_rate: 1.0000
Epoch 24/125
2019/2019 - 9s - 4ms/step - accuracy: 0.9220 - loss: 0.2541 - learning_rate: 1.0000
Epoch 25/125
2019/2019 - 9s - 4ms/step - accuracy: 0.9167 - loss: 0.2642 - learning_rate: 1.0000
Epoch 26/125
2019/2019 - 9s - 4ms/step - accuracy: 0.9206 - loss: 0.2636 - learning_rate: 1.0000
Epoch 27/125
2019/2019 - 9s - 4ms/step - accuracy: 0.9219 - loss: 0.2567 - learning_rate: 1.0000
Epoch 28/125
2019/2019 - 9s - 4ms/step - accuracy: 0.9163 - loss: 0.2637 - learning_rate: 1.0000
Epoch 29/125
2019/2019 - 10s - 5ms/step - accuracy: 0.9212 - loss: 0.2460 - learning_rate: 1.0000
Epoch 30/125
2019/2019 - 9s - 5ms/step - accuracy: 0.9165 - loss: 0.2774 - learning_rate: 1.0000
Epoch 31/125
2019/2019 - 9s - 5ms/step - accuracy: 0.9210 - loss: 0.2518 - learning_rate: 1.0000
Epoch 32/125
2019/2019 - 9s - 4ms/step - accuracy: 0.9178 - loss: 0.2666 - learning_rate: 1.0000
Epoch 33/125
2019/2019 - 9s - 4ms/step - accuracy: 0.9167 - loss: 0.2687 - learning_rate: 1.0000
Epoch 34/125
2019/2019 - 8s - 4ms/step - accuracy: 0.9227 - loss: 0.2486 - learning_rate: 1.0000
Epoch 35/125
2019/2019 - 8s - 4ms/step - accuracy: 0.9257 - loss: 0.2495 - learning_rate: 1.0000
Epoch 36/125
2019/2019 - 8s - 4ms/step - accuracy: 0.9267 - loss: 0.2390 - learning_rate: 1.0000
Epoch 37/125
2019/2019 - 8s - 4ms/step - accuracy: 0.9233 - loss: 0.2416 - learning_rate: 1.0000
Epoch 38/125
2019/2019 - 8s - 4ms/step - accuracy: 0.9276 - loss: 0.2306 - learning_rate: 1.0000
Epoch 39/125
2019/2019 - 8s - 4ms/step - accuracy: 0.9297 - loss: 0.2307 - learning_rate: 1.0000
Epoch 40/125
2019/2019 - 8s - 4ms/step - accuracy: 0.9309 - loss: 0.2352 - learning_rate: 1.0000
Epoch 41/125
2019/2019 - 8s - 4ms/step - accuracy: 0.9269 - loss: 0.2343 - learning_rate: 1.0000
Epoch 42/125
2019/2019 - 8s - 4ms/step - accuracy: 0.9292 - loss: 0.2409 - learning_rate: 1.0000
Epoch 43/125
2019/2019 - 8s - 4ms/step - accuracy: 0.9277 - loss: 0.2243 - learning_rate: 1.0000
Epoch 44/125
2019/2019 - 8s - 4ms/step - accuracy: 0.9236 - loss: 0.2441 - learning_rate: 1.0000
Epoch 45/125
2019/2019 - 8s - 4ms/step - accuracy: 0.9285 - loss: 0.2346 - learning_rate: 1.0000
Epoch 46/125
2019/2019 - 8s - 4ms/step - accuracy: 0.9295 - loss: 0.2298 - learning_rate: 1.0000
Epoch 47/125
2019/2019 - 8s - 4ms/step - accuracy: 0.9300 - loss: 0.2210 - learning_rate: 1.0000
Epoch 48/125
2019/2019 - 8s - 4ms/step - accuracy: 0.9278 - loss: 0.2433 - learning_rate: 1.0000
Epoch 49/125
2019/2019 - 8s - 4ms/step - accuracy: 0.9303 - loss: 0.2224 - learning_rate: 1.0000
Epoch 50/125
2019/2019 - 8s - 4ms/step - accuracy: 0.9320 - loss: 0.2218 - learning_rate: 1.0000
Epoch 51/125
2019/2019 - 8s - 4ms/step - accuracy: 0.9326 - loss: 0.2243 - learning_rate: 1.0000
Epoch 52/125
2019/2019 - 8s - 4ms/step - accuracy: 0.9285 - loss: 0.2324 - learning_rate: 1.0000
Epoch 53/125
2019/2019 - 8s - 4ms/step - accuracy: 0.9313 - loss: 0.2257 - learning_rate: 1.0000
Epoch 54/125
2019/2019 - 8s - 4ms/step - accuracy: 0.9271 - loss: 0.2270 - learning_rate: 1.0000
Epoch 55/125
2019/2019 - 8s - 4ms/step - accuracy: 0.9295 - loss: 0.2288 - learning_rate: 1.0000
Epoch 56/125
2019/2019 - 8s - 4ms/step - accuracy: 0.9253 - loss: 0.2347 - learning_rate: 1.0000
Epoch 57/125
2019/2019 - 8s - 4ms/step - accuracy: 0.9254 - loss: 0.2369 - learning_rate: 1.0000
Epoch 58/125
2019/2019 - 8s - 4ms/step - accuracy: 0.9305 - loss: 0.2334 - learning_rate: 1.0000
Epoch 59/125
2019/2019 - 8s - 4ms/step - accuracy: 0.9313 - loss: 0.2240 - learning_rate: 1.0000
Epoch 60/125
2019/2019 - 8s - 4ms/step - accuracy: 0.9279 - loss: 0.2287 - learning_rate: 1.0000
Epoch 61/125
2019/2019 - 8s - 4ms/step - accuracy: 0.9285 - loss: 0.2246 - learning_rate: 1.0000
Epoch 62/125
2019/2019 - 8s - 4ms/step - accuracy: 0.9318 - loss: 0.2247 - learning_rate: 1.0000
Epoch 63/125
2019/2019 - 8s - 4ms/step - accuracy: 0.9304 - loss: 0.2235 - learning_rate: 1.0000
Epoch 64/125
2019/2019 - 8s - 4ms/step - accuracy: 0.9315 - loss: 0.2152 - learning_rate: 1.0000
Epoch 65/125
2019/2019 - 8s - 4ms/step - accuracy: 0.9323 - loss: 0.2273 - learning_rate: 1.0000
Epoch 66/125
2019/2019 - 8s - 4ms/step - accuracy: 0.9389 - loss: 0.2105 - learning_rate: 1.0000
Epoch 67/125
2019/2019 - 8s - 4ms/step - accuracy: 0.9367 - loss: 0.2101 - learning_rate: 1.0000
Epoch 68/125
2019/2019 - 8s - 4ms/step - accuracy: 0.9331 - loss: 0.2249 - learning_rate: 1.0000
Epoch 69/125
2019/2019 - 8s - 4ms/step - accuracy: 0.9320 - loss: 0.2231 - learning_rate: 1.0000
Epoch 70/125
2019/2019 - 8s - 4ms/step - accuracy: 0.9266 - loss: 0.2420 - learning_rate: 1.0000
Epoch 71/125
2019/2019 - 8s - 4ms/step - accuracy: 0.9344 - loss: 0.2213 - learning_rate: 1.0000
Epoch 72/125
2019/2019 - 8s - 4ms/step - accuracy: 0.9331 - loss: 0.2272 - learning_rate: 1.0000
Epoch 73/125
2019/2019 - 8s - 4ms/step - accuracy: 0.9324 - loss: 0.2255 - learning_rate: 1.0000
Epoch 74/125
2019/2019 - 8s - 4ms/step - accuracy: 0.9314 - loss: 0.2261 - learning_rate: 1.0000
Epoch 75/125
2019/2019 - 8s - 4ms/step - accuracy: 0.9337 - loss: 0.2237 - learning_rate: 1.0000
Epoch 76/125
2019/2019 - 8s - 4ms/step - accuracy: 0.9313 - loss: 0.2254 - learning_rate: 1.0000
Epoch 77/125
2019/2019 - 8s - 4ms/step - accuracy: 0.9360 - loss: 0.2134 - learning_rate: 1.0000
Epoch 78/125
2019/2019 - 8s - 4ms/step - accuracy: 0.9326 - loss: 0.2285 - learning_rate: 1.0000
Epoch 79/125
2019/2019 - 8s - 4ms/step - accuracy: 0.9355 - loss: 0.2180 - learning_rate: 1.0000
Epoch 80/125
2019/2019 - 8s - 4ms/step - accuracy: 0.9323 - loss: 0.2248 - learning_rate: 1.0000
Epoch 81/125
2019/2019 - 8s - 4ms/step - accuracy: 0.9361 - loss: 0.2153 - learning_rate: 1.0000
Epoch 82/125
2019/2019 - 8s - 4ms/step - accuracy: 0.9393 - loss: 0.2095 - learning_rate: 1.0000
Epoch 83/125
2019/2019 - 8s - 4ms/step - accuracy: 0.9315 - loss: 0.2223 - learning_rate: 1.0000
Epoch 84/125
2019/2019 - 8s - 4ms/step - accuracy: 0.9386 - loss: 0.2169 - learning_rate: 1.0000
Epoch 85/125
2019/2019 - 8s - 4ms/step - accuracy: 0.9370 - loss: 0.2151 - learning_rate: 1.0000
Epoch 86/125
2019/2019 - 8s - 4ms/step - accuracy: 0.9336 - loss: 0.2241 - learning_rate: 1.0000
Epoch 87/125
2019/2019 - 8s - 4ms/step - accuracy: 0.9344 - loss: 0.2138 - learning_rate: 1.0000
Epoch 88/125
2019/2019 - 8s - 4ms/step - accuracy: 0.9394 - loss: 0.2106 - learning_rate: 1.0000
Epoch 89/125
2019/2019 - 8s - 4ms/step - accuracy: 0.9367 - loss: 0.2196 - learning_rate: 1.0000
Epoch 90/125
2019/2019 - 8s - 4ms/step - accuracy: 0.9280 - loss: 0.2449 - learning_rate: 1.0000
Epoch 91/125
2019/2019 - 8s - 4ms/step - accuracy: 0.9344 - loss: 0.2159 - learning_rate: 1.0000
Epoch 92/125
2019/2019 - 8s - 4ms/step - accuracy: 0.9318 - loss: 0.2227 - learning_rate: 1.0000
Epoch 93/125
2019/2019 - 8s - 4ms/step - accuracy: 0.9360 - loss: 0.2130 - learning_rate: 1.0000
Epoch 94/125
2019/2019 - 8s - 4ms/step - accuracy: 0.9365 - loss: 0.2291 - learning_rate: 1.0000
Epoch 95/125
2019/2019 - 8s - 4ms/step - accuracy: 0.9367 - loss: 0.2250 - learning_rate: 1.0000
Epoch 96/125
2019/2019 - 8s - 4ms/step - accuracy: 0.9297 - loss: 0.2293 - learning_rate: 1.0000
Epoch 97/125
2019/2019 - 8s - 4ms/step - accuracy: 0.9323 - loss: 0.2409 - learning_rate: 1.0000
Epoch 98/125
2019/2019 - 8s - 4ms/step - accuracy: 0.9310 - loss: 0.2343 - learning_rate: 1.0000
Epoch 99/125
2019/2019 - 8s - 4ms/step - accuracy: 0.9381 - loss: 0.2251 - learning_rate: 1.0000
Epoch 100/125
2019/2019 - 8s - 4ms/step - accuracy: 0.9335 - loss: 0.2274 - learning_rate: 1.0000
Epoch 101/125
2019/2019 - 8s - 4ms/step - accuracy: 0.9359 - loss: 0.2202 - learning_rate: 0.9620
Epoch 102/125
2019/2019 - 8s - 4ms/step - accuracy: 0.9350 - loss: 0.2235 - learning_rate: 0.9240
Epoch 103/125
2019/2019 - 8s - 4ms/step - accuracy: 0.9345 - loss: 0.2212 - learning_rate: 0.8860
Epoch 104/125
2019/2019 - 8s - 4ms/step - accuracy: 0.9361 - loss: 0.2169 - learning_rate: 0.8480
Epoch 105/125
2019/2019 - 8s - 4ms/step - accuracy: 0.9366 - loss: 0.2173 - learning_rate: 0.8100
Epoch 106/125
2019/2019 - 8s - 4ms/step - accuracy: 0.9356 - loss: 0.2116 - learning_rate: 0.7720
Epoch 107/125
2019/2019 - 8s - 4ms/step - accuracy: 0.9346 - loss: 0.2141 - learning_rate: 0.7340
Epoch 108/125
2019/2019 - 8s - 4ms/step - accuracy: 0.9406 - loss: 0.2067 - learning_rate: 0.6960
Epoch 109/125
2019/2019 - 8s - 4ms/step - accuracy: 0.9434 - loss: 0.1832 - learning_rate: 0.6580
Epoch 110/125
2019/2019 - 8s - 4ms/step - accuracy: 0.9397 - loss: 0.1973 - learning_rate: 0.6200
Epoch 111/125
2019/2019 - 8s - 4ms/step - accuracy: 0.9399 - loss: 0.1915 - learning_rate: 0.5820
Epoch 112/125
2019/2019 - 8s - 4ms/step - accuracy: 0.9466 - loss: 0.1808 - learning_rate: 0.5440
Epoch 113/125
2019/2019 - 8s - 4ms/step - accuracy: 0.9419 - loss: 0.1920 - learning_rate: 0.5060
Epoch 114/125
2019/2019 - 8s - 4ms/step - accuracy: 0.9507 - loss: 0.1659 - learning_rate: 0.4680
Epoch 115/125
2019/2019 - 8s - 4ms/step - accuracy: 0.9498 - loss: 0.1722 - learning_rate: 0.4300
Epoch 116/125
2019/2019 - 8s - 4ms/step - accuracy: 0.9492 - loss: 0.1703 - learning_rate: 0.3920
Epoch 117/125
2019/2019 - 8s - 4ms/step - accuracy: 0.9534 - loss: 0.1556 - learning_rate: 0.3540
Epoch 118/125
2019/2019 - 8s - 4ms/step - accuracy: 0.9522 - loss: 0.1572 - learning_rate: 0.3160
Epoch 119/125
2019/2019 - 8s - 4ms/step - accuracy: 0.9486 - loss: 0.1612 - learning_rate: 0.2780
Epoch 120/125
2019/2019 - 8s - 4ms/step - accuracy: 0.9541 - loss: 0.1532 - learning_rate: 0.2400
Epoch 121/125
2019/2019 - 8s - 4ms/step - accuracy: 0.9554 - loss: 0.1471 - learning_rate: 0.2020
Epoch 122/125
2019/2019 - 8s - 4ms/step - accuracy: 0.9564 - loss: 0.1499 - learning_rate: 0.1640
Epoch 123/125
2019/2019 - 9s - 5ms/step - accuracy: 0.9529 - loss: 0.1498 - learning_rate: 0.1260
Epoch 124/125
2019/2019 - 6s - 3ms/step - accuracy: 0.9557 - loss: 0.1430 - learning_rate: 0.0880
Epoch 125/125
2019/2019 - 6s - 3ms/step - accuracy: 0.9589 - loss: 0.1304 - learning_rate: 0.0500
[final] ran 125 epochs in 1114s (8.92 s/ep), final loss 0.13039, acc 0.9589
saved models\dig-class11_r1cs123_s2.keras
Static-shape rebuild verified (max delta 0.00e+00)
Saved artifact at 'C:\Users\josep\AppData\Local\Temp\tmpjkkzsv08'. The following endpoints are available:

* Endpoint 'serve'
  args_0 (POSITIONAL_ONLY): TensorSpec(shape=(1, 32, 20, 3), dtype=tf.float32, name='keras_tensor_24')
Output Type:
  TensorSpec(shape=(1, 11), dtype=tf.float32, name=None)
Captures:
  2110974606800: TensorSpec(shape=(), dtype=tf.resource, name=None)
  2110974605264: TensorSpec(shape=(), dtype=tf.resource, name=None)
  2110974607184: TensorSpec(shape=(), dtype=tf.resource, name=None)
  2110974606608: TensorSpec(shape=(), dtype=tf.resource, name=None)
  2110974605648: TensorSpec(shape=(), dtype=tf.resource, name=None)
  2110974606032: TensorSpec(shape=(), dtype=tf.resource, name=None)
  2110974606992: TensorSpec(shape=(), dtype=tf.resource, name=None)
  2110974606224: TensorSpec(shape=(), dtype=tf.resource, name=None)
  2110974605840: TensorSpec(shape=(), dtype=tf.resource, name=None)
  2110975885392: TensorSpec(shape=(), dtype=tf.resource, name=None)
  2110975885968: TensorSpec(shape=(), dtype=tf.resource, name=None)
  2110975888080: TensorSpec(shape=(), dtype=tf.resource, name=None)
  2110975886928: TensorSpec(shape=(), dtype=tf.resource, name=None)
  2110975886160: TensorSpec(shape=(), dtype=tf.resource, name=None)
  representative dataset: 256 distinct images (256 user + 0 upstream)
Saved artifact at 'C:\Users\josep\AppData\Local\Temp\tmp8qbcvk_9'. The following endpoints are available:

* Endpoint 'serve'
  args_0 (POSITIONAL_ONLY): TensorSpec(shape=(1, 32, 20, 3), dtype=tf.float32, name='keras_tensor_24')
Output Type:
  TensorSpec(shape=(1, 11), dtype=tf.float32, name=None)
Captures:
  2110974606800: TensorSpec(shape=(), dtype=tf.resource, name=None)
  2110974605264: TensorSpec(shape=(), dtype=tf.resource, name=None)
  2110974607184: TensorSpec(shape=(), dtype=tf.resource, name=None)
  2110974606608: TensorSpec(shape=(), dtype=tf.resource, name=None)
  2110974605648: TensorSpec(shape=(), dtype=tf.resource, name=None)
  2110974606032: TensorSpec(shape=(), dtype=tf.resource, name=None)
  2110974606992: TensorSpec(shape=(), dtype=tf.resource, name=None)
  2110974606224: TensorSpec(shape=(), dtype=tf.resource, name=None)
  2110974605840: TensorSpec(shape=(), dtype=tf.resource, name=None)
  2110975885392: TensorSpec(shape=(), dtype=tf.resource, name=None)
  2110975885968: TensorSpec(shape=(), dtype=tf.resource, name=None)
  2110975888080: TensorSpec(shape=(), dtype=tf.resource, name=None)
  2110975886928: TensorSpec(shape=(), dtype=tf.resource, name=None)
  2110975886160: TensorSpec(shape=(), dtype=tf.resource, name=None)
C:\Users\josep\AppData\Local\Programs\Python\Python312\Lib\site-packages\tensorflow\lite\python\convert.py:846: UserWarning: Statistics for quantized inputs were expected, but not specified; continuing anyway.
  warnings.warn(
fully_quantize: 0, inference_type: 6, input_inference_type: FLOAT32, output_inference_type: FLOAT32
Saved artifact at 'C:\Users\josep\AppData\Local\Temp\tmphpr_ical'. The following endpoints are available:

* Endpoint 'serve'
  args_0 (POSITIONAL_ONLY): TensorSpec(shape=(1, 32, 20, 3), dtype=tf.float32, name='keras_tensor_24')
Output Type:
  TensorSpec(shape=(1, 11), dtype=tf.float32, name=None)
Captures:
  2110974606800: TensorSpec(shape=(), dtype=tf.resource, name=None)
  2110974605264: TensorSpec(shape=(), dtype=tf.resource, name=None)
  2110974607184: TensorSpec(shape=(), dtype=tf.resource, name=None)
  2110974606608: TensorSpec(shape=(), dtype=tf.resource, name=None)
  2110974605648: TensorSpec(shape=(), dtype=tf.resource, name=None)
  2110974606032: TensorSpec(shape=(), dtype=tf.resource, name=None)
  2110974606992: TensorSpec(shape=(), dtype=tf.resource, name=None)
  2110974606224: TensorSpec(shape=(), dtype=tf.resource, name=None)
  2110974605840: TensorSpec(shape=(), dtype=tf.resource, name=None)
  2110975885392: TensorSpec(shape=(), dtype=tf.resource, name=None)
  2110975885968: TensorSpec(shape=(), dtype=tf.resource, name=None)
  2110975888080: TensorSpec(shape=(), dtype=tf.resource, name=None)
  2110975886928: TensorSpec(shape=(), dtype=tf.resource, name=None)
  2110975886160: TensorSpec(shape=(), dtype=tf.resource, name=None)
C:\Users\josep\AppData\Local\Programs\Python\Python312\Lib\site-packages\tensorflow\lite\python\convert.py:846: UserWarning: Statistics for quantized inputs were expected, but not specified; continuing anyway.
  warnings.warn(
fully_quantize: 0, inference_type: 6, input_inference_type: FLOAT32, output_inference_type: FLOAT32
exported models\dig-class11_r1cs123_s2.tflite  (349 KB)
exported models\dig-class11_r1cs123_s2_q.tflite  (95 KB)
exported models\dig-class11_r1cs123_s2_qpt.tflite  (93 KB)
