WARNING: All log messages before absl::InitializeLog() is called are written to STDERR
I0000 00:00:1791494349.634426   23876 port.cc:153] oneDNN custom operations are on. You may see slightly different numerical results due to floating-point round-off errors from different computation orders. To turn them off, set the environment variable `TF_ENABLE_ONEDNN_OPTS=0`.
WARNING: All log messages before absl::InitializeLog() is called are written to STDERR
I0000 00:00:1791494357.001977   23876 port.cc:153] oneDNN custom operations are on. You may see slightly different numerical results due to floating-point round-off errors from different computation orders. To turn them off, set the environment variable `TF_ENABLE_ONEDNN_OPTS=0`.
WARNING:tensorflow:TensorFlow GPU support is not available on native Windows for TensorFlow >= 2.11. Even if CUDA/cuDNN are installed, GPU will not be used. Please use WSL2 or the TensorFlow-DirectML plugin.
dig-class11 graph: 88023 params
upstream 03_data_resize_all-use_for_training: 1290 images
user     work/_lc25: 1709 images (1546 frames)

=== FINAL: train on 100% of the pool, 2999 images (1290 upstream + 1709 user x1), 337 epochs, no validation, no early stopping ===
Epoch 1/337
750/750 - 5s - 6ms/step - accuracy: 0.1501 - loss: 2.3731
Epoch 2/337
750/750 - 4s - 5ms/step - accuracy: 0.2101 - loss: 2.2527
Epoch 3/337
750/750 - 4s - 5ms/step - accuracy: 0.3888 - loss: 1.8295
Epoch 4/337
750/750 - 4s - 5ms/step - accuracy: 0.4958 - loss: 1.5510
Epoch 5/337
750/750 - 4s - 5ms/step - accuracy: 0.5348 - loss: 1.3737
Epoch 6/337
750/750 - 4s - 5ms/step - accuracy: 0.5769 - loss: 1.2618
Epoch 7/337
750/750 - 4s - 5ms/step - accuracy: 0.5965 - loss: 1.1781
Epoch 8/337
750/750 - 4s - 6ms/step - accuracy: 0.6285 - loss: 1.1126
Epoch 9/337
750/750 - 4s - 6ms/step - accuracy: 0.6292 - loss: 1.1029
Epoch 10/337
750/750 - 4s - 6ms/step - accuracy: 0.6616 - loss: 1.0023
Epoch 11/337
750/750 - 4s - 6ms/step - accuracy: 0.6739 - loss: 0.9715
Epoch 12/337
750/750 - 4s - 6ms/step - accuracy: 0.6826 - loss: 0.9614
Epoch 13/337
750/750 - 4s - 5ms/step - accuracy: 0.6862 - loss: 0.9209
Epoch 14/337
750/750 - 4s - 6ms/step - accuracy: 0.7136 - loss: 0.8604
Epoch 15/337
750/750 - 4s - 5ms/step - accuracy: 0.6972 - loss: 0.8775
Epoch 16/337
750/750 - 4s - 5ms/step - accuracy: 0.7059 - loss: 0.8572
Epoch 17/337
750/750 - 3s - 5ms/step - accuracy: 0.7229 - loss: 0.8420
Epoch 18/337
750/750 - 4s - 5ms/step - accuracy: 0.7119 - loss: 0.8445
Epoch 19/337
750/750 - 4s - 5ms/step - accuracy: 0.7262 - loss: 0.8234
Epoch 20/337
750/750 - 4s - 5ms/step - accuracy: 0.7199 - loss: 0.8385
Epoch 21/337
750/750 - 4s - 5ms/step - accuracy: 0.7332 - loss: 0.7856
Epoch 22/337
750/750 - 4s - 5ms/step - accuracy: 0.7159 - loss: 0.8424
Epoch 23/337
750/750 - 3s - 5ms/step - accuracy: 0.7492 - loss: 0.7494
Epoch 24/337
750/750 - 4s - 5ms/step - accuracy: 0.7376 - loss: 0.7876
Epoch 25/337
750/750 - 4s - 5ms/step - accuracy: 0.7452 - loss: 0.7446
Epoch 26/337
750/750 - 4s - 5ms/step - accuracy: 0.7516 - loss: 0.7632
Epoch 27/337
750/750 - 4s - 5ms/step - accuracy: 0.7432 - loss: 0.7488
Epoch 28/337
750/750 - 4s - 5ms/step - accuracy: 0.7553 - loss: 0.7252
Epoch 29/337
750/750 - 4s - 5ms/step - accuracy: 0.7496 - loss: 0.7549
Epoch 30/337
750/750 - 4s - 5ms/step - accuracy: 0.7523 - loss: 0.7476
Epoch 31/337
750/750 - 4s - 5ms/step - accuracy: 0.7653 - loss: 0.7004
Epoch 32/337
750/750 - 4s - 5ms/step - accuracy: 0.7573 - loss: 0.7132
Epoch 33/337
750/750 - 4s - 5ms/step - accuracy: 0.7613 - loss: 0.7173
Epoch 34/337
750/750 - 4s - 5ms/step - accuracy: 0.7649 - loss: 0.7111
Epoch 35/337
750/750 - 4s - 5ms/step - accuracy: 0.7743 - loss: 0.6943
Epoch 36/337
750/750 - 4s - 5ms/step - accuracy: 0.7679 - loss: 0.6900
Epoch 37/337
750/750 - 4s - 5ms/step - accuracy: 0.7603 - loss: 0.7080
Epoch 38/337
750/750 - 4s - 5ms/step - accuracy: 0.7603 - loss: 0.6597
Epoch 39/337
750/750 - 4s - 5ms/step - accuracy: 0.7823 - loss: 0.6524
Epoch 40/337
750/750 - 4s - 5ms/step - accuracy: 0.7619 - loss: 0.7092
Epoch 41/337
750/750 - 4s - 5ms/step - accuracy: 0.7663 - loss: 0.6964
Epoch 42/337
750/750 - 4s - 5ms/step - accuracy: 0.7719 - loss: 0.6736
Epoch 43/337
750/750 - 4s - 5ms/step - accuracy: 0.7719 - loss: 0.6829
Epoch 44/337
750/750 - 4s - 5ms/step - accuracy: 0.7933 - loss: 0.6383
Epoch 45/337
750/750 - 4s - 5ms/step - accuracy: 0.7659 - loss: 0.6922
Epoch 46/337
750/750 - 4s - 5ms/step - accuracy: 0.7863 - loss: 0.6426
Epoch 47/337
750/750 - 4s - 5ms/step - accuracy: 0.7813 - loss: 0.6538
Epoch 48/337
750/750 - 4s - 5ms/step - accuracy: 0.7859 - loss: 0.6487
Epoch 49/337
750/750 - 4s - 5ms/step - accuracy: 0.7773 - loss: 0.6493
Epoch 50/337
750/750 - 4s - 5ms/step - accuracy: 0.7809 - loss: 0.6400
Epoch 51/337
750/750 - 4s - 5ms/step - accuracy: 0.7756 - loss: 0.6482
Epoch 52/337
750/750 - 4s - 5ms/step - accuracy: 0.7806 - loss: 0.6382
Epoch 53/337
750/750 - 4s - 5ms/step - accuracy: 0.7919 - loss: 0.6326
Epoch 54/337
750/750 - 4s - 5ms/step - accuracy: 0.7829 - loss: 0.6250
Epoch 55/337
750/750 - 4s - 5ms/step - accuracy: 0.7946 - loss: 0.6201
Epoch 56/337
750/750 - 4s - 5ms/step - accuracy: 0.7866 - loss: 0.6177
Epoch 57/337
750/750 - 4s - 5ms/step - accuracy: 0.7963 - loss: 0.6129
Epoch 58/337
750/750 - 4s - 5ms/step - accuracy: 0.7873 - loss: 0.6493
Epoch 59/337
750/750 - 4s - 5ms/step - accuracy: 0.7893 - loss: 0.6452
Epoch 60/337
750/750 - 4s - 5ms/step - accuracy: 0.7973 - loss: 0.6082
Epoch 61/337
750/750 - 5s - 7ms/step - accuracy: 0.7886 - loss: 0.6221
Epoch 62/337
750/750 - 4s - 5ms/step - accuracy: 0.7923 - loss: 0.6441
Epoch 63/337
750/750 - 4s - 5ms/step - accuracy: 0.7916 - loss: 0.6319
Epoch 64/337
750/750 - 4s - 5ms/step - accuracy: 0.7979 - loss: 0.6047
Epoch 65/337
750/750 - 4s - 5ms/step - accuracy: 0.8003 - loss: 0.6198
Epoch 66/337
750/750 - 4s - 5ms/step - accuracy: 0.7996 - loss: 0.6006
Epoch 67/337
750/750 - 4s - 5ms/step - accuracy: 0.8053 - loss: 0.6199
Epoch 68/337
750/750 - 4s - 5ms/step - accuracy: 0.7989 - loss: 0.6171
Epoch 69/337
750/750 - 4s - 5ms/step - accuracy: 0.7976 - loss: 0.6149
Epoch 70/337
750/750 - 4s - 5ms/step - accuracy: 0.7973 - loss: 0.6007
Epoch 71/337
750/750 - 4s - 5ms/step - accuracy: 0.8069 - loss: 0.6024
Epoch 72/337
750/750 - 4s - 5ms/step - accuracy: 0.7923 - loss: 0.6210
Epoch 73/337
750/750 - 4s - 5ms/step - accuracy: 0.8013 - loss: 0.6073
Epoch 74/337
750/750 - 4s - 5ms/step - accuracy: 0.7956 - loss: 0.6083
Epoch 75/337
750/750 - 4s - 5ms/step - accuracy: 0.8036 - loss: 0.6003
Epoch 76/337
750/750 - 4s - 5ms/step - accuracy: 0.7939 - loss: 0.6000
Epoch 77/337
750/750 - 4s - 5ms/step - accuracy: 0.8053 - loss: 0.5975
Epoch 78/337
750/750 - 4s - 5ms/step - accuracy: 0.8043 - loss: 0.5665
Epoch 79/337
750/750 - 4s - 5ms/step - accuracy: 0.8069 - loss: 0.5723
Epoch 80/337
750/750 - 4s - 5ms/step - accuracy: 0.7986 - loss: 0.5907
Epoch 81/337
750/750 - 4s - 5ms/step - accuracy: 0.8016 - loss: 0.6140
Epoch 82/337
750/750 - 4s - 5ms/step - accuracy: 0.8063 - loss: 0.6060
Epoch 83/337
750/750 - 4s - 5ms/step - accuracy: 0.8033 - loss: 0.5960
Epoch 84/337
750/750 - 4s - 5ms/step - accuracy: 0.7976 - loss: 0.5975
Epoch 85/337
750/750 - 3s - 5ms/step - accuracy: 0.7993 - loss: 0.5946
Epoch 86/337
750/750 - 4s - 5ms/step - accuracy: 0.8006 - loss: 0.6021
Epoch 87/337
750/750 - 4s - 5ms/step - accuracy: 0.8119 - loss: 0.5484
Epoch 88/337
750/750 - 4s - 5ms/step - accuracy: 0.7919 - loss: 0.6107
Epoch 89/337
750/750 - 4s - 5ms/step - accuracy: 0.8073 - loss: 0.5969
Epoch 90/337
750/750 - 4s - 5ms/step - accuracy: 0.8183 - loss: 0.5544
Epoch 91/337
750/750 - 4s - 5ms/step - accuracy: 0.8119 - loss: 0.5963
Epoch 92/337
750/750 - 4s - 5ms/step - accuracy: 0.8036 - loss: 0.6073
Epoch 93/337
750/750 - 4s - 5ms/step - accuracy: 0.8106 - loss: 0.5801
Epoch 94/337
750/750 - 4s - 5ms/step - accuracy: 0.7993 - loss: 0.5875
Epoch 95/337
750/750 - 4s - 5ms/step - accuracy: 0.8039 - loss: 0.6031
Epoch 96/337
750/750 - 4s - 5ms/step - accuracy: 0.8133 - loss: 0.5498
Epoch 97/337
750/750 - 4s - 5ms/step - accuracy: 0.8063 - loss: 0.6255
Epoch 98/337
750/750 - 4s - 5ms/step - accuracy: 0.7896 - loss: 0.6212
Epoch 99/337
750/750 - 4s - 5ms/step - accuracy: 0.8066 - loss: 0.5821
Epoch 100/337
750/750 - 4s - 5ms/step - accuracy: 0.8026 - loss: 0.6059
Epoch 101/337
750/750 - 4s - 5ms/step - accuracy: 0.8026 - loss: 0.6139
Epoch 102/337
750/750 - 4s - 5ms/step - accuracy: 0.8053 - loss: 0.6038
Epoch 103/337
750/750 - 4s - 5ms/step - accuracy: 0.8006 - loss: 0.5950
Epoch 104/337
750/750 - 4s - 5ms/step - accuracy: 0.8119 - loss: 0.5881
Epoch 105/337
750/750 - 4s - 5ms/step - accuracy: 0.8036 - loss: 0.5708
Epoch 106/337
750/750 - 4s - 5ms/step - accuracy: 0.7946 - loss: 0.5960
Epoch 107/337
750/750 - 4s - 5ms/step - accuracy: 0.8136 - loss: 0.5592
Epoch 108/337
750/750 - 4s - 5ms/step - accuracy: 0.8219 - loss: 0.5463
Epoch 109/337
750/750 - 4s - 5ms/step - accuracy: 0.8113 - loss: 0.5818
Epoch 110/337
750/750 - 4s - 5ms/step - accuracy: 0.8139 - loss: 0.5790
Epoch 111/337
750/750 - 4s - 5ms/step - accuracy: 0.8089 - loss: 0.5958
Epoch 112/337
750/750 - 4s - 5ms/step - accuracy: 0.8196 - loss: 0.5384
Epoch 113/337
750/750 - 4s - 5ms/step - accuracy: 0.8046 - loss: 0.5720
Epoch 114/337
750/750 - 4s - 5ms/step - accuracy: 0.8116 - loss: 0.5783
Epoch 115/337
750/750 - 4s - 5ms/step - accuracy: 0.8069 - loss: 0.5861
Epoch 116/337
750/750 - 4s - 5ms/step - accuracy: 0.8086 - loss: 0.6014
Epoch 117/337
750/750 - 4s - 5ms/step - accuracy: 0.8139 - loss: 0.5773
Epoch 118/337
750/750 - 4s - 5ms/step - accuracy: 0.8183 - loss: 0.5830
Epoch 119/337
750/750 - 4s - 5ms/step - accuracy: 0.8156 - loss: 0.5360
Epoch 120/337
750/750 - 4s - 5ms/step - accuracy: 0.8133 - loss: 0.5590
Epoch 121/337
750/750 - 4s - 5ms/step - accuracy: 0.8173 - loss: 0.5672
Epoch 122/337
750/750 - 4s - 5ms/step - accuracy: 0.8133 - loss: 0.5702
Epoch 123/337
750/750 - 4s - 5ms/step - accuracy: 0.8206 - loss: 0.5534
Epoch 124/337
750/750 - 4s - 5ms/step - accuracy: 0.8089 - loss: 0.5839
Epoch 125/337
750/750 - 3s - 5ms/step - accuracy: 0.8199 - loss: 0.5685
Epoch 126/337
750/750 - 4s - 5ms/step - accuracy: 0.8189 - loss: 0.5537
Epoch 127/337
750/750 - 4s - 5ms/step - accuracy: 0.8046 - loss: 0.5610
Epoch 128/337
750/750 - 4s - 5ms/step - accuracy: 0.8123 - loss: 0.5664
Epoch 129/337
750/750 - 4s - 5ms/step - accuracy: 0.8323 - loss: 0.5323
Epoch 130/337
750/750 - 4s - 5ms/step - accuracy: 0.8116 - loss: 0.5908
Epoch 131/337
750/750 - 4s - 5ms/step - accuracy: 0.8176 - loss: 0.5716
Epoch 132/337
750/750 - 4s - 5ms/step - accuracy: 0.8136 - loss: 0.5833
Epoch 133/337
750/750 - 4s - 5ms/step - accuracy: 0.8166 - loss: 0.5726
Epoch 134/337
750/750 - 4s - 5ms/step - accuracy: 0.8099 - loss: 0.5633
Epoch 135/337
750/750 - 4s - 5ms/step - accuracy: 0.8203 - loss: 0.5666
Epoch 136/337
750/750 - 4s - 5ms/step - accuracy: 0.8159 - loss: 0.5722
Epoch 137/337
750/750 - 4s - 5ms/step - accuracy: 0.8233 - loss: 0.5511
Epoch 138/337
750/750 - 4s - 5ms/step - accuracy: 0.8216 - loss: 0.5764
Epoch 139/337
750/750 - 4s - 5ms/step - accuracy: 0.8169 - loss: 0.5565
Epoch 140/337
750/750 - 4s - 5ms/step - accuracy: 0.8176 - loss: 0.5606
Epoch 141/337
750/750 - 4s - 5ms/step - accuracy: 0.8169 - loss: 0.5674
Epoch 142/337
750/750 - 4s - 5ms/step - accuracy: 0.8199 - loss: 0.5654
Epoch 143/337
750/750 - 4s - 5ms/step - accuracy: 0.8086 - loss: 0.5638
Epoch 144/337
750/750 - 4s - 5ms/step - accuracy: 0.8083 - loss: 0.5729
Epoch 145/337
750/750 - 4s - 5ms/step - accuracy: 0.8196 - loss: 0.5361
Epoch 146/337
750/750 - 4s - 5ms/step - accuracy: 0.8169 - loss: 0.5829
Epoch 147/337
750/750 - 4s - 5ms/step - accuracy: 0.8153 - loss: 0.5888
Epoch 148/337
750/750 - 4s - 5ms/step - accuracy: 0.8286 - loss: 0.5466
Epoch 149/337
750/750 - 4s - 5ms/step - accuracy: 0.8186 - loss: 0.5736
Epoch 150/337
750/750 - 4s - 5ms/step - accuracy: 0.8106 - loss: 0.5451
Epoch 151/337
750/750 - 4s - 5ms/step - accuracy: 0.8309 - loss: 0.5259
Epoch 152/337
750/750 - 4s - 5ms/step - accuracy: 0.8239 - loss: 0.5440
Epoch 153/337
750/750 - 4s - 5ms/step - accuracy: 0.8183 - loss: 0.5805
Epoch 154/337
750/750 - 4s - 5ms/step - accuracy: 0.8293 - loss: 0.5422
Epoch 155/337
750/750 - 4s - 5ms/step - accuracy: 0.8063 - loss: 0.6012
Epoch 156/337
750/750 - 4s - 5ms/step - accuracy: 0.8109 - loss: 0.5758
Epoch 157/337
750/750 - 4s - 5ms/step - accuracy: 0.8113 - loss: 0.5610
Epoch 158/337
750/750 - 4s - 5ms/step - accuracy: 0.8073 - loss: 0.5725
Epoch 159/337
750/750 - 4s - 5ms/step - accuracy: 0.8056 - loss: 0.5872
Epoch 160/337
750/750 - 4s - 5ms/step - accuracy: 0.8133 - loss: 0.5752
Epoch 161/337
750/750 - 4s - 5ms/step - accuracy: 0.8253 - loss: 0.5552
Epoch 162/337
750/750 - 4s - 5ms/step - accuracy: 0.8209 - loss: 0.5442
Epoch 163/337
750/750 - 4s - 5ms/step - accuracy: 0.8119 - loss: 0.5836
Epoch 164/337
750/750 - 4s - 5ms/step - accuracy: 0.8213 - loss: 0.5377
Epoch 165/337
750/750 - 4s - 5ms/step - accuracy: 0.8129 - loss: 0.5786
Epoch 166/337
750/750 - 4s - 5ms/step - accuracy: 0.8203 - loss: 0.5458
Epoch 167/337
750/750 - 4s - 5ms/step - accuracy: 0.8206 - loss: 0.5498
Epoch 168/337
750/750 - 4s - 5ms/step - accuracy: 0.8163 - loss: 0.5685
Epoch 169/337
750/750 - 5s - 7ms/step - accuracy: 0.8076 - loss: 0.5946
Epoch 170/337
750/750 - 4s - 6ms/step - accuracy: 0.8219 - loss: 0.5551
Epoch 171/337
750/750 - 4s - 6ms/step - accuracy: 0.8209 - loss: 0.5555
Epoch 172/337
750/750 - 4s - 6ms/step - accuracy: 0.8269 - loss: 0.5583
Epoch 173/337
750/750 - 4s - 6ms/step - accuracy: 0.8386 - loss: 0.5143
Epoch 174/337
750/750 - 4s - 5ms/step - accuracy: 0.8199 - loss: 0.5652
Epoch 175/337
750/750 - 4s - 5ms/step - accuracy: 0.8123 - loss: 0.5670
Epoch 176/337
750/750 - 4s - 5ms/step - accuracy: 0.8176 - loss: 0.5671
Epoch 177/337
750/750 - 4s - 5ms/step - accuracy: 0.8146 - loss: 0.5795
Epoch 178/337
750/750 - 4s - 5ms/step - accuracy: 0.8043 - loss: 0.6019
Epoch 179/337
750/750 - 4s - 6ms/step - accuracy: 0.8016 - loss: 0.5956
Epoch 180/337
750/750 - 4s - 5ms/step - accuracy: 0.8106 - loss: 0.5859
Epoch 181/337
750/750 - 4s - 5ms/step - accuracy: 0.8319 - loss: 0.5325
Epoch 182/337
750/750 - 4s - 5ms/step - accuracy: 0.8186 - loss: 0.5571
Epoch 183/337
750/750 - 4s - 5ms/step - accuracy: 0.8169 - loss: 0.5552
Epoch 184/337
750/750 - 4s - 5ms/step - accuracy: 0.8159 - loss: 0.5455
Epoch 185/337
750/750 - 4s - 5ms/step - accuracy: 0.8303 - loss: 0.5445
Epoch 186/337
750/750 - 4s - 5ms/step - accuracy: 0.8029 - loss: 0.5855
Epoch 187/337
750/750 - 4s - 5ms/step - accuracy: 0.8146 - loss: 0.5767
Epoch 188/337
750/750 - 4s - 5ms/step - accuracy: 0.8233 - loss: 0.5515
Epoch 189/337
750/750 - 4s - 5ms/step - accuracy: 0.8149 - loss: 0.5787
Epoch 190/337
750/750 - 4s - 5ms/step - accuracy: 0.8143 - loss: 0.5704
Epoch 191/337
750/750 - 4s - 5ms/step - accuracy: 0.8153 - loss: 0.5603
Epoch 192/337
750/750 - 4s - 5ms/step - accuracy: 0.8233 - loss: 0.5528
Epoch 193/337
750/750 - 4s - 6ms/step - accuracy: 0.8129 - loss: 0.5760
Epoch 194/337
750/750 - 4s - 6ms/step - accuracy: 0.8166 - loss: 0.5588
Epoch 195/337
750/750 - 4s - 6ms/step - accuracy: 0.8213 - loss: 0.5404
Epoch 196/337
750/750 - 4s - 5ms/step - accuracy: 0.8086 - loss: 0.5839
Epoch 197/337
750/750 - 4s - 5ms/step - accuracy: 0.8349 - loss: 0.5255
Epoch 198/337
750/750 - 4s - 5ms/step - accuracy: 0.8166 - loss: 0.5700
Epoch 199/337
750/750 - 4s - 5ms/step - accuracy: 0.8119 - loss: 0.6019
Epoch 200/337
750/750 - 4s - 5ms/step - accuracy: 0.8159 - loss: 0.5579
Epoch 201/337
750/750 - 4s - 5ms/step - accuracy: 0.8136 - loss: 0.5818
Epoch 202/337
750/750 - 4s - 5ms/step - accuracy: 0.8139 - loss: 0.5893
Epoch 203/337
750/750 - 4s - 5ms/step - accuracy: 0.8069 - loss: 0.5892
Epoch 204/337
750/750 - 4s - 5ms/step - accuracy: 0.8013 - loss: 0.6011
Epoch 205/337
750/750 - 4s - 5ms/step - accuracy: 0.8139 - loss: 0.5517
Epoch 206/337
750/750 - 4s - 5ms/step - accuracy: 0.8249 - loss: 0.5257
Epoch 207/337
750/750 - 4s - 5ms/step - accuracy: 0.8256 - loss: 0.5600
Epoch 208/337
750/750 - 4s - 5ms/step - accuracy: 0.8096 - loss: 0.5720
Epoch 209/337
750/750 - 4s - 5ms/step - accuracy: 0.8269 - loss: 0.5371
Epoch 210/337
750/750 - 4s - 6ms/step - accuracy: 0.8139 - loss: 0.5781
Epoch 211/337
750/750 - 4s - 6ms/step - accuracy: 0.8306 - loss: 0.5222
Epoch 212/337
750/750 - 4s - 6ms/step - accuracy: 0.8236 - loss: 0.5729
Epoch 213/337
750/750 - 4s - 6ms/step - accuracy: 0.8239 - loss: 0.5519
Epoch 214/337
750/750 - 4s - 6ms/step - accuracy: 0.8139 - loss: 0.5918
Epoch 215/337
750/750 - 4s - 6ms/step - accuracy: 0.8266 - loss: 0.5504
Epoch 216/337
750/750 - 4s - 6ms/step - accuracy: 0.8123 - loss: 0.5737
Epoch 217/337
750/750 - 4s - 6ms/step - accuracy: 0.8156 - loss: 0.5591
Epoch 218/337
750/750 - 4s - 5ms/step - accuracy: 0.8146 - loss: 0.5814
Epoch 219/337
750/750 - 4s - 5ms/step - accuracy: 0.8126 - loss: 0.5730
Epoch 220/337
750/750 - 4s - 5ms/step - accuracy: 0.8273 - loss: 0.5337
Epoch 221/337
750/750 - 4s - 5ms/step - accuracy: 0.8183 - loss: 0.5569
Epoch 222/337
750/750 - 4s - 5ms/step - accuracy: 0.8203 - loss: 0.5579
Epoch 223/337
750/750 - 4s - 5ms/step - accuracy: 0.8216 - loss: 0.5589
Epoch 224/337
750/750 - 4s - 5ms/step - accuracy: 0.8159 - loss: 0.5591
Epoch 225/337
750/750 - 4s - 5ms/step - accuracy: 0.8143 - loss: 0.5514
Epoch 226/337
750/750 - 4s - 5ms/step - accuracy: 0.8166 - loss: 0.5719
Epoch 227/337
750/750 - 4s - 5ms/step - accuracy: 0.8179 - loss: 0.5701
Epoch 228/337
750/750 - 4s - 5ms/step - accuracy: 0.8206 - loss: 0.5696
Epoch 229/337
750/750 - 4s - 5ms/step - accuracy: 0.8209 - loss: 0.5639
Epoch 230/337
750/750 - 4s - 5ms/step - accuracy: 0.8116 - loss: 0.5692
Epoch 231/337
750/750 - 4s - 5ms/step - accuracy: 0.8209 - loss: 0.5839
Epoch 232/337
750/750 - 4s - 5ms/step - accuracy: 0.8156 - loss: 0.5646
Epoch 233/337
750/750 - 4s - 5ms/step - accuracy: 0.8156 - loss: 0.5677
Epoch 234/337
750/750 - 4s - 5ms/step - accuracy: 0.8113 - loss: 0.5883
Epoch 235/337
750/750 - 4s - 5ms/step - accuracy: 0.8149 - loss: 0.5678
Epoch 236/337
750/750 - 4s - 5ms/step - accuracy: 0.8093 - loss: 0.5910
Epoch 237/337
750/750 - 4s - 5ms/step - accuracy: 0.8129 - loss: 0.5745
Epoch 238/337
750/750 - 4s - 5ms/step - accuracy: 0.8113 - loss: 0.5951
Epoch 239/337
750/750 - 4s - 5ms/step - accuracy: 0.8193 - loss: 0.5615
Epoch 240/337
750/750 - 4s - 5ms/step - accuracy: 0.8216 - loss: 0.5724
Epoch 241/337
750/750 - 4s - 5ms/step - accuracy: 0.8149 - loss: 0.5824
Epoch 242/337
750/750 - 4s - 5ms/step - accuracy: 0.8219 - loss: 0.5673
Epoch 243/337
750/750 - 4s - 5ms/step - accuracy: 0.8303 - loss: 0.5350
Epoch 244/337
750/750 - 4s - 5ms/step - accuracy: 0.8136 - loss: 0.5777
Epoch 245/337
750/750 - 4s - 5ms/step - accuracy: 0.8236 - loss: 0.5608
Epoch 246/337
750/750 - 4s - 5ms/step - accuracy: 0.8149 - loss: 0.5977
Epoch 247/337
750/750 - 4s - 5ms/step - accuracy: 0.8149 - loss: 0.5561
Epoch 248/337
750/750 - 4s - 5ms/step - accuracy: 0.8179 - loss: 0.5708
Epoch 249/337
750/750 - 4s - 5ms/step - accuracy: 0.8099 - loss: 0.5980
Epoch 250/337
750/750 - 4s - 5ms/step - accuracy: 0.8199 - loss: 0.5883
Epoch 251/337
750/750 - 4s - 5ms/step - accuracy: 0.8166 - loss: 0.5791
Epoch 252/337
750/750 - 4s - 5ms/step - accuracy: 0.8176 - loss: 0.5847
Epoch 253/337
750/750 - 4s - 5ms/step - accuracy: 0.8146 - loss: 0.5778
Epoch 254/337
750/750 - 4s - 5ms/step - accuracy: 0.8139 - loss: 0.5910
Epoch 255/337
750/750 - 4s - 5ms/step - accuracy: 0.8253 - loss: 0.5557
Epoch 256/337
750/750 - 4s - 5ms/step - accuracy: 0.8213 - loss: 0.5709
Epoch 257/337
750/750 - 4s - 5ms/step - accuracy: 0.8096 - loss: 0.5925
Epoch 258/337
750/750 - 4s - 5ms/step - accuracy: 0.8163 - loss: 0.5865
Epoch 259/337
750/750 - 4s - 5ms/step - accuracy: 0.8269 - loss: 0.5868
Epoch 260/337
750/750 - 4s - 6ms/step - accuracy: 0.8053 - loss: 0.6296
Epoch 261/337
750/750 - 4s - 6ms/step - accuracy: 0.8093 - loss: 0.5816
Epoch 262/337
750/750 - 4s - 6ms/step - accuracy: 0.8126 - loss: 0.5930
Epoch 263/337
750/750 - 4s - 5ms/step - accuracy: 0.8099 - loss: 0.6014
Epoch 264/337
750/750 - 4s - 5ms/step - accuracy: 0.8236 - loss: 0.5614
Epoch 265/337
750/750 - 4s - 5ms/step - accuracy: 0.8166 - loss: 0.5743
Epoch 266/337
750/750 - 4s - 5ms/step - accuracy: 0.8203 - loss: 0.5677
Epoch 267/337
750/750 - 4s - 5ms/step - accuracy: 0.8056 - loss: 0.6241
Epoch 268/337
750/750 - 4s - 6ms/step - accuracy: 0.8116 - loss: 0.5935
Epoch 269/337
750/750 - 4s - 6ms/step - accuracy: 0.8209 - loss: 0.5460
Epoch 270/337
750/750 - 4s - 6ms/step - accuracy: 0.8056 - loss: 0.6138
Epoch 271/337
750/750 - 4s - 6ms/step - accuracy: 0.8129 - loss: 0.6000
Epoch 272/337
750/750 - 4s - 6ms/step - accuracy: 0.8039 - loss: 0.5992
Epoch 273/337
750/750 - 4s - 6ms/step - accuracy: 0.8129 - loss: 0.5885
Epoch 274/337
750/750 - 4s - 6ms/step - accuracy: 0.8229 - loss: 0.5451
Epoch 275/337
750/750 - 4s - 6ms/step - accuracy: 0.8193 - loss: 0.5607
Epoch 276/337
750/750 - 4s - 5ms/step - accuracy: 0.8056 - loss: 0.6118
Epoch 277/337
750/750 - 4s - 6ms/step - accuracy: 0.8129 - loss: 0.5848
Epoch 278/337
750/750 - 4s - 6ms/step - accuracy: 0.8159 - loss: 0.5746
Epoch 279/337
750/750 - 4s - 5ms/step - accuracy: 0.8139 - loss: 0.6016
Epoch 280/337
750/750 - 4s - 6ms/step - accuracy: 0.8179 - loss: 0.5651
Epoch 281/337
750/750 - 4s - 6ms/step - accuracy: 0.8213 - loss: 0.5766
Epoch 282/337
750/750 - 4s - 6ms/step - accuracy: 0.8043 - loss: 0.6131
Epoch 283/337
750/750 - 4s - 6ms/step - accuracy: 0.8273 - loss: 0.5514
Epoch 284/337
750/750 - 4s - 6ms/step - accuracy: 0.8203 - loss: 0.5677
Epoch 285/337
750/750 - 4s - 6ms/step - accuracy: 0.8093 - loss: 0.5925
Epoch 286/337
750/750 - 4s - 6ms/step - accuracy: 0.8049 - loss: 0.6314
Epoch 287/337
750/750 - 4s - 6ms/step - accuracy: 0.8146 - loss: 0.5751
Epoch 288/337
750/750 - 4s - 6ms/step - accuracy: 0.8159 - loss: 0.5867
Epoch 289/337
750/750 - 4s - 5ms/step - accuracy: 0.8099 - loss: 0.5979
Epoch 290/337
750/750 - 4s - 6ms/step - accuracy: 0.8046 - loss: 0.5966
Epoch 291/337
750/750 - 4s - 6ms/step - accuracy: 0.8036 - loss: 0.5782
Epoch 292/337
750/750 - 4s - 5ms/step - accuracy: 0.8063 - loss: 0.6381
Epoch 293/337
750/750 - 4s - 6ms/step - accuracy: 0.7976 - loss: 0.6304
Epoch 294/337
750/750 - 4s - 6ms/step - accuracy: 0.8239 - loss: 0.5690
Epoch 295/337
750/750 - 4s - 6ms/step - accuracy: 0.8169 - loss: 0.5691
Epoch 296/337
750/750 - 4s - 5ms/step - accuracy: 0.8103 - loss: 0.5784
Epoch 297/337
750/750 - 4s - 6ms/step - accuracy: 0.8049 - loss: 0.6161
Epoch 298/337
750/750 - 4s - 6ms/step - accuracy: 0.8163 - loss: 0.5749
Epoch 299/337
750/750 - 4s - 5ms/step - accuracy: 0.8076 - loss: 0.5976
Epoch 300/337
750/750 - 4s - 6ms/step - accuracy: 0.8169 - loss: 0.5925
Epoch 301/337
750/750 - 4s - 6ms/step - accuracy: 0.8099 - loss: 0.6034
Epoch 302/337
750/750 - 4s - 5ms/step - accuracy: 0.8216 - loss: 0.5946
Epoch 303/337
750/750 - 4s - 5ms/step - accuracy: 0.8253 - loss: 0.5742
Epoch 304/337
750/750 - 4s - 5ms/step - accuracy: 0.8243 - loss: 0.5642
Epoch 305/337
750/750 - 4s - 5ms/step - accuracy: 0.8173 - loss: 0.5985
Epoch 306/337
750/750 - 4s - 5ms/step - accuracy: 0.8156 - loss: 0.5793
Epoch 307/337
750/750 - 4s - 5ms/step - accuracy: 0.8219 - loss: 0.5843
Epoch 308/337
750/750 - 4s - 5ms/step - accuracy: 0.8286 - loss: 0.5409
Epoch 309/337
750/750 - 4s - 5ms/step - accuracy: 0.8096 - loss: 0.6076
Epoch 310/337
750/750 - 4s - 5ms/step - accuracy: 0.8123 - loss: 0.5869
Epoch 311/337
750/750 - 4s - 5ms/step - accuracy: 0.8316 - loss: 0.5548
Epoch 312/337
750/750 - 4s - 5ms/step - accuracy: 0.8103 - loss: 0.6088
Epoch 313/337
750/750 - 4s - 5ms/step - accuracy: 0.8203 - loss: 0.5775
Epoch 314/337
750/750 - 4s - 5ms/step - accuracy: 0.8196 - loss: 0.5709
Epoch 315/337
750/750 - 4s - 5ms/step - accuracy: 0.8049 - loss: 0.6099
Epoch 316/337
750/750 - 4s - 5ms/step - accuracy: 0.8289 - loss: 0.5488
Epoch 317/337
750/750 - 4s - 5ms/step - accuracy: 0.8153 - loss: 0.6130
Epoch 318/337
750/750 - 5s - 6ms/step - accuracy: 0.8029 - loss: 0.6372
Epoch 319/337
750/750 - 4s - 6ms/step - accuracy: 0.8109 - loss: 0.5848
Epoch 320/337
750/750 - 4s - 6ms/step - accuracy: 0.8076 - loss: 0.6227
Epoch 321/337
750/750 - 5s - 6ms/step - accuracy: 0.8109 - loss: 0.5857
Epoch 322/337
750/750 - 4s - 6ms/step - accuracy: 0.8069 - loss: 0.6100
Epoch 323/337
750/750 - -2s - -2873us/step - accuracy: 0.8236 - loss: 0.5760
Epoch 324/337
750/750 - 4s - 5ms/step - accuracy: 0.8129 - loss: 0.5745
Epoch 325/337
750/750 - 4s - 5ms/step - accuracy: 0.8133 - loss: 0.6067
Epoch 326/337
750/750 - 4s - 5ms/step - accuracy: 0.8083 - loss: 0.5967
Epoch 327/337
750/750 - 4s - 5ms/step - accuracy: 0.8109 - loss: 0.5877
Epoch 328/337
750/750 - 4s - 6ms/step - accuracy: 0.8099 - loss: 0.5945
Epoch 329/337
750/750 - 4s - 6ms/step - accuracy: 0.8156 - loss: 0.6151
Epoch 330/337
750/750 - 4s - 6ms/step - accuracy: 0.8069 - loss: 0.6213
Epoch 331/337
750/750 - 4s - 6ms/step - accuracy: 0.8106 - loss: 0.6313
Epoch 332/337
750/750 - 5s - 6ms/step - accuracy: 0.8056 - loss: 0.6213
Epoch 333/337
750/750 - 4s - 6ms/step - accuracy: 0.8346 - loss: 0.5318
Epoch 334/337
750/750 - 4s - 6ms/step - accuracy: 0.8056 - loss: 0.6077
Epoch 335/337
750/750 - 4s - 6ms/step - accuracy: 0.8139 - loss: 0.5593
Epoch 336/337
750/750 - 4s - 5ms/step - accuracy: 0.8026 - loss: 0.6373
Epoch 337/337
750/750 - 4s - 5ms/step - accuracy: 0.7986 - loss: 0.6490
[final] ran 337 epochs in 1277s (3.79 s/ep), final loss 0.64898, acc 0.7986
saved models\dig-class11_lc25s7_s2.keras
Static-shape rebuild verified (max delta 0.00e+00)
Saved artifact at 'C:\Users\josep\AppData\Local\Temp\tmpf3ognlie'. The following endpoints are available:

* Endpoint 'serve'
  args_0 (POSITIONAL_ONLY): TensorSpec(shape=(1, 32, 20, 3), dtype=tf.float32, name='keras_tensor_24')
Output Type:
  TensorSpec(shape=(1, 11), dtype=tf.float32, name=None)
Captures:
  2349340522832: TensorSpec(shape=(), dtype=tf.resource, name=None)
  2349340523600: TensorSpec(shape=(), dtype=tf.resource, name=None)
  2349340523408: TensorSpec(shape=(), dtype=tf.resource, name=None)
  2349340524368: TensorSpec(shape=(), dtype=tf.resource, name=None)
  2349340523984: TensorSpec(shape=(), dtype=tf.resource, name=None)
  2349340522448: TensorSpec(shape=(), dtype=tf.resource, name=None)
  2349340524176: TensorSpec(shape=(), dtype=tf.resource, name=None)
  2349342722576: TensorSpec(shape=(), dtype=tf.resource, name=None)
  2349342722384: TensorSpec(shape=(), dtype=tf.resource, name=None)
  2349342720848: TensorSpec(shape=(), dtype=tf.resource, name=None)
  2349342720080: TensorSpec(shape=(), dtype=tf.resource, name=None)
  2349342722768: TensorSpec(shape=(), dtype=tf.resource, name=None)
  2349342723152: TensorSpec(shape=(), dtype=tf.resource, name=None)
  2349342724304: TensorSpec(shape=(), dtype=tf.resource, name=None)
  representative dataset: 256 distinct images (256 user + 0 upstream)
Saved artifact at 'C:\Users\josep\AppData\Local\Temp\tmpx52gaioj'. The following endpoints are available:

* Endpoint 'serve'
  args_0 (POSITIONAL_ONLY): TensorSpec(shape=(1, 32, 20, 3), dtype=tf.float32, name='keras_tensor_24')
Output Type:
  TensorSpec(shape=(1, 11), dtype=tf.float32, name=None)
Captures:
  2349340522832: TensorSpec(shape=(), dtype=tf.resource, name=None)
  2349340523600: TensorSpec(shape=(), dtype=tf.resource, name=None)
  2349340523408: TensorSpec(shape=(), dtype=tf.resource, name=None)
  2349340524368: TensorSpec(shape=(), dtype=tf.resource, name=None)
  2349340523984: TensorSpec(shape=(), dtype=tf.resource, name=None)
  2349340522448: TensorSpec(shape=(), dtype=tf.resource, name=None)
  2349340524176: TensorSpec(shape=(), dtype=tf.resource, name=None)
  2349342722576: TensorSpec(shape=(), dtype=tf.resource, name=None)
  2349342722384: TensorSpec(shape=(), dtype=tf.resource, name=None)
  2349342720848: TensorSpec(shape=(), dtype=tf.resource, name=None)
  2349342720080: TensorSpec(shape=(), dtype=tf.resource, name=None)
  2349342722768: TensorSpec(shape=(), dtype=tf.resource, name=None)
  2349342723152: TensorSpec(shape=(), dtype=tf.resource, name=None)
  2349342724304: TensorSpec(shape=(), dtype=tf.resource, name=None)
C:\Users\josep\AppData\Local\Programs\Python\Python312\Lib\site-packages\tensorflow\lite\python\convert.py:846: UserWarning: Statistics for quantized inputs were expected, but not specified; continuing anyway.
  warnings.warn(
fully_quantize: 0, inference_type: 6, input_inference_type: FLOAT32, output_inference_type: FLOAT32
Saved artifact at 'C:\Users\josep\AppData\Local\Temp\tmpsnv9u5ff'. The following endpoints are available:

* Endpoint 'serve'
  args_0 (POSITIONAL_ONLY): TensorSpec(shape=(1, 32, 20, 3), dtype=tf.float32, name='keras_tensor_24')
Output Type:
  TensorSpec(shape=(1, 11), dtype=tf.float32, name=None)
Captures:
  2349340522832: TensorSpec(shape=(), dtype=tf.resource, name=None)
  2349340523600: TensorSpec(shape=(), dtype=tf.resource, name=None)
  2349340523408: TensorSpec(shape=(), dtype=tf.resource, name=None)
  2349340524368: TensorSpec(shape=(), dtype=tf.resource, name=None)
  2349340523984: TensorSpec(shape=(), dtype=tf.resource, name=None)
  2349340522448: TensorSpec(shape=(), dtype=tf.resource, name=None)
  2349340524176: TensorSpec(shape=(), dtype=tf.resource, name=None)
  2349342722576: TensorSpec(shape=(), dtype=tf.resource, name=None)
  2349342722384: TensorSpec(shape=(), dtype=tf.resource, name=None)
  2349342720848: TensorSpec(shape=(), dtype=tf.resource, name=None)
  2349342720080: TensorSpec(shape=(), dtype=tf.resource, name=None)
  2349342722768: TensorSpec(shape=(), dtype=tf.resource, name=None)
  2349342723152: TensorSpec(shape=(), dtype=tf.resource, name=None)
  2349342724304: TensorSpec(shape=(), dtype=tf.resource, name=None)
C:\Users\josep\AppData\Local\Programs\Python\Python312\Lib\site-packages\tensorflow\lite\python\convert.py:846: UserWarning: Statistics for quantized inputs were expected, but not specified; continuing anyway.
  warnings.warn(
fully_quantize: 0, inference_type: 6, input_inference_type: FLOAT32, output_inference_type: FLOAT32
exported models\dig-class11_lc25s7_s2.tflite  (349 KB)
exported models\dig-class11_lc25s7_s2_q.tflite  (95 KB)
exported models\dig-class11_lc25s7_s2_qpt.tflite  (93 KB)
