WARNING: All log messages before absl::InitializeLog() is called are written to STDERR
I0000 00:00:1791501630.083488   21028 port.cc:153] oneDNN custom operations are on. You may see slightly different numerical results due to floating-point round-off errors from different computation orders. To turn them off, set the environment variable `TF_ENABLE_ONEDNN_OPTS=0`.
WARNING: All log messages before absl::InitializeLog() is called are written to STDERR
I0000 00:00:1791501635.806871   21028 port.cc:153] oneDNN custom operations are on. You may see slightly different numerical results due to floating-point round-off errors from different computation orders. To turn them off, set the environment variable `TF_ENABLE_ONEDNN_OPTS=0`.
WARNING:tensorflow:TensorFlow GPU support is not available on native Windows for TensorFlow >= 2.11. Even if CUDA/cuDNN are installed, GPU will not be used. Please use WSL2 or the TensorFlow-DirectML plugin.
==============================================================
RECIPE
  user dir     : work/_corpus_stb_20x32   upstream: 03_data_resize_all-use_for_training   user-weight x1
  aug profile  : night_aware
    gate       : mean luma <= 78 -> dark
    dark       : AugmentConfig(blur_p=0.3, blur_sigma=(0.3, 0.7), motion_p=0.08, motion_len=(2, 3), glare_p=0.0, glare_sigma_frac=(0.15, 0.9), glare_gain=(25.0, 140.0), veil_p=0.0, veil_k=(0.05, 0.42), veil_grid=(4, 3), veil_field_gain=(0.6, 1.0), veil_field_bias=(0.0, 0.4), veil_level=(150.0, 255.0), exposure=(0.85, 1.15), contrast=(0.85, 1.1), wb=(1.0, 1.0), noise_sigma=(0.5, 3.0), jpeg_p=0.3, jpeg_quality=(60, 95), scale_blur_to_size=True)
    bright     : AugmentConfig(blur_p=0.22, blur_sigma=(0.3, 0.9), motion_p=0.08, motion_len=(2, 4), glare_p=0.28, glare_sigma_frac=(0.15, 0.9), glare_gain=(25.0, 140.0), veil_p=0.35, veil_k=(0.05, 0.42), veil_grid=(4, 3), veil_field_gain=(0.6, 1.0), veil_field_bias=(0.0, 0.4), veil_level=(150.0, 255.0), exposure=(0.6, 1.4), contrast=(0.55, 1.22), wb=(0.88, 1.12), noise_sigma=(0.5, 6.0), jpeg_p=0.25, jpeg_quality=(45, 95), scale_blur_to_size=True)
  geom         : split_gentle  (per image, mean luma before geometry)
    dark <= 78: {'width_shift_range': [-1, 0, 1], 'height_shift_range': [-1, 0, 1], 'zoom_range': [0.9, 1.1], 'rotation_range': 2}
    bright   : {'width_shift_range': [-2, -1, 0, 1, 2], 'height_shift_range': [-2, -1, 0, 1, 2], 'zoom_range': [0.85, 1.15], 'rotation_range': 3}
  lr           : compiled lr, linear decay over the last 0.2 of the run's epochs to x0.05
  seed 42  batch 4  epochs 125
==============================================================
dig-class11 graph: 88023 params
upstream 03_data_resize_all-use_for_training: 1290 images
user     work/_corpus_stb_20x32: 6785 images (4636 frames)

=== FINAL: train on 100% of the pool, 8075 images (1290 upstream + 6785 user x1), 125 epochs, no validation, no early stopping ===
[final] lr 1 for epochs 1-100, then linear to 0.05 at epoch 125
Epoch 1/125
2019/2019 - 15s - 7ms/step - accuracy: 0.2739 - loss: 1.9900 - learning_rate: 1.0000
Epoch 2/125
2019/2019 - 12s - 6ms/step - accuracy: 0.5952 - loss: 1.0921 - learning_rate: 1.0000
Epoch 3/125
2019/2019 - 11s - 6ms/step - accuracy: 0.7148 - loss: 0.7975 - learning_rate: 1.0000
Epoch 4/125
2019/2019 - 12s - 6ms/step - accuracy: 0.7881 - loss: 0.6339 - learning_rate: 1.0000
Epoch 5/125
2019/2019 - 11s - 6ms/step - accuracy: 0.8255 - loss: 0.5415 - learning_rate: 1.0000
Epoch 6/125
2019/2019 - 12s - 6ms/step - accuracy: 0.8385 - loss: 0.4967 - learning_rate: 1.0000
Epoch 7/125
2019/2019 - 11s - 5ms/step - accuracy: 0.8644 - loss: 0.4320 - learning_rate: 1.0000
Epoch 8/125
2019/2019 - 11s - 6ms/step - accuracy: 0.8666 - loss: 0.4155 - learning_rate: 1.0000
Epoch 9/125
2019/2019 - 12s - 6ms/step - accuracy: 0.8701 - loss: 0.4101 - learning_rate: 1.0000
Epoch 10/125
2019/2019 - 12s - 6ms/step - accuracy: 0.8794 - loss: 0.3821 - learning_rate: 1.0000
Epoch 11/125
2019/2019 - 12s - 6ms/step - accuracy: 0.8863 - loss: 0.3668 - learning_rate: 1.0000
Epoch 12/125
2019/2019 - 12s - 6ms/step - accuracy: 0.8859 - loss: 0.3666 - learning_rate: 1.0000
Epoch 13/125
2019/2019 - 11s - 6ms/step - accuracy: 0.8831 - loss: 0.3697 - learning_rate: 1.0000
Epoch 14/125
2019/2019 - 12s - 6ms/step - accuracy: 0.8915 - loss: 0.3545 - learning_rate: 1.0000
Epoch 15/125
2019/2019 - 12s - 6ms/step - accuracy: 0.8957 - loss: 0.3357 - learning_rate: 1.0000
Epoch 16/125
2019/2019 - 20s - 10ms/step - accuracy: 0.8955 - loss: 0.3317 - learning_rate: 1.0000
Epoch 17/125
2019/2019 - 21s - 10ms/step - accuracy: 0.8994 - loss: 0.3243 - learning_rate: 1.0000
Epoch 18/125
2019/2019 - 11s - 5ms/step - accuracy: 0.8991 - loss: 0.3221 - learning_rate: 1.0000
Epoch 19/125
2019/2019 - 12s - 6ms/step - accuracy: 0.9008 - loss: 0.3120 - learning_rate: 1.0000
Epoch 20/125
2019/2019 - 12s - 6ms/step - accuracy: 0.9018 - loss: 0.3085 - learning_rate: 1.0000
Epoch 21/125
2019/2019 - 12s - 6ms/step - accuracy: 0.9058 - loss: 0.2965 - learning_rate: 1.0000
Epoch 22/125
2019/2019 - 13s - 6ms/step - accuracy: 0.9038 - loss: 0.3064 - learning_rate: 1.0000
Epoch 23/125
2019/2019 - 12s - 6ms/step - accuracy: 0.9087 - loss: 0.2911 - learning_rate: 1.0000
Epoch 24/125
2019/2019 - 11s - 5ms/step - accuracy: 0.9097 - loss: 0.2904 - learning_rate: 1.0000
Epoch 25/125
2019/2019 - 11s - 5ms/step - accuracy: 0.9055 - loss: 0.3078 - learning_rate: 1.0000
Epoch 26/125
2019/2019 - 11s - 6ms/step - accuracy: 0.9111 - loss: 0.2780 - learning_rate: 1.0000
Epoch 27/125
2019/2019 - 20s - 10ms/step - accuracy: 0.9132 - loss: 0.2845 - learning_rate: 1.0000
Epoch 28/125
2019/2019 - 20s - 10ms/step - accuracy: 0.9059 - loss: 0.2855 - learning_rate: 1.0000
Epoch 29/125
2019/2019 - 10s - 5ms/step - accuracy: 0.9092 - loss: 0.2918 - learning_rate: 1.0000
Epoch 30/125
2019/2019 - 10s - 5ms/step - accuracy: 0.9153 - loss: 0.2688 - learning_rate: 1.0000
Epoch 31/125
2019/2019 - 12s - 6ms/step - accuracy: 0.9174 - loss: 0.2640 - learning_rate: 1.0000
Epoch 32/125
2019/2019 - 11s - 5ms/step - accuracy: 0.9122 - loss: 0.2792 - learning_rate: 1.0000
Epoch 33/125
2019/2019 - 12s - 6ms/step - accuracy: 0.9176 - loss: 0.2631 - learning_rate: 1.0000
Epoch 34/125
2019/2019 - 12s - 6ms/step - accuracy: 0.9186 - loss: 0.2702 - learning_rate: 1.0000
Epoch 35/125
2019/2019 - 12s - 6ms/step - accuracy: 0.9144 - loss: 0.2681 - learning_rate: 1.0000
Epoch 36/125
2019/2019 - 11s - 6ms/step - accuracy: 0.9191 - loss: 0.2563 - learning_rate: 1.0000
Epoch 37/125
2019/2019 - 11s - 6ms/step - accuracy: 0.9148 - loss: 0.2727 - learning_rate: 1.0000
Epoch 38/125
2019/2019 - 20s - 10ms/step - accuracy: 0.9226 - loss: 0.2584 - learning_rate: 1.0000
Epoch 39/125
2019/2019 - 11s - 6ms/step - accuracy: 0.9215 - loss: 0.2513 - learning_rate: 1.0000
Epoch 40/125
2019/2019 - 11s - 6ms/step - accuracy: 0.9165 - loss: 0.2617 - learning_rate: 1.0000
Epoch 41/125
2019/2019 - 11s - 6ms/step - accuracy: 0.9209 - loss: 0.2505 - learning_rate: 1.0000
Epoch 42/125
2019/2019 - 11s - 5ms/step - accuracy: 0.9206 - loss: 0.2600 - learning_rate: 1.0000
Epoch 43/125
2019/2019 - 12s - 6ms/step - accuracy: 0.9230 - loss: 0.2580 - learning_rate: 1.0000
Epoch 44/125
2019/2019 - 12s - 6ms/step - accuracy: 0.9175 - loss: 0.2614 - learning_rate: 1.0000
Epoch 45/125
2019/2019 - 12s - 6ms/step - accuracy: 0.9207 - loss: 0.2561 - learning_rate: 1.0000
Epoch 46/125
2019/2019 - 11s - 6ms/step - accuracy: 0.9174 - loss: 0.2690 - learning_rate: 1.0000
Epoch 47/125
2019/2019 - 21s - 10ms/step - accuracy: 0.9219 - loss: 0.2554 - learning_rate: 1.0000
Epoch 48/125
2019/2019 - 11s - 5ms/step - accuracy: 0.9216 - loss: 0.2483 - learning_rate: 1.0000
Epoch 49/125
2019/2019 - 11s - 5ms/step - accuracy: 0.9220 - loss: 0.2562 - learning_rate: 1.0000
Epoch 50/125
2019/2019 - 12s - 6ms/step - accuracy: 0.9206 - loss: 0.2481 - learning_rate: 1.0000
Epoch 51/125
2019/2019 - 20s - 10ms/step - accuracy: 0.9224 - loss: 0.2458 - learning_rate: 1.0000
Epoch 52/125
2019/2019 - 11s - 5ms/step - accuracy: 0.9253 - loss: 0.2412 - learning_rate: 1.0000
Epoch 53/125
2019/2019 - 11s - 6ms/step - accuracy: 0.9240 - loss: 0.2450 - learning_rate: 1.0000
Epoch 54/125
2019/2019 - 12s - 6ms/step - accuracy: 0.9251 - loss: 0.2457 - learning_rate: 1.0000
Epoch 55/125
2019/2019 - 12s - 6ms/step - accuracy: 0.9221 - loss: 0.2450 - learning_rate: 1.0000
Epoch 56/125
2019/2019 - 13s - 6ms/step - accuracy: 0.9264 - loss: 0.2497 - learning_rate: 1.0000
Epoch 57/125
2019/2019 - 12s - 6ms/step - accuracy: 0.9254 - loss: 0.2388 - learning_rate: 1.0000
Epoch 58/125
2019/2019 - 12s - 6ms/step - accuracy: 0.9250 - loss: 0.2455 - learning_rate: 1.0000
Epoch 59/125
2019/2019 - 11s - 5ms/step - accuracy: 0.9266 - loss: 0.2353 - learning_rate: 1.0000
Epoch 60/125
2019/2019 - 11s - 5ms/step - accuracy: 0.9251 - loss: 0.2516 - learning_rate: 1.0000
Epoch 61/125
2019/2019 - 11s - 5ms/step - accuracy: 0.9216 - loss: 0.2459 - learning_rate: 1.0000
Epoch 62/125
2019/2019 - 12s - 6ms/step - accuracy: 0.9222 - loss: 0.2508 - learning_rate: 1.0000
Epoch 63/125
2019/2019 - 11s - 6ms/step - accuracy: 0.9202 - loss: 0.2537 - learning_rate: 1.0000
Epoch 64/125
2019/2019 - 11s - 6ms/step - accuracy: 0.9215 - loss: 0.2518 - learning_rate: 1.0000
Epoch 65/125
2019/2019 - 10s - 5ms/step - accuracy: 0.9232 - loss: 0.2515 - learning_rate: 1.0000
Epoch 66/125
2019/2019 - 11s - 6ms/step - accuracy: 0.9231 - loss: 0.2400 - learning_rate: 1.0000
Epoch 67/125
2019/2019 - 12s - 6ms/step - accuracy: 0.9279 - loss: 0.2482 - learning_rate: 1.0000
Epoch 68/125
2019/2019 - 12s - 6ms/step - accuracy: 0.9188 - loss: 0.2482 - learning_rate: 1.0000
Epoch 69/125
2019/2019 - 11s - 6ms/step - accuracy: 0.9243 - loss: 0.2434 - learning_rate: 1.0000
Epoch 70/125
2019/2019 - 11s - 6ms/step - accuracy: 0.9284 - loss: 0.2429 - learning_rate: 1.0000
Epoch 71/125
2019/2019 - 12s - 6ms/step - accuracy: 0.9257 - loss: 0.2384 - learning_rate: 1.0000
Epoch 72/125
2019/2019 - 19s - 10ms/step - accuracy: 0.9279 - loss: 0.2518 - learning_rate: 1.0000
Epoch 73/125
2019/2019 - 10s - 5ms/step - accuracy: 0.9263 - loss: 0.2408 - learning_rate: 1.0000
Epoch 74/125
2019/2019 - 10s - 5ms/step - accuracy: 0.9243 - loss: 0.2449 - learning_rate: 1.0000
Epoch 75/125
2019/2019 - 11s - 5ms/step - accuracy: 0.9210 - loss: 0.2607 - learning_rate: 1.0000
Epoch 76/125
2019/2019 - 11s - 5ms/step - accuracy: 0.9287 - loss: 0.2348 - learning_rate: 1.0000
Epoch 77/125
2019/2019 - 11s - 5ms/step - accuracy: 0.9324 - loss: 0.2329 - learning_rate: 1.0000
Epoch 78/125
2019/2019 - 12s - 6ms/step - accuracy: 0.9206 - loss: 0.2448 - learning_rate: 1.0000
Epoch 79/125
2019/2019 - 11s - 6ms/step - accuracy: 0.9297 - loss: 0.2484 - learning_rate: 1.0000
Epoch 80/125
2019/2019 - 21s - 10ms/step - accuracy: 0.9245 - loss: 0.2373 - learning_rate: 1.0000
Epoch 81/125
2019/2019 - 11s - 5ms/step - accuracy: 0.9278 - loss: 0.2423 - learning_rate: 1.0000
Epoch 82/125
2019/2019 - 10s - 5ms/step - accuracy: 0.9259 - loss: 0.2514 - learning_rate: 1.0000
Epoch 83/125
2019/2019 - 11s - 5ms/step - accuracy: 0.9263 - loss: 0.2366 - learning_rate: 1.0000
Epoch 84/125
2019/2019 - 11s - 5ms/step - accuracy: 0.9297 - loss: 0.2458 - learning_rate: 1.0000
Epoch 85/125
2019/2019 - 11s - 6ms/step - accuracy: 0.9303 - loss: 0.2350 - learning_rate: 1.0000
Epoch 86/125
2019/2019 - 11s - 5ms/step - accuracy: 0.9224 - loss: 0.2528 - learning_rate: 1.0000
Epoch 87/125
2019/2019 - 11s - 5ms/step - accuracy: 0.9267 - loss: 0.2410 - learning_rate: 1.0000
Epoch 88/125
2019/2019 - 11s - 5ms/step - accuracy: 0.9183 - loss: 0.2616 - learning_rate: 1.0000
Epoch 89/125
2019/2019 - 11s - 5ms/step - accuracy: 0.9243 - loss: 0.2546 - learning_rate: 1.0000
Epoch 90/125
2019/2019 - 12s - 6ms/step - accuracy: 0.9245 - loss: 0.2466 - learning_rate: 1.0000
Epoch 91/125
2019/2019 - 11s - 6ms/step - accuracy: 0.9247 - loss: 0.2372 - learning_rate: 1.0000
Epoch 92/125
2019/2019 - 12s - 6ms/step - accuracy: 0.9242 - loss: 0.2531 - learning_rate: 1.0000
Epoch 93/125
2019/2019 - 19s - 10ms/step - accuracy: 0.9271 - loss: 0.2510 - learning_rate: 1.0000
Epoch 94/125
2019/2019 - 10s - 5ms/step - accuracy: 0.9292 - loss: 0.2366 - learning_rate: 1.0000
Epoch 95/125
2019/2019 - 10s - 5ms/step - accuracy: 0.9247 - loss: 0.2460 - learning_rate: 1.0000
Epoch 96/125
2019/2019 - 11s - 5ms/step - accuracy: 0.9305 - loss: 0.2415 - learning_rate: 1.0000
Epoch 97/125
2019/2019 - 10s - 5ms/step - accuracy: 0.9211 - loss: 0.2580 - learning_rate: 1.0000
Epoch 98/125
2019/2019 - 11s - 5ms/step - accuracy: 0.9261 - loss: 0.2439 - learning_rate: 1.0000
Epoch 99/125
2019/2019 - 11s - 5ms/step - accuracy: 0.9283 - loss: 0.2450 - learning_rate: 1.0000
Epoch 100/125
2019/2019 - 21s - 10ms/step - accuracy: 0.9279 - loss: 0.2480 - learning_rate: 1.0000
Epoch 101/125
2019/2019 - 12s - 6ms/step - accuracy: 0.9242 - loss: 0.2497 - learning_rate: 0.9620
Epoch 102/125
2019/2019 - 12s - 6ms/step - accuracy: 0.9289 - loss: 0.2290 - learning_rate: 0.9240
Epoch 103/125
2019/2019 - 12s - 6ms/step - accuracy: 0.9285 - loss: 0.2371 - learning_rate: 0.8860
Epoch 104/125
2019/2019 - 11s - 6ms/step - accuracy: 0.9315 - loss: 0.2323 - learning_rate: 0.8480
Epoch 105/125
2019/2019 - 22s - 11ms/step - accuracy: 0.9350 - loss: 0.2221 - learning_rate: 0.8100
Epoch 106/125
2019/2019 - 19s - 9ms/step - accuracy: 0.9345 - loss: 0.2170 - learning_rate: 0.7720
Epoch 107/125
2019/2019 - 11s - 5ms/step - accuracy: 0.9359 - loss: 0.2140 - learning_rate: 0.7340
Epoch 108/125
2019/2019 - 11s - 5ms/step - accuracy: 0.9290 - loss: 0.2296 - learning_rate: 0.6960
Epoch 109/125
2019/2019 - 10s - 5ms/step - accuracy: 0.9404 - loss: 0.2111 - learning_rate: 0.6580
Epoch 110/125
2019/2019 - 11s - 5ms/step - accuracy: 0.9360 - loss: 0.2081 - learning_rate: 0.6200
Epoch 111/125
2019/2019 - 11s - 6ms/step - accuracy: 0.9418 - loss: 0.2000 - learning_rate: 0.5820
Epoch 112/125
2019/2019 - 11s - 6ms/step - accuracy: 0.9378 - loss: 0.2063 - learning_rate: 0.5440
Epoch 113/125
2019/2019 - 11s - 6ms/step - accuracy: 0.9389 - loss: 0.2039 - learning_rate: 0.5060
Epoch 114/125
2019/2019 - 11s - 5ms/step - accuracy: 0.9404 - loss: 0.1811 - learning_rate: 0.4680
Epoch 115/125
2019/2019 - 11s - 5ms/step - accuracy: 0.9388 - loss: 0.1917 - learning_rate: 0.4300
Epoch 116/125
2019/2019 - 11s - 6ms/step - accuracy: 0.9453 - loss: 0.1805 - learning_rate: 0.3920
Epoch 117/125
2019/2019 - 11s - 6ms/step - accuracy: 0.9441 - loss: 0.1740 - learning_rate: 0.3540
Epoch 118/125
2019/2019 - 11s - 5ms/step - accuracy: 0.9466 - loss: 0.1672 - learning_rate: 0.3160
Epoch 119/125
2019/2019 - 10s - 5ms/step - accuracy: 0.9475 - loss: 0.1741 - learning_rate: 0.2780
Epoch 120/125
2019/2019 - 11s - 5ms/step - accuracy: 0.9507 - loss: 0.1667 - learning_rate: 0.2400
Epoch 121/125
2019/2019 - 21s - 10ms/step - accuracy: 0.9498 - loss: 0.1691 - learning_rate: 0.2020
Epoch 122/125
2019/2019 - 11s - 5ms/step - accuracy: 0.9496 - loss: 0.1566 - learning_rate: 0.1640
Epoch 123/125
2019/2019 - 10s - 5ms/step - accuracy: 0.9541 - loss: 0.1494 - learning_rate: 0.1260
Epoch 124/125
2019/2019 - 11s - 6ms/step - accuracy: 0.9538 - loss: 0.1543 - learning_rate: 0.0880
Epoch 125/125
2019/2019 - 11s - 5ms/step - accuracy: 0.9491 - loss: 0.1584 - learning_rate: 0.0500
[final] ran 125 epochs in 1534s (12.27 s/ep), final loss 0.15844, acc 0.9491
saved models\dig-class11_r1bs42_s2.keras
Static-shape rebuild verified (max delta 0.00e+00)
Saved artifact at 'C:\Users\josep\AppData\Local\Temp\tmp0cudmlcq'. The following endpoints are available:

* Endpoint 'serve'
  args_0 (POSITIONAL_ONLY): TensorSpec(shape=(1, 32, 20, 3), dtype=tf.float32, name='keras_tensor_24')
Output Type:
  TensorSpec(shape=(1, 11), dtype=tf.float32, name=None)
Captures:
  2144388840912: TensorSpec(shape=(), dtype=tf.resource, name=None)
  2144388839376: TensorSpec(shape=(), dtype=tf.resource, name=None)
  2144388841296: TensorSpec(shape=(), dtype=tf.resource, name=None)
  2144388840720: TensorSpec(shape=(), dtype=tf.resource, name=None)
  2144388839760: TensorSpec(shape=(), dtype=tf.resource, name=None)
  2144388840144: TensorSpec(shape=(), dtype=tf.resource, name=None)
  2144388841104: TensorSpec(shape=(), dtype=tf.resource, name=None)
  2144388840336: TensorSpec(shape=(), dtype=tf.resource, name=None)
  2144388839952: TensorSpec(shape=(), dtype=tf.resource, name=None)
  2144390135888: TensorSpec(shape=(), dtype=tf.resource, name=None)
  2144390136464: TensorSpec(shape=(), dtype=tf.resource, name=None)
  2144390138576: TensorSpec(shape=(), dtype=tf.resource, name=None)
  2144390137424: TensorSpec(shape=(), dtype=tf.resource, name=None)
  2144390136656: TensorSpec(shape=(), dtype=tf.resource, name=None)
  representative dataset: 256 distinct images (256 user + 0 upstream)
Saved artifact at 'C:\Users\josep\AppData\Local\Temp\tmp8w7evtkm'. The following endpoints are available:

* Endpoint 'serve'
  args_0 (POSITIONAL_ONLY): TensorSpec(shape=(1, 32, 20, 3), dtype=tf.float32, name='keras_tensor_24')
Output Type:
  TensorSpec(shape=(1, 11), dtype=tf.float32, name=None)
Captures:
  2144388840912: TensorSpec(shape=(), dtype=tf.resource, name=None)
  2144388839376: TensorSpec(shape=(), dtype=tf.resource, name=None)
  2144388841296: TensorSpec(shape=(), dtype=tf.resource, name=None)
  2144388840720: TensorSpec(shape=(), dtype=tf.resource, name=None)
  2144388839760: TensorSpec(shape=(), dtype=tf.resource, name=None)
  2144388840144: TensorSpec(shape=(), dtype=tf.resource, name=None)
  2144388841104: TensorSpec(shape=(), dtype=tf.resource, name=None)
  2144388840336: TensorSpec(shape=(), dtype=tf.resource, name=None)
  2144388839952: TensorSpec(shape=(), dtype=tf.resource, name=None)
  2144390135888: TensorSpec(shape=(), dtype=tf.resource, name=None)
  2144390136464: TensorSpec(shape=(), dtype=tf.resource, name=None)
  2144390138576: TensorSpec(shape=(), dtype=tf.resource, name=None)
  2144390137424: TensorSpec(shape=(), dtype=tf.resource, name=None)
  2144390136656: TensorSpec(shape=(), dtype=tf.resource, name=None)
C:\Users\josep\AppData\Local\Programs\Python\Python312\Lib\site-packages\tensorflow\lite\python\convert.py:846: UserWarning: Statistics for quantized inputs were expected, but not specified; continuing anyway.
  warnings.warn(
fully_quantize: 0, inference_type: 6, input_inference_type: FLOAT32, output_inference_type: FLOAT32
Saved artifact at 'C:\Users\josep\AppData\Local\Temp\tmp2wzdih17'. The following endpoints are available:

* Endpoint 'serve'
  args_0 (POSITIONAL_ONLY): TensorSpec(shape=(1, 32, 20, 3), dtype=tf.float32, name='keras_tensor_24')
Output Type:
  TensorSpec(shape=(1, 11), dtype=tf.float32, name=None)
Captures:
  2144388840912: TensorSpec(shape=(), dtype=tf.resource, name=None)
  2144388839376: TensorSpec(shape=(), dtype=tf.resource, name=None)
  2144388841296: TensorSpec(shape=(), dtype=tf.resource, name=None)
  2144388840720: TensorSpec(shape=(), dtype=tf.resource, name=None)
  2144388839760: TensorSpec(shape=(), dtype=tf.resource, name=None)
  2144388840144: TensorSpec(shape=(), dtype=tf.resource, name=None)
  2144388841104: TensorSpec(shape=(), dtype=tf.resource, name=None)
  2144388840336: TensorSpec(shape=(), dtype=tf.resource, name=None)
  2144388839952: TensorSpec(shape=(), dtype=tf.resource, name=None)
  2144390135888: TensorSpec(shape=(), dtype=tf.resource, name=None)
  2144390136464: TensorSpec(shape=(), dtype=tf.resource, name=None)
  2144390138576: TensorSpec(shape=(), dtype=tf.resource, name=None)
  2144390137424: TensorSpec(shape=(), dtype=tf.resource, name=None)
  2144390136656: TensorSpec(shape=(), dtype=tf.resource, name=None)
C:\Users\josep\AppData\Local\Programs\Python\Python312\Lib\site-packages\tensorflow\lite\python\convert.py:846: UserWarning: Statistics for quantized inputs were expected, but not specified; continuing anyway.
  warnings.warn(
fully_quantize: 0, inference_type: 6, input_inference_type: FLOAT32, output_inference_type: FLOAT32
exported models\dig-class11_r1bs42_s2.tflite  (349 KB)
exported models\dig-class11_r1bs42_s2_q.tflite  (95 KB)
exported models\dig-class11_r1bs42_s2_qpt.tflite  (93 KB)
