WARNING: All log messages before absl::InitializeLog() is called are written to STDERR
I0000 00:00:1786142227.311273   10564 port.cc:153] oneDNN custom operations are on. You may see slightly different numerical results due to floating-point round-off errors from different computation orders. To turn them off, set the environment variable `TF_ENABLE_ONEDNN_OPTS=0`.
WARNING: All log messages before absl::InitializeLog() is called are written to STDERR
I0000 00:00:1786142230.395400   10564 port.cc:153] oneDNN custom operations are on. You may see slightly different numerical results due to floating-point round-off errors from different computation orders. To turn them off, set the environment variable `TF_ENABLE_ONEDNN_OPTS=0`.
WARNING:tensorflow:TensorFlow GPU support is not available on native Windows for TensorFlow >= 2.11. Even if CUDA/cuDNN are installed, GPU will not be used. Please use WSL2 or the TensorFlow-DirectML plugin.
dig-class11 graph: 88023 params
upstream work/empty_upstream: 0 images
user     04_joe_lcd_20x32: 1288 images (755 frames)

=== FINAL: train on 100% of the pool, 1288 images (0 upstream + 1288 user x1), 150 epochs, no validation, no early stopping ===
Epoch 1/150
322/322 - 3s - 9ms/step - accuracy: 0.1576 - loss: 2.3073
Epoch 2/150
322/322 - 2s - 6ms/step - accuracy: 0.1762 - loss: 2.2156
Epoch 3/150
322/322 - 2s - 6ms/step - accuracy: 0.2974 - loss: 1.9433
Epoch 4/150
322/322 - 2s - 5ms/step - accuracy: 0.4216 - loss: 1.5567
Epoch 5/150
322/322 - 2s - 5ms/step - accuracy: 0.5132 - loss: 1.3451
Epoch 6/150
322/322 - 1s - 4ms/step - accuracy: 0.5140 - loss: 1.2712
Epoch 7/150
322/322 - 1s - 4ms/step - accuracy: 0.5551 - loss: 1.1660
Epoch 8/150
322/322 - 1s - 4ms/step - accuracy: 0.5567 - loss: 1.1064
Epoch 9/150
322/322 - 1s - 4ms/step - accuracy: 0.5707 - loss: 1.1466
Epoch 10/150
322/322 - 1s - 4ms/step - accuracy: 0.5908 - loss: 1.0789
Epoch 11/150
322/322 - 1s - 4ms/step - accuracy: 0.6273 - loss: 1.0620
Epoch 12/150
322/322 - 1s - 4ms/step - accuracy: 0.6297 - loss: 1.0046
Epoch 13/150
322/322 - 1s - 4ms/step - accuracy: 0.6211 - loss: 0.9919
Epoch 14/150
322/322 - 1s - 4ms/step - accuracy: 0.6359 - loss: 0.9359
Epoch 15/150
322/322 - 1s - 4ms/step - accuracy: 0.6498 - loss: 0.9224
Epoch 16/150
322/322 - 1s - 4ms/step - accuracy: 0.6514 - loss: 0.9513
Epoch 17/150
322/322 - 1s - 4ms/step - accuracy: 0.6599 - loss: 0.9346
Epoch 18/150
322/322 - 1s - 4ms/step - accuracy: 0.6809 - loss: 0.9020
Epoch 19/150
322/322 - 1s - 4ms/step - accuracy: 0.6708 - loss: 0.8728
Epoch 20/150
322/322 - 1s - 4ms/step - accuracy: 0.6801 - loss: 0.8446
Epoch 21/150
322/322 - 1s - 4ms/step - accuracy: 0.6724 - loss: 0.8470
Epoch 22/150
322/322 - 1s - 4ms/step - accuracy: 0.6747 - loss: 0.8598
Epoch 23/150
322/322 - 1s - 4ms/step - accuracy: 0.6871 - loss: 0.8412
Epoch 24/150
322/322 - 1s - 4ms/step - accuracy: 0.6731 - loss: 0.8620
Epoch 25/150
322/322 - 1s - 4ms/step - accuracy: 0.7081 - loss: 0.7980
Epoch 26/150
322/322 - 1s - 4ms/step - accuracy: 0.7158 - loss: 0.7748
Epoch 27/150
322/322 - 1s - 4ms/step - accuracy: 0.7026 - loss: 0.8163
Epoch 28/150
322/322 - 1s - 4ms/step - accuracy: 0.7236 - loss: 0.7454
Epoch 29/150
322/322 - 1s - 4ms/step - accuracy: 0.7391 - loss: 0.7300
Epoch 30/150
322/322 - 1s - 4ms/step - accuracy: 0.7531 - loss: 0.7114
Epoch 31/150
322/322 - 1s - 4ms/step - accuracy: 0.7352 - loss: 0.7218
Epoch 32/150
322/322 - 1s - 5ms/step - accuracy: 0.7205 - loss: 0.7162
Epoch 33/150
322/322 - 2s - 5ms/step - accuracy: 0.7469 - loss: 0.7497
Epoch 34/150
322/322 - 1s - 4ms/step - accuracy: 0.7415 - loss: 0.7218
Epoch 35/150
322/322 - 1s - 4ms/step - accuracy: 0.7484 - loss: 0.6890
Epoch 36/150
322/322 - 1s - 4ms/step - accuracy: 0.7733 - loss: 0.6517
Epoch 37/150
322/322 - 1s - 4ms/step - accuracy: 0.7578 - loss: 0.6837
Epoch 38/150
322/322 - 1s - 4ms/step - accuracy: 0.7523 - loss: 0.6716
Epoch 39/150
322/322 - 1s - 4ms/step - accuracy: 0.7391 - loss: 0.6867
Epoch 40/150
322/322 - 1s - 4ms/step - accuracy: 0.7376 - loss: 0.6913
Epoch 41/150
322/322 - 1s - 4ms/step - accuracy: 0.7772 - loss: 0.6246
Epoch 42/150
322/322 - 1s - 4ms/step - accuracy: 0.7671 - loss: 0.6452
Epoch 43/150
322/322 - 1s - 4ms/step - accuracy: 0.7648 - loss: 0.6745
Epoch 44/150
322/322 - 1s - 4ms/step - accuracy: 0.7477 - loss: 0.6647
Epoch 45/150
322/322 - 1s - 4ms/step - accuracy: 0.7733 - loss: 0.5990
Epoch 46/150
322/322 - 1s - 4ms/step - accuracy: 0.7958 - loss: 0.5906
Epoch 47/150
322/322 - 1s - 4ms/step - accuracy: 0.7842 - loss: 0.6192
Epoch 48/150
322/322 - 1s - 4ms/step - accuracy: 0.7585 - loss: 0.6567
Epoch 49/150
322/322 - 1s - 4ms/step - accuracy: 0.7811 - loss: 0.5855
Epoch 50/150
322/322 - 1s - 4ms/step - accuracy: 0.7795 - loss: 0.5879
Epoch 51/150
322/322 - 1s - 4ms/step - accuracy: 0.7756 - loss: 0.5914
Epoch 52/150
322/322 - 1s - 4ms/step - accuracy: 0.7679 - loss: 0.6393
Epoch 53/150
322/322 - 1s - 4ms/step - accuracy: 0.7748 - loss: 0.6006
Epoch 54/150
322/322 - 1s - 4ms/step - accuracy: 0.7857 - loss: 0.5826
Epoch 55/150
322/322 - 1s - 4ms/step - accuracy: 0.7826 - loss: 0.6041
Epoch 56/150
322/322 - 1s - 4ms/step - accuracy: 0.7904 - loss: 0.6026
Epoch 57/150
322/322 - 1s - 4ms/step - accuracy: 0.7896 - loss: 0.5759
Epoch 58/150
322/322 - 1s - 4ms/step - accuracy: 0.7787 - loss: 0.6170
Epoch 59/150
322/322 - 1s - 4ms/step - accuracy: 0.7911 - loss: 0.5872
Epoch 60/150
322/322 - 1s - 4ms/step - accuracy: 0.7958 - loss: 0.5445
Epoch 61/150
322/322 - 1s - 4ms/step - accuracy: 0.7989 - loss: 0.5861
Epoch 62/150
322/322 - 1s - 4ms/step - accuracy: 0.7981 - loss: 0.5702
Epoch 63/150
322/322 - 1s - 4ms/step - accuracy: 0.7958 - loss: 0.5785
Epoch 64/150
322/322 - 1s - 4ms/step - accuracy: 0.8036 - loss: 0.5363
Epoch 65/150
322/322 - 1s - 4ms/step - accuracy: 0.8020 - loss: 0.5707
Epoch 66/150
322/322 - 1s - 4ms/step - accuracy: 0.8106 - loss: 0.5377
Epoch 67/150
322/322 - 1s - 4ms/step - accuracy: 0.8129 - loss: 0.5063
Epoch 68/150
322/322 - 1s - 4ms/step - accuracy: 0.7943 - loss: 0.5528
Epoch 69/150
322/322 - 1s - 4ms/step - accuracy: 0.7865 - loss: 0.5998
Epoch 70/150
322/322 - 1s - 4ms/step - accuracy: 0.7950 - loss: 0.5431
Epoch 71/150
322/322 - 1s - 4ms/step - accuracy: 0.8106 - loss: 0.5455
Epoch 72/150
322/322 - 1s - 4ms/step - accuracy: 0.8090 - loss: 0.5176
Epoch 73/150
322/322 - 1s - 4ms/step - accuracy: 0.8075 - loss: 0.5521
Epoch 74/150
322/322 - 1s - 4ms/step - accuracy: 0.7950 - loss: 0.5778
Epoch 75/150
322/322 - 1s - 4ms/step - accuracy: 0.8222 - loss: 0.5172
Epoch 76/150
322/322 - 1s - 4ms/step - accuracy: 0.8012 - loss: 0.5713
Epoch 77/150
322/322 - 1s - 4ms/step - accuracy: 0.8168 - loss: 0.5040
Epoch 78/150
322/322 - 1s - 4ms/step - accuracy: 0.7958 - loss: 0.5575
Epoch 79/150
322/322 - 1s - 4ms/step - accuracy: 0.7958 - loss: 0.5687
Epoch 80/150
322/322 - 1s - 4ms/step - accuracy: 0.8067 - loss: 0.5186
Epoch 81/150
322/322 - 1s - 4ms/step - accuracy: 0.8160 - loss: 0.5258
Epoch 82/150
322/322 - 1s - 4ms/step - accuracy: 0.8059 - loss: 0.5319
Epoch 83/150
322/322 - 1s - 4ms/step - accuracy: 0.8276 - loss: 0.4920
Epoch 84/150
322/322 - 1s - 4ms/step - accuracy: 0.7950 - loss: 0.5642
Epoch 85/150
322/322 - 1s - 4ms/step - accuracy: 0.8175 - loss: 0.5251
Epoch 86/150
322/322 - 1s - 4ms/step - accuracy: 0.8238 - loss: 0.4731
Epoch 87/150
322/322 - 1s - 4ms/step - accuracy: 0.8525 - loss: 0.4440
Epoch 88/150
322/322 - 1s - 4ms/step - accuracy: 0.8300 - loss: 0.4951
Epoch 89/150
322/322 - 1s - 4ms/step - accuracy: 0.8160 - loss: 0.5324
Epoch 90/150
322/322 - 1s - 4ms/step - accuracy: 0.8043 - loss: 0.5408
Epoch 91/150
322/322 - 1s - 5ms/step - accuracy: 0.8238 - loss: 0.5053
Epoch 92/150
322/322 - 2s - 5ms/step - accuracy: 0.8253 - loss: 0.5021
Epoch 93/150
322/322 - 1s - 4ms/step - accuracy: 0.8276 - loss: 0.4938
Epoch 94/150
322/322 - 1s - 4ms/step - accuracy: 0.8051 - loss: 0.5218
Epoch 95/150
322/322 - 2s - 5ms/step - accuracy: 0.8129 - loss: 0.5148
Epoch 96/150
322/322 - 2s - 5ms/step - accuracy: 0.8098 - loss: 0.5138
Epoch 97/150
322/322 - 2s - 5ms/step - accuracy: 0.8168 - loss: 0.5386
Epoch 98/150
322/322 - 2s - 6ms/step - accuracy: 0.8253 - loss: 0.4847
Epoch 99/150
322/322 - 2s - 5ms/step - accuracy: 0.8036 - loss: 0.5774
Epoch 100/150
322/322 - 2s - 5ms/step - accuracy: 0.8098 - loss: 0.5423
Epoch 101/150
322/322 - 2s - 5ms/step - accuracy: 0.8098 - loss: 0.5048
Epoch 102/150
322/322 - 2s - 5ms/step - accuracy: 0.8385 - loss: 0.4716
Epoch 103/150
322/322 - 2s - 5ms/step - accuracy: 0.8175 - loss: 0.4940
Epoch 104/150
322/322 - 2s - 5ms/step - accuracy: 0.8028 - loss: 0.5336
Epoch 105/150
322/322 - 2s - 5ms/step - accuracy: 0.8323 - loss: 0.4972
Epoch 106/150
322/322 - 2s - 5ms/step - accuracy: 0.8222 - loss: 0.5055
Epoch 107/150
322/322 - 2s - 5ms/step - accuracy: 0.8183 - loss: 0.5335
Epoch 108/150
322/322 - 2s - 5ms/step - accuracy: 0.8245 - loss: 0.4806
Epoch 109/150
322/322 - 2s - 5ms/step - accuracy: 0.8075 - loss: 0.4944
Epoch 110/150
322/322 - 2s - 5ms/step - accuracy: 0.8377 - loss: 0.4676
Epoch 111/150
322/322 - 2s - 5ms/step - accuracy: 0.8152 - loss: 0.5079
Epoch 112/150
322/322 - 2s - 5ms/step - accuracy: 0.8160 - loss: 0.5255
Epoch 113/150
322/322 - 2s - 5ms/step - accuracy: 0.8160 - loss: 0.4984
Epoch 114/150
322/322 - 2s - 5ms/step - accuracy: 0.8121 - loss: 0.5525
Epoch 115/150
322/322 - 2s - 5ms/step - accuracy: 0.8253 - loss: 0.4815
Epoch 116/150
322/322 - 2s - 5ms/step - accuracy: 0.8261 - loss: 0.5130
Epoch 117/150
322/322 - 2s - 5ms/step - accuracy: 0.7911 - loss: 0.5656
Epoch 118/150
322/322 - 2s - 5ms/step - accuracy: 0.8183 - loss: 0.4936
Epoch 119/150
322/322 - 2s - 5ms/step - accuracy: 0.8339 - loss: 0.4622
Epoch 120/150
322/322 - 2s - 5ms/step - accuracy: 0.8284 - loss: 0.4989
Epoch 121/150
322/322 - 2s - 5ms/step - accuracy: 0.8339 - loss: 0.4854
Epoch 122/150
322/322 - 2s - 5ms/step - accuracy: 0.8253 - loss: 0.4934
Epoch 123/150
322/322 - 2s - 5ms/step - accuracy: 0.8183 - loss: 0.5185
Epoch 124/150
322/322 - 2s - 5ms/step - accuracy: 0.8207 - loss: 0.4949
Epoch 125/150
322/322 - 2s - 5ms/step - accuracy: 0.8175 - loss: 0.4957
Epoch 126/150
322/322 - 2s - 5ms/step - accuracy: 0.8191 - loss: 0.5153
Epoch 127/150
322/322 - 2s - 5ms/step - accuracy: 0.8276 - loss: 0.4831
Epoch 128/150
322/322 - 2s - 5ms/step - accuracy: 0.8183 - loss: 0.5186
Epoch 129/150
322/322 - 2s - 5ms/step - accuracy: 0.8144 - loss: 0.5147
Epoch 130/150
322/322 - 2s - 5ms/step - accuracy: 0.8377 - loss: 0.4380
Epoch 131/150
322/322 - 2s - 5ms/step - accuracy: 0.8307 - loss: 0.4666
Epoch 132/150
322/322 - 2s - 5ms/step - accuracy: 0.8121 - loss: 0.5137
Epoch 133/150
322/322 - 2s - 5ms/step - accuracy: 0.8230 - loss: 0.4983
Epoch 134/150
322/322 - 2s - 5ms/step - accuracy: 0.8199 - loss: 0.5017
Epoch 135/150
322/322 - 2s - 5ms/step - accuracy: 0.8222 - loss: 0.5172
Epoch 136/150
322/322 - 2s - 5ms/step - accuracy: 0.8261 - loss: 0.4911
Epoch 137/150
322/322 - 2s - 5ms/step - accuracy: 0.8533 - loss: 0.4185
Epoch 138/150
322/322 - 2s - 5ms/step - accuracy: 0.8261 - loss: 0.4634
Epoch 139/150
322/322 - 2s - 5ms/step - accuracy: 0.8416 - loss: 0.4757
Epoch 140/150
322/322 - 2s - 5ms/step - accuracy: 0.8191 - loss: 0.5019
Epoch 141/150
322/322 - 2s - 5ms/step - accuracy: 0.8354 - loss: 0.4585
Epoch 142/150
322/322 - 2s - 5ms/step - accuracy: 0.8362 - loss: 0.4580
Epoch 143/150
322/322 - 2s - 5ms/step - accuracy: 0.8393 - loss: 0.4363
Epoch 144/150
322/322 - 2s - 5ms/step - accuracy: 0.8432 - loss: 0.4143
Epoch 145/150
322/322 - 2s - 5ms/step - accuracy: 0.8315 - loss: 0.4987
Epoch 146/150
322/322 - 2s - 5ms/step - accuracy: 0.8214 - loss: 0.5129
Epoch 147/150
322/322 - 2s - 5ms/step - accuracy: 0.8502 - loss: 0.4490
Epoch 148/150
322/322 - 2s - 5ms/step - accuracy: 0.8339 - loss: 0.4719
Epoch 149/150
322/322 - 2s - 5ms/step - accuracy: 0.8323 - loss: 0.4797
Epoch 150/150
322/322 - 2s - 5ms/step - accuracy: 0.8191 - loss: 0.4780
[final] ran 150 epochs in 220s (1.47 s/ep), final loss 0.47803, acc 0.8191
saved models\dig-class11_9007_s2.keras
Static-shape rebuild verified (max delta 0.00e+00)
Saved artifact at 'C:\Users\josep\AppData\Local\Temp\tmphezwid1c'. The following endpoints are available:

* Endpoint 'serve'
  args_0 (POSITIONAL_ONLY): TensorSpec(shape=(1, 32, 20, 3), dtype=tf.float32, name='keras_tensor_24')
Output Type:
  TensorSpec(shape=(1, 11), dtype=tf.float32, name=None)
Captures:
  2170367171792: TensorSpec(shape=(), dtype=tf.resource, name=None)
  2170367171984: TensorSpec(shape=(), dtype=tf.resource, name=None)
  2170367170832: TensorSpec(shape=(), dtype=tf.resource, name=None)
  2170367169872: TensorSpec(shape=(), dtype=tf.resource, name=None)
  2170367171216: TensorSpec(shape=(), dtype=tf.resource, name=None)
  2170367170448: TensorSpec(shape=(), dtype=tf.resource, name=None)
  2170367172752: TensorSpec(shape=(), dtype=tf.resource, name=None)
  2170367172176: TensorSpec(shape=(), dtype=tf.resource, name=None)
  2170367173136: TensorSpec(shape=(), dtype=tf.resource, name=None)
  2170367172944: TensorSpec(shape=(), dtype=tf.resource, name=None)
  2170367171600: TensorSpec(shape=(), dtype=tf.resource, name=None)
  2170367173712: TensorSpec(shape=(), dtype=tf.resource, name=None)
  2170367171024: TensorSpec(shape=(), dtype=tf.resource, name=None)
  2170367174288: TensorSpec(shape=(), dtype=tf.resource, name=None)
  representative dataset: 1288 distinct images (1288 user + 0 upstream)
Saved artifact at 'C:\Users\josep\AppData\Local\Temp\tmp5iw84ebt'. The following endpoints are available:

* Endpoint 'serve'
  args_0 (POSITIONAL_ONLY): TensorSpec(shape=(1, 32, 20, 3), dtype=tf.float32, name='keras_tensor_24')
Output Type:
  TensorSpec(shape=(1, 11), dtype=tf.float32, name=None)
Captures:
  2170367171792: TensorSpec(shape=(), dtype=tf.resource, name=None)
  2170367171984: TensorSpec(shape=(), dtype=tf.resource, name=None)
  2170367170832: TensorSpec(shape=(), dtype=tf.resource, name=None)
  2170367169872: TensorSpec(shape=(), dtype=tf.resource, name=None)
  2170367171216: TensorSpec(shape=(), dtype=tf.resource, name=None)
  2170367170448: TensorSpec(shape=(), dtype=tf.resource, name=None)
  2170367172752: TensorSpec(shape=(), dtype=tf.resource, name=None)
  2170367172176: TensorSpec(shape=(), dtype=tf.resource, name=None)
  2170367173136: TensorSpec(shape=(), dtype=tf.resource, name=None)
  2170367172944: TensorSpec(shape=(), dtype=tf.resource, name=None)
  2170367171600: TensorSpec(shape=(), dtype=tf.resource, name=None)
  2170367173712: TensorSpec(shape=(), dtype=tf.resource, name=None)
  2170367171024: TensorSpec(shape=(), dtype=tf.resource, name=None)
  2170367174288: TensorSpec(shape=(), dtype=tf.resource, name=None)
C:\Users\josep\AppData\Local\Programs\Python\Python312\Lib\site-packages\tensorflow\lite\python\convert.py:846: UserWarning: Statistics for quantized inputs were expected, but not specified; continuing anyway.
  warnings.warn(
fully_quantize: 0, inference_type: 6, input_inference_type: FLOAT32, output_inference_type: FLOAT32
Saved artifact at 'C:\Users\josep\AppData\Local\Temp\tmplylkeqg2'. The following endpoints are available:

* Endpoint 'serve'
  args_0 (POSITIONAL_ONLY): TensorSpec(shape=(1, 32, 20, 3), dtype=tf.float32, name='keras_tensor_24')
Output Type:
  TensorSpec(shape=(1, 11), dtype=tf.float32, name=None)
Captures:
  2170367171792: TensorSpec(shape=(), dtype=tf.resource, name=None)
  2170367171984: TensorSpec(shape=(), dtype=tf.resource, name=None)
  2170367170832: TensorSpec(shape=(), dtype=tf.resource, name=None)
  2170367169872: TensorSpec(shape=(), dtype=tf.resource, name=None)
  2170367171216: TensorSpec(shape=(), dtype=tf.resource, name=None)
  2170367170448: TensorSpec(shape=(), dtype=tf.resource, name=None)
  2170367172752: TensorSpec(shape=(), dtype=tf.resource, name=None)
  2170367172176: TensorSpec(shape=(), dtype=tf.resource, name=None)
  2170367173136: TensorSpec(shape=(), dtype=tf.resource, name=None)
  2170367172944: TensorSpec(shape=(), dtype=tf.resource, name=None)
  2170367171600: TensorSpec(shape=(), dtype=tf.resource, name=None)
  2170367173712: TensorSpec(shape=(), dtype=tf.resource, name=None)
  2170367171024: TensorSpec(shape=(), dtype=tf.resource, name=None)
  2170367174288: TensorSpec(shape=(), dtype=tf.resource, name=None)
C:\Users\josep\AppData\Local\Programs\Python\Python312\Lib\site-packages\tensorflow\lite\python\convert.py:846: UserWarning: Statistics for quantized inputs were expected, but not specified; continuing anyway.
  warnings.warn(
fully_quantize: 0, inference_type: 6, input_inference_type: FLOAT32, output_inference_type: FLOAT32
exported models\dig-class11_9007_s2.tflite  (349 KB)
exported models\dig-class11_9007_s2_q.tflite  (95 KB)
exported models\dig-class11_9007_s2_qpt.tflite  (93 KB)
