WARNING: All log messages before absl::InitializeLog() is called are written to STDERR
I0000 00:00:1791503209.694886   37052 port.cc:153] oneDNN custom operations are on. You may see slightly different numerical results due to floating-point round-off errors from different computation orders. To turn them off, set the environment variable `TF_ENABLE_ONEDNN_OPTS=0`.
WARNING: All log messages before absl::InitializeLog() is called are written to STDERR
I0000 00:00:1791503214.988447   37052 port.cc:153] oneDNN custom operations are on. You may see slightly different numerical results due to floating-point round-off errors from different computation orders. To turn them off, set the environment variable `TF_ENABLE_ONEDNN_OPTS=0`.
WARNING:tensorflow:TensorFlow GPU support is not available on native Windows for TensorFlow >= 2.11. Even if CUDA/cuDNN are installed, GPU will not be used. Please use WSL2 or the TensorFlow-DirectML plugin.
==============================================================
RECIPE
  user dir     : work/_corpus_stb_20x32   upstream: 03_data_resize_all-use_for_training   user-weight x1
  aug profile  : night_aware
    gate       : mean luma <= 78 -> dark
    dark       : AugmentConfig(blur_p=0.3, blur_sigma=(0.3, 0.7), motion_p=0.08, motion_len=(2, 3), glare_p=0.0, glare_sigma_frac=(0.15, 0.9), glare_gain=(25.0, 140.0), veil_p=0.0, veil_k=(0.05, 0.42), veil_grid=(4, 3), veil_field_gain=(0.6, 1.0), veil_field_bias=(0.0, 0.4), veil_level=(150.0, 255.0), exposure=(0.85, 1.15), contrast=(0.85, 1.1), wb=(1.0, 1.0), noise_sigma=(0.5, 3.0), jpeg_p=0.3, jpeg_quality=(60, 95), scale_blur_to_size=True)
    bright     : AugmentConfig(blur_p=0.22, blur_sigma=(0.3, 0.9), motion_p=0.08, motion_len=(2, 4), glare_p=0.28, glare_sigma_frac=(0.15, 0.9), glare_gain=(25.0, 140.0), veil_p=0.35, veil_k=(0.05, 0.42), veil_grid=(4, 3), veil_field_gain=(0.6, 1.0), veil_field_bias=(0.0, 0.4), veil_level=(150.0, 255.0), exposure=(0.6, 1.4), contrast=(0.55, 1.22), wb=(0.88, 1.12), noise_sigma=(0.5, 6.0), jpeg_p=0.25, jpeg_quality=(45, 95), scale_blur_to_size=True)
  geom         : split_none  (per image, mean luma before geometry)
    dark <= 78: NO geometry
    bright   : {'width_shift_range': [-2, -1, 0, 1, 2], 'height_shift_range': [-2, -1, 0, 1, 2], 'zoom_range': [0.85, 1.15], 'rotation_range': 3}
  lr           : compiled lr, linear decay over the last 0.2 of the run's epochs to x0.05
  seed 7  batch 4  epochs 125
==============================================================
dig-class11 graph: 88023 params
upstream 03_data_resize_all-use_for_training: 1290 images
user     work/_corpus_stb_20x32: 6785 images (4636 frames)

=== FINAL: train on 100% of the pool, 8075 images (1290 upstream + 6785 user x1), 125 epochs, no validation, no early stopping ===
[final] lr 1 for epochs 1-100, then linear to 0.05 at epoch 125
Epoch 1/125
2019/2019 - 15s - 7ms/step - accuracy: 0.3380 - loss: 1.8353 - learning_rate: 1.0000
Epoch 2/125
2019/2019 - 11s - 5ms/step - accuracy: 0.6074 - loss: 1.0266 - learning_rate: 1.0000
Epoch 3/125
2019/2019 - 20s - 10ms/step - accuracy: 0.7221 - loss: 0.7747 - learning_rate: 1.0000
Epoch 4/125
2019/2019 - 10s - 5ms/step - accuracy: 0.7897 - loss: 0.6178 - learning_rate: 1.0000
Epoch 5/125
2019/2019 - 10s - 5ms/step - accuracy: 0.8235 - loss: 0.5362 - learning_rate: 1.0000
Epoch 6/125
2019/2019 - 10s - 5ms/step - accuracy: 0.8428 - loss: 0.4963 - learning_rate: 1.0000
Epoch 7/125
2019/2019 - 11s - 6ms/step - accuracy: 0.8609 - loss: 0.4381 - learning_rate: 1.0000
Epoch 8/125
2019/2019 - 11s - 5ms/step - accuracy: 0.8711 - loss: 0.4141 - learning_rate: 1.0000
Epoch 9/125
2019/2019 - 10s - 5ms/step - accuracy: 0.8747 - loss: 0.3932 - learning_rate: 1.0000
Epoch 10/125
2019/2019 - 12s - 6ms/step - accuracy: 0.8779 - loss: 0.3870 - learning_rate: 1.0000
Epoch 11/125
2019/2019 - 11s - 5ms/step - accuracy: 0.8892 - loss: 0.3687 - learning_rate: 1.0000
Epoch 12/125
2019/2019 - 10s - 5ms/step - accuracy: 0.8893 - loss: 0.3548 - learning_rate: 1.0000
Epoch 13/125
2019/2019 - 10s - 5ms/step - accuracy: 0.8918 - loss: 0.3480 - learning_rate: 1.0000
Epoch 14/125
2019/2019 - 11s - 6ms/step - accuracy: 0.8965 - loss: 0.3326 - learning_rate: 1.0000
Epoch 15/125
2019/2019 - 10s - 5ms/step - accuracy: 0.8991 - loss: 0.3233 - learning_rate: 1.0000
Epoch 16/125
2019/2019 - 11s - 6ms/step - accuracy: 0.8985 - loss: 0.3168 - learning_rate: 1.0000
Epoch 17/125
2019/2019 - 11s - 5ms/step - accuracy: 0.9022 - loss: 0.3232 - learning_rate: 1.0000
Epoch 18/125
2019/2019 - 10s - 5ms/step - accuracy: 0.8971 - loss: 0.3265 - learning_rate: 1.0000
Epoch 19/125
2019/2019 - 11s - 5ms/step - accuracy: 0.9006 - loss: 0.3115 - learning_rate: 1.0000
Epoch 20/125
2019/2019 - 11s - 6ms/step - accuracy: 0.9008 - loss: 0.3167 - learning_rate: 1.0000
Epoch 21/125
2019/2019 - 11s - 5ms/step - accuracy: 0.9023 - loss: 0.3171 - learning_rate: 1.0000
Epoch 22/125
2019/2019 - 10s - 5ms/step - accuracy: 0.9087 - loss: 0.3075 - learning_rate: 1.0000
Epoch 23/125
2019/2019 - 9s - 5ms/step - accuracy: 0.9075 - loss: 0.2987 - learning_rate: 1.0000
Epoch 24/125
2019/2019 - 9s - 5ms/step - accuracy: 0.9025 - loss: 0.3175 - learning_rate: 1.0000
Epoch 25/125
2019/2019 - 9s - 4ms/step - accuracy: 0.9143 - loss: 0.2938 - learning_rate: 1.0000
Epoch 26/125
2019/2019 - 9s - 4ms/step - accuracy: 0.9118 - loss: 0.2956 - learning_rate: 1.0000
Epoch 27/125
2019/2019 - 9s - 4ms/step - accuracy: 0.9147 - loss: 0.2781 - learning_rate: 1.0000
Epoch 28/125
2019/2019 - 9s - 4ms/step - accuracy: 0.9178 - loss: 0.2751 - learning_rate: 1.0000
Epoch 29/125
2019/2019 - 9s - 4ms/step - accuracy: 0.9108 - loss: 0.2909 - learning_rate: 1.0000
Epoch 30/125
2019/2019 - 9s - 4ms/step - accuracy: 0.9170 - loss: 0.2755 - learning_rate: 1.0000
Epoch 31/125
2019/2019 - 10s - 5ms/step - accuracy: 0.9173 - loss: 0.2689 - learning_rate: 1.0000
Epoch 32/125
2019/2019 - 9s - 5ms/step - accuracy: 0.9153 - loss: 0.2813 - learning_rate: 1.0000
Epoch 33/125
2019/2019 - 9s - 5ms/step - accuracy: 0.9207 - loss: 0.2684 - learning_rate: 1.0000
Epoch 34/125
2019/2019 - 8s - 4ms/step - accuracy: 0.9163 - loss: 0.2713 - learning_rate: 1.0000
Epoch 35/125
2019/2019 - 9s - 4ms/step - accuracy: 0.9211 - loss: 0.2586 - learning_rate: 1.0000
Epoch 36/125
2019/2019 - 8s - 4ms/step - accuracy: 0.9185 - loss: 0.2685 - learning_rate: 1.0000
Epoch 37/125
2019/2019 - 8s - 4ms/step - accuracy: 0.9215 - loss: 0.2618 - learning_rate: 1.0000
Epoch 38/125
2019/2019 - 8s - 4ms/step - accuracy: 0.9188 - loss: 0.2664 - learning_rate: 1.0000
Epoch 39/125
2019/2019 - 8s - 4ms/step - accuracy: 0.9178 - loss: 0.2705 - learning_rate: 1.0000
Epoch 40/125
2019/2019 - 8s - 4ms/step - accuracy: 0.9195 - loss: 0.2620 - learning_rate: 1.0000
Epoch 41/125
2019/2019 - 8s - 4ms/step - accuracy: 0.9189 - loss: 0.2585 - learning_rate: 1.0000
Epoch 42/125
2019/2019 - 8s - 4ms/step - accuracy: 0.9186 - loss: 0.2657 - learning_rate: 1.0000
Epoch 43/125
2019/2019 - 8s - 4ms/step - accuracy: 0.9158 - loss: 0.2758 - learning_rate: 1.0000
Epoch 44/125
2019/2019 - 8s - 4ms/step - accuracy: 0.9227 - loss: 0.2582 - learning_rate: 1.0000
Epoch 45/125
2019/2019 - 8s - 4ms/step - accuracy: 0.9174 - loss: 0.2681 - learning_rate: 1.0000
Epoch 46/125
2019/2019 - 8s - 4ms/step - accuracy: 0.9220 - loss: 0.2613 - learning_rate: 1.0000
Epoch 47/125
2019/2019 - 8s - 4ms/step - accuracy: 0.9238 - loss: 0.2419 - learning_rate: 1.0000
Epoch 48/125
2019/2019 - 8s - 4ms/step - accuracy: 0.9264 - loss: 0.2506 - learning_rate: 1.0000
Epoch 49/125
2019/2019 - 8s - 4ms/step - accuracy: 0.9224 - loss: 0.2517 - learning_rate: 1.0000
Epoch 50/125
2019/2019 - 8s - 4ms/step - accuracy: 0.9233 - loss: 0.2535 - learning_rate: 1.0000
Epoch 51/125
2019/2019 - 8s - 4ms/step - accuracy: 0.9224 - loss: 0.2597 - learning_rate: 1.0000
Epoch 52/125
2019/2019 - 8s - 4ms/step - accuracy: 0.9227 - loss: 0.2566 - learning_rate: 1.0000
Epoch 53/125
2019/2019 - 8s - 4ms/step - accuracy: 0.9257 - loss: 0.2508 - learning_rate: 1.0000
Epoch 54/125
2019/2019 - 8s - 4ms/step - accuracy: 0.9232 - loss: 0.2441 - learning_rate: 1.0000
Epoch 55/125
2019/2019 - 8s - 4ms/step - accuracy: 0.9215 - loss: 0.2542 - learning_rate: 1.0000
Epoch 56/125
2019/2019 - 8s - 4ms/step - accuracy: 0.9210 - loss: 0.2440 - learning_rate: 1.0000
Epoch 57/125
2019/2019 - 8s - 4ms/step - accuracy: 0.9217 - loss: 0.2599 - learning_rate: 1.0000
Epoch 58/125
2019/2019 - 8s - 4ms/step - accuracy: 0.9238 - loss: 0.2540 - learning_rate: 1.0000
Epoch 59/125
2019/2019 - 8s - 4ms/step - accuracy: 0.9224 - loss: 0.2452 - learning_rate: 1.0000
Epoch 60/125
2019/2019 - 8s - 4ms/step - accuracy: 0.9236 - loss: 0.2567 - learning_rate: 1.0000
Epoch 61/125
2019/2019 - 8s - 4ms/step - accuracy: 0.9236 - loss: 0.2449 - learning_rate: 1.0000
Epoch 62/125
2019/2019 - 8s - 4ms/step - accuracy: 0.9256 - loss: 0.2475 - learning_rate: 1.0000
Epoch 63/125
2019/2019 - 8s - 4ms/step - accuracy: 0.9263 - loss: 0.2434 - learning_rate: 1.0000
Epoch 64/125
2019/2019 - 8s - 4ms/step - accuracy: 0.9204 - loss: 0.2576 - learning_rate: 1.0000
Epoch 65/125
2019/2019 - 8s - 4ms/step - accuracy: 0.9287 - loss: 0.2408 - learning_rate: 1.0000
Epoch 66/125
2019/2019 - 8s - 4ms/step - accuracy: 0.9257 - loss: 0.2399 - learning_rate: 1.0000
Epoch 67/125
2019/2019 - 8s - 4ms/step - accuracy: 0.9259 - loss: 0.2481 - learning_rate: 1.0000
Epoch 68/125
2019/2019 - 8s - 4ms/step - accuracy: 0.9303 - loss: 0.2363 - learning_rate: 1.0000
Epoch 69/125
2019/2019 - 8s - 4ms/step - accuracy: 0.9225 - loss: 0.2565 - learning_rate: 1.0000
Epoch 70/125
2019/2019 - 8s - 4ms/step - accuracy: 0.9285 - loss: 0.2454 - learning_rate: 1.0000
Epoch 71/125
2019/2019 - 8s - 4ms/step - accuracy: 0.9257 - loss: 0.2479 - learning_rate: 1.0000
Epoch 72/125
2019/2019 - 8s - 4ms/step - accuracy: 0.9303 - loss: 0.2365 - learning_rate: 1.0000
Epoch 73/125
2019/2019 - 8s - 4ms/step - accuracy: 0.9217 - loss: 0.2485 - learning_rate: 1.0000
Epoch 74/125
2019/2019 - 8s - 4ms/step - accuracy: 0.9248 - loss: 0.2431 - learning_rate: 1.0000
Epoch 75/125
2019/2019 - 8s - 4ms/step - accuracy: 0.9245 - loss: 0.2589 - learning_rate: 1.0000
Epoch 76/125
2019/2019 - 8s - 4ms/step - accuracy: 0.9256 - loss: 0.2467 - learning_rate: 1.0000
Epoch 77/125
2019/2019 - 8s - 4ms/step - accuracy: 0.9320 - loss: 0.2314 - learning_rate: 1.0000
Epoch 78/125
2019/2019 - 8s - 4ms/step - accuracy: 0.9279 - loss: 0.2553 - learning_rate: 1.0000
Epoch 79/125
2019/2019 - 9s - 4ms/step - accuracy: 0.9240 - loss: 0.2552 - learning_rate: 1.0000
Epoch 80/125
2019/2019 - 8s - 4ms/step - accuracy: 0.9309 - loss: 0.2473 - learning_rate: 1.0000
Epoch 81/125
2019/2019 - 8s - 4ms/step - accuracy: 0.9276 - loss: 0.2543 - learning_rate: 1.0000
Epoch 82/125
2019/2019 - 8s - 4ms/step - accuracy: 0.9261 - loss: 0.2541 - learning_rate: 1.0000
Epoch 83/125
2019/2019 - 8s - 4ms/step - accuracy: 0.9299 - loss: 0.2392 - learning_rate: 1.0000
Epoch 84/125
2019/2019 - 8s - 4ms/step - accuracy: 0.9282 - loss: 0.2387 - learning_rate: 1.0000
Epoch 85/125
2019/2019 - 8s - 4ms/step - accuracy: 0.9222 - loss: 0.2610 - learning_rate: 1.0000
Epoch 86/125
2019/2019 - 8s - 4ms/step - accuracy: 0.9242 - loss: 0.2572 - learning_rate: 1.0000
Epoch 87/125
2019/2019 - 8s - 4ms/step - accuracy: 0.9209 - loss: 0.2497 - learning_rate: 1.0000
Epoch 88/125
2019/2019 - 8s - 4ms/step - accuracy: 0.9273 - loss: 0.2496 - learning_rate: 1.0000
Epoch 89/125
2019/2019 - 8s - 4ms/step - accuracy: 0.9284 - loss: 0.2423 - learning_rate: 1.0000
Epoch 90/125
2019/2019 - 8s - 4ms/step - accuracy: 0.9246 - loss: 0.2563 - learning_rate: 1.0000
Epoch 91/125
2019/2019 - 8s - 4ms/step - accuracy: 0.9285 - loss: 0.2438 - learning_rate: 1.0000
Epoch 92/125
2019/2019 - 8s - 4ms/step - accuracy: 0.9235 - loss: 0.2624 - learning_rate: 1.0000
Epoch 93/125
2019/2019 - 8s - 4ms/step - accuracy: 0.9242 - loss: 0.2488 - learning_rate: 1.0000
Epoch 94/125
2019/2019 - 8s - 4ms/step - accuracy: 0.9257 - loss: 0.2522 - learning_rate: 1.0000
Epoch 95/125
2019/2019 - 8s - 4ms/step - accuracy: 0.9300 - loss: 0.2330 - learning_rate: 1.0000
Epoch 96/125
2019/2019 - 8s - 4ms/step - accuracy: 0.9298 - loss: 0.2570 - learning_rate: 1.0000
Epoch 97/125
2019/2019 - 8s - 4ms/step - accuracy: 0.9240 - loss: 0.2531 - learning_rate: 1.0000
Epoch 98/125
2019/2019 - 8s - 4ms/step - accuracy: 0.9245 - loss: 0.2592 - learning_rate: 1.0000
Epoch 99/125
2019/2019 - 8s - 4ms/step - accuracy: 0.9254 - loss: 0.2498 - learning_rate: 1.0000
Epoch 100/125
2019/2019 - 8s - 4ms/step - accuracy: 0.9250 - loss: 0.2616 - learning_rate: 1.0000
Epoch 101/125
2019/2019 - 8s - 4ms/step - accuracy: 0.9274 - loss: 0.2538 - learning_rate: 0.9620
Epoch 102/125
2019/2019 - 8s - 4ms/step - accuracy: 0.9308 - loss: 0.2551 - learning_rate: 0.9240
Epoch 103/125
2019/2019 - 8s - 4ms/step - accuracy: 0.9310 - loss: 0.2332 - learning_rate: 0.8860
Epoch 104/125
2019/2019 - 8s - 4ms/step - accuracy: 0.9334 - loss: 0.2227 - learning_rate: 0.8480
Epoch 105/125
2019/2019 - 8s - 4ms/step - accuracy: 0.9297 - loss: 0.2428 - learning_rate: 0.8100
Epoch 106/125
2019/2019 - 8s - 4ms/step - accuracy: 0.9289 - loss: 0.2326 - learning_rate: 0.7720
Epoch 107/125
2019/2019 - 8s - 4ms/step - accuracy: 0.9326 - loss: 0.2248 - learning_rate: 0.7340
Epoch 108/125
2019/2019 - 8s - 4ms/step - accuracy: 0.9328 - loss: 0.2269 - learning_rate: 0.6960
Epoch 109/125
2019/2019 - 8s - 4ms/step - accuracy: 0.9314 - loss: 0.2187 - learning_rate: 0.6580
Epoch 110/125
2019/2019 - 8s - 4ms/step - accuracy: 0.9391 - loss: 0.2083 - learning_rate: 0.6200
Epoch 111/125
2019/2019 - 8s - 4ms/step - accuracy: 0.9383 - loss: 0.2074 - learning_rate: 0.5820
Epoch 112/125
2019/2019 - 8s - 4ms/step - accuracy: 0.9383 - loss: 0.2035 - learning_rate: 0.5440
Epoch 113/125
2019/2019 - 8s - 4ms/step - accuracy: 0.9355 - loss: 0.2052 - learning_rate: 0.5060
Epoch 114/125
2019/2019 - 8s - 4ms/step - accuracy: 0.9477 - loss: 0.1650 - learning_rate: 0.4680
Epoch 115/125
2019/2019 - 10s - 5ms/step - accuracy: 0.9399 - loss: 0.1935 - learning_rate: 0.4300
Epoch 116/125
2019/2019 - 8s - 4ms/step - accuracy: 0.9433 - loss: 0.1879 - learning_rate: 0.3920
Epoch 117/125
2019/2019 - 8s - 4ms/step - accuracy: 0.9413 - loss: 0.1824 - learning_rate: 0.3540
Epoch 118/125
2019/2019 - 8s - 4ms/step - accuracy: 0.9403 - loss: 0.1991 - learning_rate: 0.3160
Epoch 119/125
2019/2019 - 10s - 5ms/step - accuracy: 0.9455 - loss: 0.1812 - learning_rate: 0.2780
Epoch 120/125
2019/2019 - 8s - 4ms/step - accuracy: 0.9490 - loss: 0.1618 - learning_rate: 0.2400
Epoch 121/125
2019/2019 - 8s - 4ms/step - accuracy: 0.9506 - loss: 0.1634 - learning_rate: 0.2020
Epoch 122/125
2019/2019 - 8s - 4ms/step - accuracy: 0.9516 - loss: 0.1588 - learning_rate: 0.1640
Epoch 123/125
2019/2019 - 8s - 4ms/step - accuracy: 0.9539 - loss: 0.1635 - learning_rate: 0.1260
Epoch 124/125
2019/2019 - 7s - 4ms/step - accuracy: 0.9552 - loss: 0.1440 - learning_rate: 0.0880
Epoch 125/125
2019/2019 - 7s - 3ms/step - accuracy: 0.9510 - loss: 0.1713 - learning_rate: 0.0500
[final] ran 125 epochs in 1102s (8.82 s/ep), final loss 0.17130, acc 0.9510
saved models\dig-class11_r1cs7_s2.keras
Static-shape rebuild verified (max delta 0.00e+00)
Saved artifact at 'C:\Users\josep\AppData\Local\Temp\tmpqi0rbc7q'. The following endpoints are available:

* Endpoint 'serve'
  args_0 (POSITIONAL_ONLY): TensorSpec(shape=(1, 32, 20, 3), dtype=tf.float32, name='keras_tensor_24')
Output Type:
  TensorSpec(shape=(1, 11), dtype=tf.float32, name=None)
Captures:
  1892629413328: TensorSpec(shape=(), dtype=tf.resource, name=None)
  1892629411792: TensorSpec(shape=(), dtype=tf.resource, name=None)
  1892629413712: TensorSpec(shape=(), dtype=tf.resource, name=None)
  1892629413136: TensorSpec(shape=(), dtype=tf.resource, name=None)
  1892629412176: TensorSpec(shape=(), dtype=tf.resource, name=None)
  1892629412560: TensorSpec(shape=(), dtype=tf.resource, name=None)
  1892629413520: TensorSpec(shape=(), dtype=tf.resource, name=None)
  1892629412752: TensorSpec(shape=(), dtype=tf.resource, name=None)
  1892629412368: TensorSpec(shape=(), dtype=tf.resource, name=None)
  1892630708304: TensorSpec(shape=(), dtype=tf.resource, name=None)
  1892630708880: TensorSpec(shape=(), dtype=tf.resource, name=None)
  1892630710992: TensorSpec(shape=(), dtype=tf.resource, name=None)
  1892630709840: TensorSpec(shape=(), dtype=tf.resource, name=None)
  1892630709072: TensorSpec(shape=(), dtype=tf.resource, name=None)
  representative dataset: 256 distinct images (256 user + 0 upstream)
Saved artifact at 'C:\Users\josep\AppData\Local\Temp\tmpkqmrsvtw'. The following endpoints are available:

* Endpoint 'serve'
  args_0 (POSITIONAL_ONLY): TensorSpec(shape=(1, 32, 20, 3), dtype=tf.float32, name='keras_tensor_24')
Output Type:
  TensorSpec(shape=(1, 11), dtype=tf.float32, name=None)
Captures:
  1892629413328: TensorSpec(shape=(), dtype=tf.resource, name=None)
  1892629411792: TensorSpec(shape=(), dtype=tf.resource, name=None)
  1892629413712: TensorSpec(shape=(), dtype=tf.resource, name=None)
  1892629413136: TensorSpec(shape=(), dtype=tf.resource, name=None)
  1892629412176: TensorSpec(shape=(), dtype=tf.resource, name=None)
  1892629412560: TensorSpec(shape=(), dtype=tf.resource, name=None)
  1892629413520: TensorSpec(shape=(), dtype=tf.resource, name=None)
  1892629412752: TensorSpec(shape=(), dtype=tf.resource, name=None)
  1892629412368: TensorSpec(shape=(), dtype=tf.resource, name=None)
  1892630708304: TensorSpec(shape=(), dtype=tf.resource, name=None)
  1892630708880: TensorSpec(shape=(), dtype=tf.resource, name=None)
  1892630710992: TensorSpec(shape=(), dtype=tf.resource, name=None)
  1892630709840: TensorSpec(shape=(), dtype=tf.resource, name=None)
  1892630709072: TensorSpec(shape=(), dtype=tf.resource, name=None)
C:\Users\josep\AppData\Local\Programs\Python\Python312\Lib\site-packages\tensorflow\lite\python\convert.py:846: UserWarning: Statistics for quantized inputs were expected, but not specified; continuing anyway.
  warnings.warn(
fully_quantize: 0, inference_type: 6, input_inference_type: FLOAT32, output_inference_type: FLOAT32
Saved artifact at 'C:\Users\josep\AppData\Local\Temp\tmpp3kxjes0'. The following endpoints are available:

* Endpoint 'serve'
  args_0 (POSITIONAL_ONLY): TensorSpec(shape=(1, 32, 20, 3), dtype=tf.float32, name='keras_tensor_24')
Output Type:
  TensorSpec(shape=(1, 11), dtype=tf.float32, name=None)
Captures:
  1892629413328: TensorSpec(shape=(), dtype=tf.resource, name=None)
  1892629411792: TensorSpec(shape=(), dtype=tf.resource, name=None)
  1892629413712: TensorSpec(shape=(), dtype=tf.resource, name=None)
  1892629413136: TensorSpec(shape=(), dtype=tf.resource, name=None)
  1892629412176: TensorSpec(shape=(), dtype=tf.resource, name=None)
  1892629412560: TensorSpec(shape=(), dtype=tf.resource, name=None)
  1892629413520: TensorSpec(shape=(), dtype=tf.resource, name=None)
  1892629412752: TensorSpec(shape=(), dtype=tf.resource, name=None)
  1892629412368: TensorSpec(shape=(), dtype=tf.resource, name=None)
  1892630708304: TensorSpec(shape=(), dtype=tf.resource, name=None)
  1892630708880: TensorSpec(shape=(), dtype=tf.resource, name=None)
  1892630710992: TensorSpec(shape=(), dtype=tf.resource, name=None)
  1892630709840: TensorSpec(shape=(), dtype=tf.resource, name=None)
  1892630709072: TensorSpec(shape=(), dtype=tf.resource, name=None)
C:\Users\josep\AppData\Local\Programs\Python\Python312\Lib\site-packages\tensorflow\lite\python\convert.py:846: UserWarning: Statistics for quantized inputs were expected, but not specified; continuing anyway.
  warnings.warn(
fully_quantize: 0, inference_type: 6, input_inference_type: FLOAT32, output_inference_type: FLOAT32
exported models\dig-class11_r1cs7_s2.tflite  (349 KB)
exported models\dig-class11_r1cs7_s2_q.tflite  (95 KB)
exported models\dig-class11_r1cs7_s2_qpt.tflite  (93 KB)
